
> [ERROR] /G:/ws-spring-ai/urbot/src/main/java/org/legendstack/basebot/api/P
ersonaController.java:[191,56] cannot find symbol
    symbol:   method getName()
    location: variable t of type com.embabel.agent.api.tool.Tool
> [ERROR] /G:/ws-spring-ai/urbot/src/main/java/org/legendstack/basebot/api/P
ersonaController.java:[192,58] cannot find symbol
    symbol:   method getName()
    location: variable t of type com.embabel.agent.api.tool.Tool
> [ERROR] /G:/ws-spring-ai/urbot/src/main/java/org/legendstack/basebot/api/P
ersonaController.java:[193,65] cannot find symbol
    symbol:   method getDescription()
    location: variable t of type com.embabel.agent.api.tool.Tool
  [INFO] 4 errors 
  [INFO] -------------------------------------------------------------
  [INFO] 
------------------------------------------------------------------------
> [ERROR] /G:/ws-spring-ai/urbot/src/main/java/org/legendstack/basebot/api/P
ersonaController.java:[191,56] cannot find symbol
  [ERROR]   symbol:   method getName()
  [ERROR]   location: variable t of type com.embabel.agent.api.tool.Tool
> [ERROR] /G:/ws-spring-ai/urbot/src/main/java/org/legendstack/basebot/api/P
ersonaController.java:[192,58] cannot find symbol
  [ERROR]   symbol:   method getName()
  [ERROR]   location: variable t of type com.embabel.agent.api.tool.Tool
> [ERROR] /G:/ws-spring-ai/urbot/src/main/java/org/legendstack/basebot/api/P
ersonaController.java:[193,65] cannot find symbol
  [ERROR]   symbol:   method getDescription()
  [ERROR]   location: variable t of type com.embabel.agent.api.tool.Tool
  [ERROR] -> [Help 1]
  [ERROR] 
  [ERROR] To see the full stack trace of the errors, re-run Maven with the 
-e switch.


