[INFO] Scanning for projects...
[INFO] 
[INFO] ------------------------< com.embabel:botforge >------------------------
[INFO] Building botforge 0.1.0-SNAPSHOT
[INFO]   from pom.xml
[INFO] --------------------------------[ jar ]---------------------------------
[INFO] 
[INFO] --- resources:3.3.1:resources (default-resources) @ botforge ---
[INFO] Copying 2 resources from src\main\resources to target\classes
[INFO] Copying 18 resources from src\main\resources to target\classes
[INFO] 
[INFO] --- compiler:3.14.1:compile (default-compile) @ botforge ---
[INFO] Nothing to compile - all classes are up to date.
[INFO] 
[INFO] --- resources:3.3.1:testResources (default-testResources) @ botforge ---
[INFO] Copying 3 resources from src\test\resources to target\test-classes
[INFO] 
[INFO] --- compiler:3.14.1:testCompile (default-testCompile) @ botforge ---
[INFO] Nothing to compile - all classes are up to date.
[INFO] 
[INFO] --- surefire:3.5.4:test (default-test) @ botforge ---
[INFO] Using auto detected provider org.apache.maven.surefire.junitplatform.JUnitPlatformProvider
[INFO] 
[INFO] -------------------------------------------------------
[INFO]  T E S T S
[INFO] -------------------------------------------------------
[INFO] Running org.legendstack.basebot.ChatActionsIntegrationTest
mvn : WARNING: A restricted method in 
java.lang.System has been called
At line:1 char:1
+ mvn test 
-Dtest=ChatActionsIntegrationTest > 
test_output.txt 2>&1; Ge ...
+ ~~~~~~~~~~~~~~~~~~~~~~~~~~~~~~~~~~~~~~~~
~~~~~~~~~~~~~~~~~~~~~~~~~
    + CategoryInfo          : NotSpecifie 
   d: (WARNING: A rest...has been called  
  :String) [], RemoteException
    + FullyQualifiedErrorId : NativeComma 
   ndError
 
WARNING: java.lang.System::load has been 
called by com.sun.jna.Native in an 
unnamed module (file:/C:/Users/Nandu-Nihar
/.m2/repository/net/java/dev/jna/jna/5.16.
0/jna-5.16.0.jar)
WARNING: Use 
--enable-native-access=ALL-UNNAMED to 
avoid a warning for callers in this module
WARNING: Restricted methods will be 
blocked in a future release unless native 
access is enabled

Active Console Code Page: 65001
Active Console Code Page: 65001
Active Console Code Page: 65001
Active Console Code Page: 65001
? No suitable Unicode fonts found
   ___  ___    _______ .___  ___. .______        ___      .______    _______  __         ___  ___
  /  / /  /   |   ____||   \/   | |   _  \      /   \     |   _  \  |   ____||  |        \  \ \  \
 /  / /  /    |  |__   |  \  /  | |  |_)  |    /  ^  \    |  |_)  | |  |__   |  |         \  \ \  \
<  < <  <     |   __|  |  |\/|  | |   _  <    /  /_\  \   |   _  <  |   __|  |  |          >  > >  >
 \  \ \  \    |  |____ |  |  |  | |  |_)  |  /  _____  \  |  |_)  | |  |____ |  `----.    /  / /  /
  \__\ \__\   |_______||__|  |__| |______/  /__/     \__\ |______/  |_______||_______|   /__/ /__/

Powered by Spring Boot 3.5.10
18:24:39.048 [main] INFO  ChatActionsIntegrationTest - Starting ChatActionsIntegrationTest using Java 25.0.1 with PID 23232 (started by Nandu-Nihar in G:\ws-spring-ai\urbot)
18:24:39.053 [main] INFO  ChatActionsIntegrationTest - No active profile set, falling back to 1 default profile: "default"
18:24:40.388 [main] INFO  RepositoryConfigurationDelegate - Multiple Spring Data modules found, entering strict repository configuration mode
18:24:40.389 [main] INFO  RepositoryConfigurationDelegate - Bootstrapping Spring Data JPA repositories in DEFAULT mode.
18:24:40.541 [main] INFO  RepositoryConfigurationDelegate - Finished Spring Data repository scanning in 139 ms. Found 3 JPA repository interfaces.
18:24:40.784 [main] INFO  OnMcpConnectionCondition - MCP connection condition NOT matched for [google-maps-mcp, docker-mcp]
18:24:40.786 [main] INFO  OnMcpConnectionCondition - MCP connection condition NOT matched for [puppeteer-mcp, docker-mcp]
18:24:40.787 [main] INFO  OnMcpConnectionCondition - MCP connection condition NOT matched for [github-mcp, docker-mcp]
18:24:41.141 [main] INFO  RepositoryConfigurationDelegate - Multiple Spring Data modules found, entering strict repository configuration mode
18:24:41.142 [main] INFO  RepositoryConfigurationDelegate - Bootstrapping Spring Data Neo4j repositories in DEFAULT mode.
18:24:41.159 [main] INFO  RepositoryConfigurationExtensionSupport - Spring Data Neo4j - Could not safely identify store assignment for repository candidate interface org.legendstack.basebot.api.CustomPersonaRepository; If you want this repository to be a Neo4j repository, consider annotating your entities with one of these annotations: org.springframework.data.neo4j.core.schema.Node, org.springframework.data.neo4j.core.schema.RelationshipProperties (preferred), or consider extending one of the following types with your repository: org.springframework.data.neo4j.repository.ReactiveNeo4jRepository
18:24:41.159 [main] INFO  RepositoryConfigurationExtensionSupport - Spring Data Neo4j - Could not safely identify store assignment for repository candidate interface org.legendstack.basebot.conversation.ChatMessageRepository; If you want this repository to be a Neo4j repository, consider annotating your entities with one of these annotations: org.springframework.data.neo4j.core.schema.Node, org.springframework.data.neo4j.core.schema.RelationshipProperties (preferred), or consider extending one of the following types with your repository: org.springframework.data.neo4j.repository.ReactiveNeo4jRepository
18:24:41.159 [main] INFO  RepositoryConfigurationExtensionSupport - Spring Data Neo4j - Could not safely identify store assignment for repository candidate interface org.legendstack.basebot.conversation.ConversationRepository; If you want this repository to be a Neo4j repository, consider annotating your entities with one of these annotations: org.springframework.data.neo4j.core.schema.Node, org.springframework.data.neo4j.core.schema.RelationshipProperties (preferred), or consider extending one of the following types with your repository: org.springframework.data.neo4j.repository.ReactiveNeo4jRepository
18:24:41.159 [main] INFO  RepositoryConfigurationDelegate - Finished Spring Data repository scanning in 13 ms. Found 0 Neo4j repository interfaces.
18:24:41.166 [main] INFO  RepositoryConfigurationDelegate - Multiple Spring Data modules found, entering strict repository configuration mode
18:24:41.166 [main] INFO  RepositoryConfigurationDelegate - Bootstrapping Spring Data Neo4j repositories in DEFAULT mode.
18:24:41.176 [main] INFO  RepositoryConfigurationExtensionSupport - Spring Data Neo4j - Could not safely identify store assignment for repository candidate interface org.legendstack.basebot.api.CustomPersonaRepository; If you want this repository to be a Neo4j repository, consider annotating your entities with one of these annotations: org.springframework.data.neo4j.core.schema.Node, org.springframework.data.neo4j.core.schema.RelationshipProperties (preferred), or consider extending one of the following types with your repository: org.springframework.data.neo4j.repository.Neo4jRepository
18:24:41.177 [main] INFO  RepositoryConfigurationExtensionSupport - Spring Data Neo4j - Could not safely identify store assignment for repository candidate interface org.legendstack.basebot.conversation.ChatMessageRepository; If you want this repository to be a Neo4j repository, consider annotating your entities with one of these annotations: org.springframework.data.neo4j.core.schema.Node, org.springframework.data.neo4j.core.schema.RelationshipProperties (preferred), or consider extending one of the following types with your repository: org.springframework.data.neo4j.repository.Neo4jRepository
18:24:41.177 [main] INFO  RepositoryConfigurationExtensionSupport - Spring Data Neo4j - Could not safely identify store assignment for repository candidate interface org.legendstack.basebot.conversation.ConversationRepository; If you want this repository to be a Neo4j repository, consider annotating your entities with one of these annotations: org.springframework.data.neo4j.core.schema.Node, org.springframework.data.neo4j.core.schema.RelationshipProperties (preferred), or consider extending one of the following types with your repository: org.springframework.data.neo4j.repository.Neo4jRepository
18:24:41.177 [main] INFO  RepositoryConfigurationDelegate - Finished Spring Data repository scanning in 9 ms. Found 0 Neo4j repository interfaces.
Mockito is currently self-attaching to 
enable the inline-mock-maker. This will 
no longer work in future releases of the 
JDK. Please add Mockito as an agent to 
your build as described in Mockito's 
documentation: https://javadoc.io/doc/org.
mockito/mockito-core/latest/org.mockito/or
g/mockito/Mockito.html#0.3
WARNING: A Java agent has been loaded 
dynamically (C:\Users\Nandu-Nihar\.m2\repo
sitory\net\bytebuddy\byte-buddy-agent\1.17
.8\byte-buddy-agent-1.17.8.jar)
WARNING: If a serviceability tool is in 
use, please run with 
-XX:+EnableDynamicAgentLoading to hide 
this warning
WARNING: If a serviceability tool is not 
in use, please run with 
-Djdk.instrument.traceUsage for more 
information
WARNING: Dynamic loading of agents will 
be disallowed by default in a future 
release
OpenJDK 64-Bit Server VM warning: Sharing 
is only supported for boot loader classes 
because bootstrap classpath has been 
appended
18:24:44.397 [boundedElastic-1] INFO  StdioClientTransport - MCP server starting.
18:24:44.431 [boundedElastic-1] INFO  StdioClientTransport - MCP server started
18:24:45.844 [pool-3-thread-1] INFO  LifecycleInitializer - Server response with Protocol: 2024-11-05, Capabilities: ServerCapabilities[completions=null, experimental=null, logging=LoggingCapabilities[], prompts=null, resources=null, tools=ToolCapabilities[listChanged=true]], Info: Implementation[name=brave-search-mcp-server, title=Brave Search MCP Server, version=2.0.72] and Instructions Use this server to search the Web for various types of data via the Brave Search API.
18:24:45.879 [main] INFO  ToolGroupsConfiguration - MCP is available. Found 1 clients: Implementation[name=brave-search-mcp-server, title=Brave Search MCP Server, version=2.0.72]
18:24:46.204 [main] INFO  RegistryToolGroupResolver - RegistryToolGroupResolver: name='SpringBeansToolGroupResolver', 2 available tool groups:
	  role:math, artifact:com.embabel.agent.tools.math.MathTools, version:0.1.0, provider:embabel - Math tools: use when you need to perform calculations -   math
  role:web, artifact:docker-web, version:0.1.0, provider:Docker - Tools for web search and scraping -   brave_image_search, brave_news_search, brave_summarizer, brave_video_search, brave_web_search
18:24:46.205 [main] INFO  AgentPlatformConfiguration - Creating default ToolDecorator with toolGroupResolver: RegistryToolGroupResolver(name='SpringBeansToolGroupResolver', 2 tool groups), observationRegistry: org.springframework.beans.factory.support.DefaultListableBeanFactory$DependencyObjectProvider@11c68269
18:24:46.321 [main] INFO  ToolLoopFactoryConfiguration - ToolLoop configured with type: DEFAULT
18:24:46.322 [main] INFO  ToolLoopFactoryConfiguration - Creating ToolLoopFactory with type: DEFAULT, using injected Asyncer
18:24:46.346 [main] INFO  ChatClientLlmOperations - Current LLM settings: maxAttempts=10, fixedBackoffMillis=30ms, timeout=60s
18:24:46.464 [main] WARN  AnnotationConfigApplicationContext - Exception encountered during context initialization - cancelling refresh attempt: org.springframework.beans.factory.UnsatisfiedDependencyException: Error creating bean with name 'authController' defined in file [G:\ws-spring-ai\urbot\target\classes\org\legendstack\basebot\api\AuthController.class]: Unsatisfied dependency expressed through constructor parameter 0: Error creating bean with name 'userService' defined in class path resource [org/legendstack/basebot/TestSecurityConfiguration.class]: Unsatisfied dependency expressed through method 'userService' parameter 0: Error creating bean with name 'namedEntityDataRepository' defined in class path resource [org/legendstack/basebot/proposition/PropositionConfiguration.class]: Unsatisfied dependency expressed through method 'namedEntityDataRepository' parameter 3: Error creating bean with name 'compositeSchema' defined in class path resource [org/legendstack/basebot/proposition/PropositionConfiguration.class]: Unsatisfied dependency expressed through method 'compositeSchema' parameter 0: Error creating bean with name 'dataDictionary' defined in class path resource [org/legendstack/basebot/proposition/PropositionConfiguration.class]: Failed to instantiate [com.embabel.agent.core.DataDictionary]: Factory method 'dataDictionary' threw exception with message: Cannot invoke "org.legendstack.basebot.proposition.PropositionExtractionProperties.entityPackages()" because the return value of "org.legendstack.basebot.BotForgeProperties.memory()" is null



============================
CONDITIONS EVALUATION REPORT
============================


Positive matches:
-----------------

   AgentPlatformConfiguration#defaultColor
Palette matched:
      - @ConditionalOnMissingBean (types: 
com.embabel.agent.spi.logging.ColorPalette
; SearchStrategy: all) did not find any 
beans (OnBeanCondition)

   
AgentPlatformConfiguration#defaultLogger 
matched:
      - @ConditionalOnMissingBean (types: 
com.embabel.agent.spi.logging.LoggingAgent
icEventListener; SearchStrategy: all) did 
not find any beans (OnBeanCondition)

   AgentPlatformConfiguration#embabelJacks
onObjectMapper matched:
      - @ConditionalOnMissingBean (names: 
embabelJacksonObjectMapper; 
SearchStrategy: all) did not find any 
beans (OnBeanCondition)

   AopAutoConfiguration matched:
      - @ConditionalOnBooleanProperty 
(spring.aop.auto=true) matched 
(OnPropertyCondition)

   AopAutoConfiguration.AspectJAutoProxyin
gConfiguration matched:
      - @ConditionalOnClass found 
required class 
'org.aspectj.weaver.Advice' 
(OnClassCondition)

   AopAutoConfiguration.AspectJAutoProxyin
gConfiguration.CglibAutoProxyConfiguration
 matched:
      - @ConditionalOnBooleanProperty 
(spring.aop.proxy-target-class=true) 
matched (OnPropertyCondition)

   ApplicationAvailabilityAutoConfiguratio
n#applicationAvailability matched:
      - @ConditionalOnMissingBean (types: 
org.springframework.boot.availability.Appl
icationAvailability; SearchStrategy: all) 
did not find any beans (OnBeanCondition)

   CacheMeterBinderProvidersConfiguration 
matched:
      - @ConditionalOnClass found 
required class 'io.micrometer.core.instrum
ent.binder.MeterBinder' (OnClassCondition)

   CacheMeterBinderProvidersConfiguration.
RedisCacheMeterBinderProviderConfiguration
 matched:
      - @ConditionalOnClass found 
required class 'org.springframework.data.r
edis.cache.RedisCache' (OnClassCondition)

   ChatClientAutoConfiguration matched:
      - @ConditionalOnClass found 
required class 'org.springframework.ai.cha
t.client.ChatClient' (OnClassCondition)
      - @ConditionalOnProperty 
(spring.ai.chat.client.enabled=true) 
matched (OnPropertyCondition)

   ChatClientAutoConfiguration#chatClientB
uilder matched:
      - @ConditionalOnMissingBean (types: 
org.springframework.ai.chat.client.ChatCli
ent$Builder; SearchStrategy: all) did not 
find any beans (OnBeanCondition)

   ChatClientAutoConfiguration#chatClientB
uilderConfigurer matched:
      - @ConditionalOnMissingBean (types: 
org.springframework.ai.model.chat.client.a
utoconfigure.ChatClientBuilderConfigurer; 
SearchStrategy: all) did not find any 
beans (OnBeanCondition)

   ChatClientAutoConfiguration.TracerNotPr
esentObservationConfiguration matched:
      - @ConditionalOnMissingClass did 
not find unwanted class 
'io.micrometer.tracing.Tracer' 
(OnClassCondition)

   ChatObservationAutoConfiguration 
matched:
      - @ConditionalOnClass found 
required class 'org.springframework.ai.cha
t.model.ChatModel' (OnClassCondition)

   ChatObservationAutoConfiguration#chatMo
delMeterObservationHandler matched:
      - @ConditionalOnBean (types: io.micr
ometer.core.instrument.MeterRegistry; 
SearchStrategy: all) found bean 
'simpleMeterRegistry'; 
@ConditionalOnMissingBean (types: org.spri
ngframework.ai.chat.observation.ChatModelM
eterObservationHandler; SearchStrategy: 
all) did not find any beans 
(OnBeanCondition)

   ChatObservationAutoConfiguration.Tracer
NotPresentObservationConfiguration 
matched:
      - @ConditionalOnMissingClass did 
not find unwanted class 
'io.micrometer.tracing.Tracer' 
(OnClassCondition)

   org.springframework.boot.autoconfigure.
http.client.reactive.ClientHttpConnectorAu
toConfiguration matched:
      - @ConditionalOnClass found 
required classes 'org.springframework.http
.client.reactive.ClientHttpConnector', 
'reactor.core.publisher.Mono' 
(OnClassCondition)
      - Detected 
ClientHttpConnectorBuilder (ConditionalOnC
lientHttpConnectorBuilderDetection)

   org.springframework.boot.autoconfigure.
web.reactive.function.client.ClientHttpCon
nectorAutoConfiguration matched:
      - @ConditionalOnClass found 
required class 'org.springframework.web.re
active.function.client.WebClient' 
(OnClassCondition)

   ClientHttpConnectorAutoConfiguration#cl
ientHttpConnector matched:
      - @ConditionalOnMissingBean (types: 
org.springframework.http.client.reactive.C
lientHttpConnector; SearchStrategy: all) 
did not find any beans (OnBeanCondition)

   ClientHttpConnectorAutoConfiguration#cl
ientHttpConnectorBuilder matched:
      - @ConditionalOnMissingBean (types: 
org.springframework.boot.http.client.react
ive.ClientHttpConnectorBuilder<?>; 
SearchStrategy: all) did not find any 
beans (OnBeanCondition)

   ClientHttpConnectorAutoConfiguration#cl
ientHttpConnectorSettings matched:
      - @ConditionalOnMissingBean (types: 
org.springframework.boot.http.client.react
ive.ClientHttpConnectorSettings; 
SearchStrategy: all) did not find any 
beans (OnBeanCondition)

   org.springframework.boot.autoconfigure.
http.client.reactive.ClientHttpConnectorAu
toConfiguration$ReactorNetty matched:
      - @ConditionalOnClass found 
required class 
'reactor.netty.http.client.HttpClient' 
(OnClassCondition)

   org.springframework.boot.autoconfigure.
web.reactive.function.client.ClientHttpCon
nectorAutoConfiguration$ReactorNetty 
matched:
      - @ConditionalOnClass found 
required class 
'reactor.netty.http.client.HttpClient' 
(OnClassCondition)

   CodecsAutoConfiguration matched:
      - @ConditionalOnClass found 
required classes 'org.springframework.http
.codec.CodecConfigurer', 'org.springframew
ork.web.reactive.function.client.WebClient
' (OnClassCondition)

   CodecsAutoConfiguration.JacksonCodecCon
figuration matched:
      - @ConditionalOnClass found 
required class 'com.fasterxml.jackson.data
bind.ObjectMapper' (OnClassCondition)

   CodecsAutoConfiguration.JacksonCodecCon
figuration#jacksonCodecCustomizer matched:
      - @ConditionalOnBean (types: com.fas
terxml.jackson.databind.ObjectMapper; 
SearchStrategy: all) found bean 
'jacksonObjectMapper' (OnBeanCondition)

   
CompositeMeterRegistryAutoConfiguration 
matched:
      - @ConditionalOnClass found 
required class 'io.micrometer.core.instrum
ent.composite.CompositeMeterRegistry' 
(OnClassCondition)

   DataSourceTransactionManagerAutoConfigu
ration matched:
      - @ConditionalOnClass found 
required classes 'javax.sql.DataSource', '
org.springframework.jdbc.core.JdbcTemplate
', 'org.springframework.transaction.Transa
ctionManager' (OnClassCondition)

   DiskSpaceHealthContributorAutoConfigura
tion matched:
      - 
@ConditionalOnEnabledHealthIndicator 
management.health.defaults.enabled is 
considered true 
(OnEnabledHealthIndicatorCondition)

   DiskSpaceHealthContributorAutoConfigura
tion#diskSpaceHealthIndicator matched:
      - @ConditionalOnMissingBean (names: 
diskSpaceHealthIndicator; SearchStrategy: 
all) did not find any beans 
(OnBeanCondition)

   EndpointAutoConfiguration#endpointCachi
ngOperationInvokerAdvisor matched:
      - @ConditionalOnMissingBean (types: 
org.springframework.boot.actuate.endpoint.
invoker.cache.CachingOperationInvokerAdvis
or; SearchStrategy: all) did not find any 
beans (OnBeanCondition)

   EndpointAutoConfiguration#endpointOpera
tionParameterMapper matched:
      - @ConditionalOnMissingBean (types: 
org.springframework.boot.actuate.endpoint.
invoke.ParameterValueMapper; 
SearchStrategy: all) did not find any 
beans (OnBeanCondition)

   EndpointAutoConfiguration#propertiesEnd
pointAccessResolver matched:
      - @ConditionalOnMissingBean (types: 
org.springframework.boot.actuate.endpoint.
EndpointAccessResolver; SearchStrategy: 
all) did not find any beans 
(OnBeanCondition)

   GenericCacheConfiguration matched:
      - Cache org.springframework.boot.aut
oconfigure.cache.GenericCacheConfiguration
 automatic cache type (CacheCondition)

   GsonAutoConfiguration matched:
      - @ConditionalOnClass found 
required class 'com.google.gson.Gson' 
(OnClassCondition)

   GsonAutoConfiguration#gson matched:
      - @ConditionalOnMissingBean (types: 
com.google.gson.Gson; SearchStrategy: 
all) did not find any beans 
(OnBeanCondition)

   GsonAutoConfiguration#gsonBuilder 
matched:
      - @ConditionalOnMissingBean (types: 
com.google.gson.GsonBuilder; 
SearchStrategy: all) did not find any 
beans (OnBeanCondition)

   GsonHttpMessageConvertersConfiguration 
matched:
      - @ConditionalOnClass found 
required class 'com.google.gson.Gson' 
(OnClassCondition)

   HealthContributorAutoConfiguration#ping
HealthContributor matched:
      - 
@ConditionalOnEnabledHealthIndicator 
management.health.defaults.enabled is 
considered true 
(OnEnabledHealthIndicatorCondition)

   HealthEndpointAutoConfiguration 
matched:
      - @ConditionalOnAvailableEndpoint 
marked as exposed by a 
'management.endpoints.web.exposure' 
property (OnAvailableEndpointCondition)

   HealthEndpointConfiguration#healthContr
ibutorRegistry matched:
      - @ConditionalOnMissingBean (types: 
org.springframework.boot.actuate.health.He
althContributorRegistry; SearchStrategy: 
all) did not find any beans 
(OnBeanCondition)

   HealthEndpointConfiguration#healthEndpo
int matched:
      - @ConditionalOnMissingBean (types: 
org.springframework.boot.actuate.health.He
althEndpoint; SearchStrategy: all) did 
not find any beans (OnBeanCondition)

   HealthEndpointConfiguration#healthEndpo
intGroupMembershipValidator matched:
      - @ConditionalOnBooleanProperty (man
agement.endpoint.health.validate-group-mem
bership=true) matched 
(OnPropertyCondition)

   HealthEndpointConfiguration#healthEndpo
intGroups matched:
      - @ConditionalOnMissingBean (types: 
org.springframework.boot.actuate.health.He
althEndpointGroups; SearchStrategy: all) 
did not find any beans (OnBeanCondition)

   HealthEndpointConfiguration#healthHttpC
odeStatusMapper matched:
      - @ConditionalOnMissingBean (types: 
org.springframework.boot.actuate.health.Ht
tpCodeStatusMapper; SearchStrategy: all) 
did not find any beans (OnBeanCondition)

   HealthEndpointConfiguration#healthStatu
sAggregator matched:
      - @ConditionalOnMissingBean (types: 
org.springframework.boot.actuate.health.St
atusAggregator; SearchStrategy: all) did 
not find any beans (OnBeanCondition)

   HttpClientAutoConfiguration matched:
      - @ConditionalOnClass found 
required class 'org.springframework.http.c
lient.ClientHttpRequestFactory' 
(OnClassCondition)
      - NoneNestedConditions 0 matched 1 
did not; NestedCondition on NotReactiveWeb
ApplicationCondition.ReactiveWebApplicatio
n not a reactive web application 
(NotReactiveWebApplicationCondition)

   HttpClientAutoConfiguration#clientHttpR
equestFactoryBuilder matched:
      - @ConditionalOnMissingBean (types: 
org.springframework.boot.http.client.Clien
tHttpRequestFactoryBuilder<?>; 
SearchStrategy: all) did not find any 
beans (OnBeanCondition)

   HttpClientAutoConfiguration#clientHttpR
equestFactorySettings matched:
      - @ConditionalOnMissingBean (types: 
org.springframework.boot.http.client.Clien
tHttpRequestFactorySettings; 
SearchStrategy: all) did not find any 
beans (OnBeanCondition)

   
HttpClientObservationsAutoConfiguration 
matched:
      - @ConditionalOnClass found 
required class 
'io.micrometer.observation.Observation' 
(OnClassCondition)
      - @ConditionalOnBean (types: io.micr
ometer.observation.ObservationRegistry; 
SearchStrategy: all) found bean 
'observationRegistry' (OnBeanCondition)

   HttpClientObservationsAutoConfiguration
.MeterFilterConfiguration matched:
      - @ConditionalOnClass found 
required class 'io.micrometer.core.instrum
ent.MeterRegistry' (OnClassCondition)
      - @ConditionalOnBean (types: io.micr
ometer.core.instrument.MeterRegistry; 
SearchStrategy: all) found bean 
'simpleMeterRegistry' (OnBeanCondition)

   HttpMessageConvertersAutoConfiguration 
matched:
      - @ConditionalOnClass found 
required class 'org.springframework.http.c
onverter.HttpMessageConverter' 
(OnClassCondition)
      - NoneNestedConditions 0 matched 1 
did not; NestedCondition on HttpMessageCon
vertersAutoConfiguration.NotReactiveWebApp
licationCondition.ReactiveWebApplication 
not a reactive web application (HttpMessag
eConvertersAutoConfiguration.NotReactiveWe
bApplicationCondition)

   HttpMessageConvertersAutoConfiguration#
messageConverters matched:
      - @ConditionalOnMissingBean (types: 
org.springframework.boot.autoconfigure.htt
p.HttpMessageConverters; SearchStrategy: 
all) did not find any beans 
(OnBeanCondition)

   HttpMessageConvertersAutoConfiguration.
StringHttpMessageConverterConfiguration 
matched:
      - @ConditionalOnClass found 
required class 'org.springframework.http.c
onverter.StringHttpMessageConverter' 
(OnClassCondition)

   HttpMessageConvertersAutoConfiguration.
StringHttpMessageConverterConfiguration#st
ringHttpMessageConverter matched:
      - @ConditionalOnMissingBean (types: 
org.springframework.http.converter.StringH
ttpMessageConverter; SearchStrategy: all) 
did not find any beans (OnBeanCondition)

   InfoContributorAutoConfiguration#gitInf
oContributor matched:
      - 
@ConditionalOnEnabledInfoContributor 
management.info.defaults.enabled is 
considered true 
(OnEnabledInfoContributorCondition)
      - @ConditionalOnSingleCandidate 
(types: org.springframework.boot.info.GitP
roperties; SearchStrategy: all) found a 
single bean 'gitProperties'; 
@ConditionalOnMissingBean (types: org.spri
ngframework.boot.actuate.info.GitInfoContr
ibutor; SearchStrategy: all) did not find 
any beans (OnBeanCondition)

   JacksonAutoConfiguration matched:
      - @ConditionalOnClass found 
required class 'com.fasterxml.jackson.data
bind.ObjectMapper' (OnClassCondition)

   JacksonAutoConfiguration.Jackson2Object
MapperBuilderCustomizerConfiguration 
matched:
      - @ConditionalOnClass found 
required class 'org.springframework.http.c
onverter.json.Jackson2ObjectMapperBuilder'
 (OnClassCondition)

   JacksonAutoConfiguration.JacksonObjectM
apperBuilderConfiguration matched:
      - @ConditionalOnClass found 
required class 'org.springframework.http.c
onverter.json.Jackson2ObjectMapperBuilder'
 (OnClassCondition)

   JacksonAutoConfiguration.JacksonObjectM
apperBuilderConfiguration#jacksonObjectMap
perBuilder matched:
      - @ConditionalOnMissingBean (types: 
org.springframework.http.converter.json.Ja
ckson2ObjectMapperBuilder; 
SearchStrategy: all) did not find any 
beans (OnBeanCondition)

   JacksonAutoConfiguration.JacksonObjectM
apperConfiguration matched:
      - @ConditionalOnClass found 
required class 'org.springframework.http.c
onverter.json.Jackson2ObjectMapperBuilder'
 (OnClassCondition)

   JacksonAutoConfiguration.JacksonObjectM
apperConfiguration#jacksonObjectMapper 
matched:
      - @ConditionalOnMissingBean (types: 
com.fasterxml.jackson.databind.ObjectMappe
r; SearchStrategy: all) did not find any 
beans (OnBeanCondition)

   JacksonAutoConfiguration.ParameterNames
ModuleConfiguration matched:
      - @ConditionalOnClass found 
required class 'com.fasterxml.jackson.modu
le.paramnames.ParameterNamesModule' 
(OnClassCondition)

   JacksonAutoConfiguration.ParameterNames
ModuleConfiguration#parameterNamesModule 
matched:
      - @ConditionalOnMissingBean (types: 
com.fasterxml.jackson.module.paramnames.Pa
rameterNamesModule; SearchStrategy: all) 
did not find any beans (OnBeanCondition)

   JacksonEndpointAutoConfiguration 
matched:
      - @ConditionalOnClass found 
required classes 'com.fasterxml.jackson.da
tabind.ObjectMapper', 'org.springframework
.http.converter.json.Jackson2ObjectMapperB
uilder' (OnClassCondition)

   JacksonEndpointAutoConfiguration#endpoi
ntObjectMapper matched:
      - @ConditionalOnBooleanProperty (man
agement.endpoints.jackson.isolated-object-
mapper=true) matched (OnPropertyCondition)

   JacksonHttpMessageConvertersConfigurati
on.MappingJackson2HttpMessageConverterConf
iguration matched:
      - @ConditionalOnClass found 
required class 'com.fasterxml.jackson.data
bind.ObjectMapper' (OnClassCondition)
      - @ConditionalOnPreferredJsonMapper 
JACKSON no property was configured and 
Jackson is the default 
(OnPreferredJsonMapperCondition)
      - @ConditionalOnBean (types: com.fas
terxml.jackson.databind.ObjectMapper; 
SearchStrategy: all) found beans 
'jacksonObjectMapper', 
'embabelJacksonObjectMapper' 
(OnBeanCondition)

   JacksonHttpMessageConvertersConfigurati
on.MappingJackson2HttpMessageConverterConf
iguration#mappingJackson2HttpMessageConver
ter matched:
      - @ConditionalOnMissingBean (types: 
org.springframework.http.converter.json.Ma
ppingJackson2HttpMessageConverter 
ignored: org.springframework.hateoas.serve
r.mvc.TypeConstrainedMappingJackson2HttpMe
ssageConverter,org.springframework.data.re
st.webmvc.alps.AlpsJsonHttpMessageConverte
r; SearchStrategy: all) did not find any 
beans (OnBeanCondition)

   JtaAutoConfiguration matched:
      - @ConditionalOnClass found 
required class 
'jakarta.transaction.Transaction' 
(OnClassCondition)
      - @ConditionalOnBooleanProperty 
(spring.jta.enabled=true) matched 
(OnPropertyCondition)

   JvmMetricsAutoConfiguration matched:
      - @ConditionalOnClass found 
required class 'io.micrometer.core.instrum
ent.MeterRegistry' (OnClassCondition)
      - @ConditionalOnBean (types: io.micr
ometer.core.instrument.MeterRegistry; 
SearchStrategy: all) found bean 
'simpleMeterRegistry' (OnBeanCondition)

   JvmMetricsAutoConfiguration#classLoader
Metrics matched:
      - @ConditionalOnMissingBean (types: 
io.micrometer.core.instrument.binder.jvm.C
lassLoaderMetrics; SearchStrategy: all) 
did not find any beans (OnBeanCondition)

   JvmMetricsAutoConfiguration#jvmCompilat
ionMetrics matched:
      - @ConditionalOnMissingBean (types: 
io.micrometer.core.instrument.binder.jvm.J
vmCompilationMetrics; SearchStrategy: 
all) did not find any beans 
(OnBeanCondition)

   
JvmMetricsAutoConfiguration#jvmGcMetrics 
matched:
      - @ConditionalOnMissingBean (types: 
io.micrometer.core.instrument.binder.jvm.J
vmGcMetrics; SearchStrategy: all) did not 
find any beans (OnBeanCondition)

   JvmMetricsAutoConfiguration#jvmHeapPres
sureMetrics matched:
      - @ConditionalOnMissingBean (types: 
io.micrometer.core.instrument.binder.jvm.J
vmHeapPressureMetrics; SearchStrategy: 
all) did not find any beans 
(OnBeanCondition)

   JvmMetricsAutoConfiguration#jvmInfoMetr
ics matched:
      - @ConditionalOnMissingBean (types: 
io.micrometer.core.instrument.binder.jvm.J
vmInfoMetrics; SearchStrategy: all) did 
not find any beans (OnBeanCondition)

   JvmMetricsAutoConfiguration#jvmMemoryMe
trics matched:
      - @ConditionalOnMissingBean (types: 
io.micrometer.core.instrument.binder.jvm.J
vmMemoryMetrics; SearchStrategy: all) did 
not find any beans (OnBeanCondition)

   JvmMetricsAutoConfiguration#jvmThreadMe
trics matched:
      - @ConditionalOnMissingBean (types: 
io.micrometer.core.instrument.binder.jvm.J
vmThreadMetrics; SearchStrategy: all) did 
not find any beans (OnBeanCondition)

   LettuceMetricsAutoConfiguration 
matched:
      - @ConditionalOnClass found 
required classes 
'io.lettuce.core.RedisClient', 'io.lettuce
.core.metrics.MicrometerCommandLatencyReco
rder' (OnClassCondition)
      - @ConditionalOnBean (types: io.micr
ometer.core.instrument.MeterRegistry; 
SearchStrategy: all) found bean 
'simpleMeterRegistry' (OnBeanCondition)

   LettuceMetricsAutoConfiguration#microme
terOptions matched:
      - @ConditionalOnMissingBean (types: 
io.lettuce.core.metrics.MicrometerOptions;
 SearchStrategy: all) did not find any 
beans (OnBeanCondition)

   LifecycleAutoConfiguration#defaultLifec
ycleProcessor matched:
      - @ConditionalOnMissingBean (names: 
lifecycleProcessor; SearchStrategy: 
current) did not find any beans 
(OnBeanCondition)

   LogbackMetricsAutoConfiguration 
matched:
      - @ConditionalOnClass found 
required classes 'io.micrometer.core.instr
ument.MeterRegistry', 
'ch.qos.logback.classic.LoggerContext', 
'org.slf4j.LoggerFactory' 
(OnClassCondition)
      - LogbackLoggingCondition 
ILoggerFactory is a Logback LoggerContext 
(LogbackMetricsAutoConfiguration.LogbackLo
ggingCondition)
      - @ConditionalOnBean (types: io.micr
ometer.core.instrument.MeterRegistry; 
SearchStrategy: all) found bean 
'simpleMeterRegistry' (OnBeanCondition)

   LogbackMetricsAutoConfiguration#logback
Metrics matched:
      - @ConditionalOnMissingBean (types: 
io.micrometer.core.instrument.binder.loggi
ng.LogbackMetrics; SearchStrategy: all) 
did not find any beans (OnBeanCondition)

   McpClientAnnotationScannerAutoConfigura
tion matched:
      - @ConditionalOnClass found 
required class 'org.springaicommunity.mcp.
annotation.McpLogging' (OnClassCondition)
      - @ConditionalOnProperty (spring.ai.
mcp.client.annotation-scanner.enabled=true
) matched (OnPropertyCondition)

   McpClientAnnotationScannerAutoConfigura
tion#clientMcpSyncHandlersRegistry 
matched:
      - @ConditionalOnProperty 
(spring.ai.mcp.client.type=SYNC) matched 
(OnPropertyCondition)
      - @ConditionalOnMissingBean (types: 
org.springframework.ai.mcp.annotation.spri
ng.ClientMcpSyncHandlersRegistry; 
SearchStrategy: all) did not find any 
beans (OnBeanCondition)

   McpClientAutoConfiguration#makeSyncClie
ntsClosable matched:
      - @ConditionalOnProperty 
(spring.ai.mcp.client.type=SYNC) matched 
(OnPropertyCondition)

   McpClientAutoConfiguration#mcpSyncClien
tConfigurer matched:
      - @ConditionalOnProperty 
(spring.ai.mcp.client.type=SYNC) matched 
(OnPropertyCondition)
      - @ConditionalOnMissingBean (types: 
org.springframework.ai.mcp.client.common.a
utoconfigure.configurer.McpSyncClientConfi
gurer; SearchStrategy: all) did not find 
any beans (OnBeanCondition)

   McpClientAutoConfiguration#mcpSyncToolC
hangeEventEmmiter matched:
      - @ConditionalOnProperty 
(spring.ai.mcp.client.type=SYNC) matched 
(OnPropertyCondition)

   McpToolCallbackAutoConfiguration 
matched:
      - AllNestedConditions 2 matched 0 
did not; NestedCondition on McpToolCallbac
kAutoConfiguration.McpToolCallbackAutoConf
igurationCondition.ToolCallbackProviderEna
bled @ConditionalOnProperty (spring.ai.mcp
.client.toolcallback.enabled=true) 
matched; NestedCondition on McpToolCallbac
kAutoConfiguration.McpToolCallbackAutoConf
igurationCondition.McpAutoConfigEnabled 
@ConditionalOnProperty 
(spring.ai.mcp.client.enabled=true) 
matched (McpToolCallbackAutoConfiguration.
McpToolCallbackAutoConfigurationCondition)

   McpToolCallbackAutoConfiguration#defaul
tMcpToolNamePrefixGenerator matched:
      - @ConditionalOnMissingBean (types: 
org.springframework.ai.mcp.McpToolNamePref
ixGenerator; SearchStrategy: all) did not 
find any beans (OnBeanCondition)

   McpToolCallbackAutoConfiguration#mcpToo
lCallbacks matched:
      - @ConditionalOnProperty 
(spring.ai.mcp.client.type=SYNC) matched 
(OnPropertyCondition)

   MetricsAutoConfiguration matched:
      - @ConditionalOnClass found 
required class 
'io.micrometer.core.annotation.Timed' 
(OnClassCondition)

   
MetricsAutoConfiguration#micrometerClock 
matched:
      - @ConditionalOnMissingBean (types: 
io.micrometer.core.instrument.Clock; 
SearchStrategy: all) did not find any 
beans (OnBeanCondition)

   Neo4jReactiveRepositoriesAutoConfigurat
ion matched:
      - @ConditionalOnClass found 
required classes 
'org.neo4j.driver.Driver', 'org.springfram
ework.data.neo4j.repository.ReactiveNeo4jR
epository', 'reactor.core.publisher.Flux' 
(OnClassCondition)
      - @ConditionalOnRepositoryType 
configured type of 'AUTO' matched 
required type (OnRepositoryTypeCondition)
      - @ConditionalOnMissingBean (types: 
org.springframework.data.neo4j.repository.
support.ReactiveNeo4jRepositoryFactoryBean
,org.springframework.data.neo4j.repository
.config.ReactiveNeo4jRepositoryConfigurati
onExtension; SearchStrategy: all) did not 
find any beans (OnBeanCondition)

   Neo4jRepositoriesAutoConfiguration 
matched:
      - @ConditionalOnClass found 
required classes 
'org.neo4j.driver.Driver', 'org.springfram
ework.data.neo4j.repository.Neo4jRepositor
y' (OnClassCondition)
      - @ConditionalOnRepositoryType 
configured type of 'AUTO' matched 
required type (OnRepositoryTypeCondition)
      - @ConditionalOnMissingBean (types: 
org.springframework.data.neo4j.repository.
support.Neo4jRepositoryFactoryBean,org.spr
ingframework.data.neo4j.repository.config.
Neo4jRepositoryConfigurationExtension; 
SearchStrategy: all) did not find any 
beans (OnBeanCondition)

   NettyAutoConfiguration matched:
      - @ConditionalOnClass found 
required class 
'io.netty.util.NettyRuntime' 
(OnClassCondition)

   NettyClientAutoConfiguration#reactorCli
entHttpRequestFactory matched:
      - @ConditionalOnProperty (embabel.ag
ent.platform.http-client.use-reactor-netty
=true) matched (OnPropertyCondition)

   NoOpCacheConfiguration matched:
      - Cache org.springframework.boot.aut
oconfigure.cache.NoOpCacheConfiguration 
automatic cache type (CacheCondition)

   ObservationAutoConfiguration matched:
      - @ConditionalOnClass found 
required class 'io.micrometer.observation.
ObservationRegistry' (OnClassCondition)

   ObservationAutoConfiguration#observatio
nRegistry matched:
      - @ConditionalOnMissingBean (types: 
io.micrometer.observation.ObservationRegis
try; SearchStrategy: all) did not find 
any beans (OnBeanCondition)

   ObservationAutoConfiguration.MeterObser
vationHandlerConfiguration matched:
      - @ConditionalOnBean (types: io.micr
ometer.core.instrument.MeterRegistry; 
SearchStrategy: all) found bean 
'simpleMeterRegistry'; 
@ConditionalOnMissingBean (types: io.micro
meter.core.instrument.observation.MeterObs
ervationHandler; SearchStrategy: all) did 
not find any beans (OnBeanCondition)

   ObservationAutoConfiguration.MeterObser
vationHandlerConfiguration.OnlyMetricsMete
rObservationHandlerConfiguration matched:
      - @ConditionalOnMissingBean (types: 
io.micrometer.tracing.Tracer; 
SearchStrategy: all) did not find any 
beans (OnBeanCondition)

   ObservationAutoConfiguration.OnlyMetric
sConfiguration matched:
      - @ConditionalOnClass found 
required class 'io.micrometer.core.instrum
ent.MeterRegistry'; 
@ConditionalOnMissingClass did not find 
unwanted class 
'io.micrometer.tracing.Tracer' 
(OnClassCondition)

   PersistenceExceptionTranslationAutoConf
iguration matched:
      - @ConditionalOnClass found 
required class 'org.springframework.dao.an
notation.PersistenceExceptionTranslationPo
stProcessor' (OnClassCondition)

   PersistenceExceptionTranslationAutoConf
iguration#persistenceExceptionTranslationP
ostProcessor matched:
      - @ConditionalOnBooleanProperty (spr
ing.dao.exceptiontranslation.enabled=true)
 matched (OnPropertyCondition)
      - @ConditionalOnMissingBean (types: 
org.springframework.dao.annotation.Persist
enceExceptionTranslationPostProcessor; 
SearchStrategy: all) did not find any 
beans (OnBeanCondition)

   ProjectInfoAutoConfiguration#gitPropert
ies matched:
      - GitResource found git info at 
classpath:git.properties (ProjectInfoAutoC
onfiguration.GitResourceAvailableCondition
)
      - @ConditionalOnMissingBean (types: 
org.springframework.boot.info.GitPropertie
s; SearchStrategy: all) did not find any 
beans (OnBeanCondition)

   PropertyPlaceholderAutoConfiguration#pr
opertySourcesPlaceholderConfigurer 
matched:
      - @ConditionalOnMissingBean (types: 
org.springframework.context.support.Proper
tySourcesPlaceholderConfigurer; 
SearchStrategy: current) did not find any 
beans (OnBeanCondition)

   QuiteMcpClientAutoConfiguration 
matched:
      - @ConditionalOnClass found 
required class 
'io.modelcontextprotocol.spec.McpSchema' 
(OnClassCondition)
      - @ConditionalOnProperty 
(spring.ai.mcp.client.enabled=true) 
matched (OnPropertyCondition)

   QuiteMcpClientAutoConfiguration#mcpSync
Clients matched:
      - @ConditionalOnProperty 
(spring.ai.mcp.client.type=SYNC) matched 
(OnPropertyCondition)

   ReactiveHealthEndpointConfiguration 
matched:
      - @ConditionalOnClass found 
required class 
'reactor.core.publisher.Flux' 
(OnClassCondition)
      - @ConditionalOnBean (types: org.spr
ingframework.boot.actuate.health.HealthEnd
point; SearchStrategy: all) found bean 
'healthEndpoint' (OnBeanCondition)

   ReactiveHealthEndpointConfiguration#rea
ctiveHealthContributorRegistry matched:
      - @ConditionalOnMissingBean (types: 
org.springframework.boot.actuate.health.Re
activeHealthContributorRegistry; 
SearchStrategy: all) did not find any 
beans (OnBeanCondition)

   ReactiveSecurityAutoConfiguration 
matched:
      - @ConditionalOnClass found 
required classes 
'reactor.core.publisher.Flux', 'org.spring
framework.security.config.annotation.web.r
eactive.EnableWebFluxSecurity', 'org.sprin
gframework.security.web.server.WebFilterCh
ainProxy', 'org.springframework.web.reacti
ve.config.WebFluxConfigurer' 
(OnClassCondition)

   ReactorAutoConfiguration matched:
      - @ConditionalOnClass found 
required class 
'reactor.core.publisher.Hooks' 
(OnClassCondition)

   ReactorNettyConfigurations.ReactorResou
rceFactoryConfiguration#reactorResourceFac
tory matched:
      - @ConditionalOnMissingBean (types: 
org.springframework.http.client.ReactorRes
ourceFactory; SearchStrategy: all) did 
not find any beans (OnBeanCondition)

   RedisCacheConfiguration matched:
      - @ConditionalOnClass found 
required class 'org.springframework.data.r
edis.connection.RedisConnectionFactory' 
(OnClassCondition)
      - Cache org.springframework.boot.aut
oconfigure.cache.RedisCacheConfiguration 
automatic cache type (CacheCondition)

   RedisReactiveAutoConfiguration matched:
      - @ConditionalOnClass found 
required classes 'org.springframework.data
.redis.connection.ReactiveRedisConnectionF
actory', 'org.springframework.data.redis.c
ore.ReactiveRedisTemplate', 
'reactor.core.publisher.Flux' 
(OnClassCondition)

   RepositoryMetricsAutoConfiguration 
matched:
      - @ConditionalOnClass found 
required class 'org.springframework.data.r
epository.Repository' (OnClassCondition)
      - @ConditionalOnBean (types: io.micr
ometer.core.instrument.MeterRegistry; 
SearchStrategy: all) found bean 
'simpleMeterRegistry' (OnBeanCondition)

   RepositoryMetricsAutoConfiguration#metr
icsRepositoryMethodInvocationListener 
matched:
      - @ConditionalOnMissingBean (types: 
org.springframework.boot.actuate.metrics.d
ata.MetricsRepositoryMethodInvocationListe
ner; SearchStrategy: all) did not find 
any beans (OnBeanCondition)

   RepositoryMetricsAutoConfiguration#repo
sitoryTagsProvider matched:
      - @ConditionalOnMissingBean (types: 
org.springframework.boot.actuate.metrics.d
ata.RepositoryTagsProvider; 
SearchStrategy: all) did not find any 
beans (OnBeanCondition)

   RestClientAutoConfiguration matched:
      - @ConditionalOnClass found 
required class 'org.springframework.web.cl
ient.RestClient' (OnClassCondition)
      - AnyNestedCondition 2 matched 0 
did not; NestedCondition on NotReactiveWeb
ApplicationOrVirtualThreadsExecutorEnabled
Condition.VirtualThreadsExecutorEnabled 
found matching nested conditions 
@ConditionalOnThreading found VIRTUAL, 
@ConditionalOnBean (names: 
applicationTaskExecutor; SearchStrategy: 
all) found bean 
'applicationTaskExecutor'; 
NestedCondition on NotReactiveWebApplicati
onOrVirtualThreadsExecutorEnabledCondition
.NotReactiveWebApplication 
NoneNestedConditions 0 matched 1 did not; 
NestedCondition on NotReactiveWebApplicati
onCondition.ReactiveWebApplication not a 
reactive web application (NotReactiveWebAp
plicationOrVirtualThreadsExecutorEnabledCo
ndition)

   RestClientAutoConfiguration#httpMessage
ConvertersRestClientCustomizer matched:
      - @ConditionalOnMissingBean (types: 
org.springframework.boot.autoconfigure.web
.client.HttpMessageConvertersRestClientCus
tomizer; SearchStrategy: all) did not 
find any beans (OnBeanCondition)

   RestClientAutoConfiguration#restClientB
uilder matched:
      - @ConditionalOnMissingBean (types: 
org.springframework.web.client.RestClient$
Builder; SearchStrategy: all) did not 
find any beans (OnBeanCondition)

   RestClientAutoConfiguration#restClientB
uilderConfigurer matched:
      - @ConditionalOnMissingBean (types: 
org.springframework.boot.autoconfigure.web
.client.RestClientBuilderConfigurer; 
SearchStrategy: all) did not find any 
beans (OnBeanCondition)

   
RestClientAutoConfiguration#restClientSsl 
matched:
      - @ConditionalOnBean (types: 
org.springframework.boot.ssl.SslBundles; 
SearchStrategy: all) found bean 
'sslBundleRegistry'; 
@ConditionalOnMissingBean (types: org.spri
ngframework.boot.autoconfigure.web.client.
RestClientSsl; SearchStrategy: all) did 
not find any beans (OnBeanCondition)

   RestClientObservationConfiguration 
matched:
      - @ConditionalOnClass found 
required class 'org.springframework.web.cl
ient.RestClient' (OnClassCondition)
      - @ConditionalOnBean (types: org.spr
ingframework.web.client.RestClient$Builder
; SearchStrategy: all) found bean 
'restClientBuilder' (OnBeanCondition)

   RestTemplateAutoConfiguration matched:
      - @ConditionalOnClass found 
required class 'org.springframework.web.cl
ient.RestTemplate' (OnClassCondition)
      - NoneNestedConditions 0 matched 1 
did not; NestedCondition on NotReactiveWeb
ApplicationCondition.ReactiveWebApplicatio
n not a reactive web application 
(NotReactiveWebApplicationCondition)

   RestTemplateAutoConfiguration#restTempl
ateBuilder matched:
      - @ConditionalOnMissingBean (types: 
org.springframework.boot.web.client.RestTe
mplateBuilder; SearchStrategy: all) did 
not find any beans (OnBeanCondition)

   RestTemplateObservationConfiguration 
matched:
      - @ConditionalOnClass found 
required class 'org.springframework.web.cl
ient.RestTemplate' (OnClassCondition)
      - @ConditionalOnBean (types: org.spr
ingframework.boot.web.client.RestTemplateB
uilder; SearchStrategy: all) found bean 
'restTemplateBuilder' (OnBeanCondition)

   ScheduledTasksObservabilityAutoConfigur
ation matched:
      - @ConditionalOnClass found 
required class 'org.springframework.schedu
ling.concurrent.ThreadPoolTaskScheduler' 
(OnClassCondition)
      - @ConditionalOnBean (types: io.micr
ometer.observation.ObservationRegistry; 
SearchStrategy: all) found bean 
'observationRegistry' (OnBeanCondition)

   SecurityAutoConfiguration matched:
      - @ConditionalOnClass found 
required class 'org.springframework.securi
ty.authentication.DefaultAuthenticationEve
ntPublisher' (OnClassCondition)

   SecurityAutoConfiguration#authenticatio
nEventPublisher matched:
      - @ConditionalOnMissingBean (types: 
org.springframework.security.authenticatio
n.AuthenticationEventPublisher; 
SearchStrategy: all) did not find any 
beans (OnBeanCondition)

   SimpleCacheConfiguration matched:
      - Cache org.springframework.boot.aut
oconfigure.cache.SimpleCacheConfiguration 
automatic cache type (CacheCondition)

   SimpleMetricsExportAutoConfiguration 
matched:
      - 
@ConditionalOnEnabledMetricsExport 
management.simple.metrics.export.enabled 
is true (OnMetricsExportEnabledCondition)
      - @ConditionalOnBean (types: 
io.micrometer.core.instrument.Clock; 
SearchStrategy: all) found bean 
'micrometerClock'; 
@ConditionalOnMissingBean (types: io.micro
meter.core.instrument.MeterRegistry; 
SearchStrategy: all) did not find any 
beans (OnBeanCondition)

   SimpleMetricsExportAutoConfiguration#si
mpleConfig matched:
      - @ConditionalOnMissingBean (types: 
io.micrometer.core.instrument.simple.Simpl
eConfig; SearchStrategy: all) did not 
find any beans (OnBeanCondition)

   SqlInitializationAutoConfiguration 
matched:
      - @ConditionalOnBooleanProperty 
(spring.sql.init.enabled=true) matched 
(OnPropertyCondition)
      - NoneNestedConditions 0 matched 1 
did not; NestedCondition on SqlInitializat
ionAutoConfiguration.SqlInitializationMode
Condition.ModeIsNever 
@ConditionalOnProperty 
(spring.sql.init.mode=never) did not find 
property 'spring.sql.init.mode' (SqlInitia
lizationAutoConfiguration.SqlInitializatio
nModeCondition)

   
SseHttpClientTransportAutoConfiguration 
matched:
      - @ConditionalOnClass found 
required classes 
'io.modelcontextprotocol.spec.McpSchema', 
'io.modelcontextprotocol.client.McpSyncCli
ent' (OnClassCondition)
      - @ConditionalOnProperty 
(spring.ai.mcp.client.enabled=true) 
matched (OnPropertyCondition)

   SslAutoConfiguration#sslBundleRegistry 
matched:
      - @ConditionalOnMissingBean (types: 
org.springframework.boot.ssl.SslBundleRegi
stry,org.springframework.boot.ssl.SslBundl
es; SearchStrategy: all) did not find any 
beans (OnBeanCondition)

   SslHealthContributorAutoConfiguration 
matched:
      - 
@ConditionalOnEnabledHealthIndicator 
management.health.defaults.enabled is 
considered true 
(OnEnabledHealthIndicatorCondition)

   SslHealthContributorAutoConfiguration#s
slHealthIndicator matched:
      - @ConditionalOnMissingBean (names: 
sslHealthIndicator; SearchStrategy: all) 
did not find any beans (OnBeanCondition)

   SslHealthContributorAutoConfiguration#s
slInfo matched:
      - @ConditionalOnMissingBean (types: 
org.springframework.boot.info.SslInfo; 
SearchStrategy: all) did not find any 
beans (OnBeanCondition)

   SslObservabilityAutoConfiguration 
matched:
      - @ConditionalOnClass found 
required class 'io.micrometer.core.instrum
ent.MeterRegistry' (OnClassCondition)
      - @ConditionalOnBean (types: io.micr
ometer.core.instrument.MeterRegistry,org.s
pringframework.boot.ssl.SslBundles; 
SearchStrategy: all) found beans 
'sslBundleRegistry', 
'simpleMeterRegistry' (OnBeanCondition)

   StartupTimeMetricsListenerAutoConfigura
tion matched:
      - @ConditionalOnClass found 
required class 'io.micrometer.core.instrum
ent.MeterRegistry' (OnClassCondition)
      - @ConditionalOnBean (types: io.micr
ometer.core.instrument.MeterRegistry; 
SearchStrategy: all) found bean 
'simpleMeterRegistry' (OnBeanCondition)

   StartupTimeMetricsListenerAutoConfigura
tion#startupTimeMetrics matched:
      - @ConditionalOnMissingBean (types: 
org.springframework.boot.actuate.metrics.s
tartup.StartupTimeMetricsListener; 
SearchStrategy: all) did not find any 
beans (OnBeanCondition)

   StdioTransportAutoConfiguration 
matched:
      - @ConditionalOnClass found 
required class 
'io.modelcontextprotocol.spec.McpSchema' 
(OnClassCondition)
      - @ConditionalOnProperty 
(spring.ai.mcp.client.enabled=true) 
matched (OnPropertyCondition)

   StreamableHttpHttpClientTransportAutoCo
nfiguration matched:
      - @ConditionalOnClass found 
required classes 
'io.modelcontextprotocol.spec.McpSchema', 
'io.modelcontextprotocol.client.McpSyncCli
ent' (OnClassCondition)
      - @ConditionalOnProperty 
(spring.ai.mcp.client.enabled=true) 
matched (OnPropertyCondition)

   SystemMetricsAutoConfiguration matched:
      - @ConditionalOnClass found 
required class 'io.micrometer.core.instrum
ent.MeterRegistry' (OnClassCondition)
      - @ConditionalOnBean (types: io.micr
ometer.core.instrument.MeterRegistry; 
SearchStrategy: all) found bean 
'simpleMeterRegistry' (OnBeanCondition)

   SystemMetricsAutoConfiguration#diskSpac
eMetrics matched:
      - @ConditionalOnMissingBean (types: 
org.springframework.boot.actuate.metrics.s
ystem.DiskSpaceMetricsBinder; 
SearchStrategy: all) did not find any 
beans (OnBeanCondition)

   SystemMetricsAutoConfiguration#fileDesc
riptorMetrics matched:
      - @ConditionalOnMissingBean (types: 
io.micrometer.core.instrument.binder.syste
m.FileDescriptorMetrics; SearchStrategy: 
all) did not find any beans 
(OnBeanCondition)

   SystemMetricsAutoConfiguration#processo
rMetrics matched:
      - @ConditionalOnMissingBean (types: 
io.micrometer.core.instrument.binder.syste
m.ProcessorMetrics; SearchStrategy: all) 
did not find any beans (OnBeanCondition)

   SystemMetricsAutoConfiguration#uptimeMe
trics matched:
      - @ConditionalOnMissingBean (types: 
io.micrometer.core.instrument.binder.syste
m.UptimeMetrics; SearchStrategy: all) did 
not find any beans (OnBeanCondition)

   TaskExecutionAutoConfiguration matched:
      - @ConditionalOnClass found 
required class 'org.springframework.schedu
ling.concurrent.ThreadPoolTaskExecutor' 
(OnClassCondition)

   TaskExecutorConfigurations.AsyncConfigu
rerConfiguration matched:
      - @ConditionalOnMissingBean (types: 
org.springframework.scheduling.annotation.
AsyncConfigurer; SearchStrategy: all) did 
not find any beans (OnBeanCondition)

   TaskExecutorConfigurations.AsyncConfigu
rerConfiguration#applicationTaskExecutorAs
yncConfigurer matched:
      - @ConditionalOnMissingBean (types: 
org.springframework.scheduling.annotation.
AsyncConfigurer; SearchStrategy: all) did 
not find any beans (OnBeanCondition)

   TaskExecutorConfigurations.SimpleAsyncT
askExecutorBuilderConfiguration#simpleAsyn
cTaskExecutorBuilderVirtualThreads 
matched:
      - @ConditionalOnMissingBean (types: 
org.springframework.boot.task.SimpleAsyncT
askExecutorBuilder; SearchStrategy: all) 
did not find any beans (OnBeanCondition)
      - @ConditionalOnThreading found 
VIRTUAL (OnThreadingCondition)

   TaskExecutorConfigurations.TaskExecutor
Configuration matched:
      - AnyNestedCondition 1 matched 1 
did not; NestedCondition on TaskExecutorCo
nfigurations.OnExecutorCondition.ModelCond
ition @ConditionalOnProperty 
(spring.task.execution.mode=force) did 
not find property 
'spring.task.execution.mode'; 
NestedCondition on TaskExecutorConfigurati
ons.OnExecutorCondition.ExecutorBeanCondit
ion @ConditionalOnMissingBean (types: 
java.util.concurrent.Executor; 
SearchStrategy: all) did not find any 
beans (TaskExecutorConfigurations.OnExecut
orCondition)

   TaskExecutorConfigurations.TaskExecutor
Configuration#applicationTaskExecutorVirtu
alThreads matched:
      - @ConditionalOnThreading found 
VIRTUAL (OnThreadingCondition)

   TaskExecutorConfigurations.ThreadPoolTa
skExecutorBuilderConfiguration#threadPoolT
askExecutorBuilder matched:
      - @ConditionalOnMissingBean (types: 
org.springframework.boot.task.ThreadPoolTa
skExecutorBuilder; SearchStrategy: all) 
did not find any beans (OnBeanCondition)

   TaskExecutorMetricsAutoConfiguration 
matched:
      - @ConditionalOnClass found 
required class 'io.micrometer.core.instrum
ent.binder.jvm.ExecutorServiceMetrics' 
(OnClassCondition)
      - @ConditionalOnBean (types: java.ut
il.concurrent.Executor,io.micrometer.core.
instrument.MeterRegistry; SearchStrategy: 
all) found beans 
'applicationTaskExecutor', 
'simpleMeterRegistry' (OnBeanCondition)

   TaskSchedulingAutoConfiguration 
matched:
      - @ConditionalOnClass found 
required class 'org.springframework.schedu
ling.concurrent.ThreadPoolTaskScheduler' 
(OnClassCondition)

   TaskSchedulingConfigurations.SimpleAsyn
cTaskSchedulerBuilderConfiguration#simpleA
syncTaskSchedulerBuilderVirtualThreads 
matched:
      - @ConditionalOnMissingBean (types: 
org.springframework.boot.task.SimpleAsyncT
askSchedulerBuilder; SearchStrategy: all) 
did not find any beans (OnBeanCondition)
      - @ConditionalOnThreading found 
VIRTUAL (OnThreadingCondition)

   TaskSchedulingConfigurations.ThreadPool
TaskSchedulerBuilderConfiguration#threadPo
olTaskSchedulerBuilder matched:
      - @ConditionalOnMissingBean (types: 
org.springframework.boot.task.ThreadPoolTa
skSchedulerBuilder; SearchStrategy: all) 
did not find any beans (OnBeanCondition)

   ToolGroupsConfiguration matched:
      - @ConditionalOnClass found 
required class 'io.modelcontextprotocol.cl
ient.McpSyncClient' (OnClassCondition)

   TransactionAutoConfiguration matched:
      - @ConditionalOnClass found 
required class 'org.springframework.transa
ction.PlatformTransactionManager' 
(OnClassCondition)

   TransactionAutoConfiguration.EnableTran
sactionManagementConfiguration matched:
      - @ConditionalOnBean (types: org.spr
ingframework.transaction.TransactionManage
r; SearchStrategy: all) found bean 
'transactionManager'; 
@ConditionalOnMissingBean (types: org.spri
ngframework.transaction.annotation.Abstrac
tTransactionManagementConfiguration; 
SearchStrategy: all) did not find any 
beans (OnBeanCondition)

   TransactionAutoConfiguration.EnableTran
sactionManagementConfiguration.CglibAutoPr
oxyConfiguration matched:
      - @ConditionalOnBooleanProperty 
(spring.aop.proxy-target-class=true) 
matched (OnPropertyCondition)

   TransactionAutoConfiguration.Transactio
nTemplateConfiguration matched:
      - @ConditionalOnSingleCandidate 
(types: org.springframework.transaction.Pl
atformTransactionManager; SearchStrategy: 
all) found a single bean 
'transactionManager' (OnBeanCondition)

   TransactionAutoConfiguration.Transactio
nTemplateConfiguration#transactionTemplate
 matched:
      - @ConditionalOnMissingBean (types: 
org.springframework.transaction.support.Tr
ansactionOperations; SearchStrategy: all) 
did not find any beans (OnBeanCondition)

   TransactionManagerCustomizationAutoConf
iguration matched:
      - @ConditionalOnClass found 
required class 'org.springframework.transa
ction.PlatformTransactionManager' 
(OnClassCondition)

   TransactionManagerCustomizationAutoConf
iguration#platformTransactionManagerCustom
izers matched:
      - @ConditionalOnMissingBean (types: 
org.springframework.boot.autoconfigure.tra
nsaction.TransactionManagerCustomizers; 
SearchStrategy: all) did not find any 
beans (OnBeanCondition)

   ValidationAutoConfiguration matched:
      - @ConditionalOnClass found 
required class 'jakarta.validation.executa
ble.ExecutableValidator' 
(OnClassCondition)
      - @ConditionalOnResource found 
location classpath:META-INF/services/jakar
ta.validation.spi.ValidationProvider 
(OnResourceCondition)

   ValidationAutoConfiguration#defaultVali
dator matched:
      - @ConditionalOnMissingBean (types: 
jakarta.validation.Validator; 
SearchStrategy: all) did not find any 
beans (OnBeanCondition)

   ValidationAutoConfiguration#methodValid
ationPostProcessor matched:
      - @ConditionalOnMissingBean (types: 
org.springframework.validation.beanvalidat
ion.MethodValidationPostProcessor; 
SearchStrategy: current) did not find any 
beans (OnBeanCondition)

   WebClientAutoConfiguration matched:
      - @ConditionalOnClass found 
required class 'org.springframework.web.re
active.function.client.WebClient' 
(OnClassCondition)

   WebClientAutoConfiguration#webClientBui
lder matched:
      - @ConditionalOnMissingBean (types: 
org.springframework.web.reactive.function.
client.WebClient$Builder; SearchStrategy: 
all) did not find any beans 
(OnBeanCondition)

   WebClientAutoConfiguration#webClientHtt
pConnectorCustomizer matched:
      - @ConditionalOnBean (types: org.spr
ingframework.http.client.reactive.ClientHt
tpConnector; SearchStrategy: all) found 
bean 'clientHttpConnector' 
(OnBeanCondition)

   
WebClientAutoConfiguration#webClientSsl 
matched:
      - @ConditionalOnBean (types: 
org.springframework.boot.ssl.SslBundles; 
SearchStrategy: all) found bean 
'sslBundleRegistry'; 
@ConditionalOnMissingBean (types: org.spri
ngframework.boot.autoconfigure.web.reactiv
e.function.client.WebClientSsl; 
SearchStrategy: all) did not find any 
beans (OnBeanCondition)

   WebClientAutoConfiguration.WebClientCod
ecsConfiguration matched:
      - @ConditionalOnBean (types: org.spr
ingframework.boot.web.codec.CodecCustomize
r; SearchStrategy: all) found beans 
'jacksonCodecCustomizer', 
'defaultCodecCustomizer' (OnBeanCondition)

   WebClientAutoConfiguration.WebClientCod
ecsConfiguration#exchangeStrategiesCustomi
zer matched:
      - @ConditionalOnMissingBean (types: 
org.springframework.boot.autoconfigure.web
.reactive.function.client.WebClientCodecCu
stomizer; SearchStrategy: all) did not 
find any beans (OnBeanCondition)

   WebClientObservationConfiguration 
matched:
      - @ConditionalOnClass found 
required class 'org.springframework.web.re
active.function.client.WebClient' 
(OnClassCondition)


Negative matches:
-----------------

   ActiveMQAutoConfiguration:
      Did not match:
         - @ConditionalOnClass did not 
find required class 
'jakarta.jms.ConnectionFactory' 
(OnClassCondition)

   AopAutoConfiguration.AspectJAutoProxyin
gConfiguration.JdkDynamicAutoProxyConfigur
ation:
      Did not match:
         - @ConditionalOnBooleanProperty 
(spring.aop.proxy-target-class=false) did 
not find property 
'spring.aop.proxy-target-class' 
(OnPropertyCondition)

   AopAutoConfiguration.ClassProxyingConfi
guration:
      Did not match:
         - @ConditionalOnMissingClass 
found unwanted class 
'org.aspectj.weaver.Advice' 
(OnClassCondition)

   
AppOpticsMetricsExportAutoConfiguration:
      Did not match:
         - @ConditionalOnClass did not 
find required class 'io.micrometer.appopti
cs.AppOpticsMeterRegistry' 
(OnClassCondition)

   ArtemisAutoConfiguration:
      Did not match:
         - @ConditionalOnClass did not 
find required class 
'jakarta.jms.ConnectionFactory' 
(OnClassCondition)

   AtlasMetricsExportAutoConfiguration:
      Did not match:
         - @ConditionalOnClass did not 
find required class 
'io.micrometer.atlas.AtlasMeterRegistry' 
(OnClassCondition)

   AuditAutoConfiguration:
      Did not match:
         - @ConditionalOnBean (types: org.
springframework.boot.actuate.audit.AuditEv
entRepository; SearchStrategy: all) did 
not find any beans of type org.springframe
work.boot.actuate.audit.AuditEventReposito
ry (OnBeanCondition)
      Matched:
         - @ConditionalOnBooleanProperty 
(management.auditevents.enabled=true) 
matched (OnPropertyCondition)

   AuditAutoConfiguration.AuthenticationAu
ditConfiguration:
      Did not match:
         - Ancestor org.springframework.bo
ot.actuate.autoconfigure.audit.AuditAutoCo
nfiguration did not match (ConditionEvalua
tionReport.AncestorsMatchedCondition)
      Matched:
         - @ConditionalOnClass found 
required class 'org.springframework.securi
ty.authentication.event.AbstractAuthentica
tionEvent' (OnClassCondition)

   AuditAutoConfiguration.AuthorizationAud
itConfiguration:
      Did not match:
         - Ancestor org.springframework.bo
ot.actuate.autoconfigure.audit.AuditAutoCo
nfiguration did not match (ConditionEvalua
tionReport.AncestorsMatchedCondition)
      Matched:
         - @ConditionalOnClass found 
required class 'org.springframework.securi
ty.access.event.AbstractAuthorizationEvent
' (OnClassCondition)

   AuditEventsEndpointAutoConfiguration:
      Did not match:
         - 
@ConditionalOnAvailableEndpoint not 
exposed (OnAvailableEndpointCondition)

   AvailabilityHealthContributorAutoConfig
uration#livenessStateHealthIndicator:
      Did not match:
         - @ConditionalOnBooleanProperty (
management.health.livenessstate.enabled=tr
ue) did not find property 
'management.health.livenessstate.enabled' 
(OnPropertyCondition)

   AvailabilityHealthContributorAutoConfig
uration#readinessStateHealthIndicator:
      Did not match:
         - @ConditionalOnBooleanProperty (
management.health.readinessstate.enabled=t
rue) did not find property 'management.hea
lth.readinessstate.enabled' 
(OnPropertyCondition)

   AvailabilityProbesAutoConfiguration:
      Did not match:
         - Probes availability not 
running on a supported cloud platform (Ava
ilabilityProbesAutoConfiguration.ProbesCon
dition)

   BatchAutoConfiguration:
      Did not match:
         - @ConditionalOnClass did not 
find required class 'org.springframework.b
atch.core.launch.JobLauncher' 
(OnClassCondition)

   BatchObservationAutoConfiguration:
      Did not match:
         - @ConditionalOnClass did not 
find required class 'org.springframework.b
atch.core.configuration.annotation.BatchOb
servabilityBeanPostProcessor' 
(OnClassCondition)

   BeansEndpointAutoConfiguration:
      Did not match:
         - 
@ConditionalOnAvailableEndpoint not 
exposed (OnAvailableEndpointCondition)

   BraveAutoConfiguration:
      Did not match:
         - @ConditionalOnClass did not 
find required class 'brave.Tracer' 
(OnClassCondition)

   Cache2kCacheConfiguration:
      Did not match:
         - @ConditionalOnClass did not 
find required class 
'org.cache2k.Cache2kBuilder' 
(OnClassCondition)

   CacheAutoConfiguration:
      Did not match:
         - @ConditionalOnBean (types: org.
springframework.cache.interceptor.CacheAsp
ectSupport; SearchStrategy: all) did not 
find any beans of type org.springframework
.cache.interceptor.CacheAspectSupport 
(OnBeanCondition)
      Matched:
         - @ConditionalOnClass found 
required class 
'org.springframework.cache.CacheManager' 
(OnClassCondition)

   CacheAutoConfiguration.CacheManagerEnti
tyManagerFactoryDependsOnPostProcessor:
      Did not match:
         - Ancestor org.springframework.bo
ot.autoconfigure.cache.CacheAutoConfigurat
ion did not match (ConditionEvaluationRepo
rt.AncestorsMatchedCondition)
      Matched:
         - @ConditionalOnClass found 
required class 'org.springframework.orm.jp
a.LocalContainerEntityManagerFactoryBean' 
(OnClassCondition)

   CacheMeterBinderProvidersConfiguration.
Cache2kCacheMeterBinderProviderConfigurati
on:
      Did not match:
         - @ConditionalOnClass did not 
find required classes 
'org.cache2k.Cache2kBuilder', 'org.cache2k
.extra.spring.SpringCache2kCache', 'org.ca
che2k.extra.micrometer.Cache2kCacheMetrics
' (OnClassCondition)

   CacheMeterBinderProvidersConfiguration.
CaffeineCacheMeterBinderProviderConfigurat
ion:
      Did not match:
         - @ConditionalOnClass did not 
find required class 'com.github.benmanes.c
affeine.cache.Cache' (OnClassCondition)

   CacheMeterBinderProvidersConfiguration.
HazelcastCacheMeterBinderProviderConfigura
tion:
      Did not match:
         - @ConditionalOnClass did not 
find required classes 'com.hazelcast.sprin
g.cache.HazelcastCache', 
'com.hazelcast.core.Hazelcast' 
(OnClassCondition)

   CacheMeterBinderProvidersConfiguration.
JCacheCacheMeterBinderProviderConfiguratio
n:
      Did not match:
         - @ConditionalOnClass did not 
find required class 
'javax.cache.CacheManager' 
(OnClassCondition)

   CacheMetricsAutoConfiguration:
      Did not match:
         - @ConditionalOnBean (types: 
org.springframework.cache.CacheManager; 
SearchStrategy: all) did not find any 
beans of type 
org.springframework.cache.CacheManager 
(OnBeanCondition)

   CachesEndpointAutoConfiguration:
      Did not match:
         - 
@ConditionalOnAvailableEndpoint not 
exposed (OnAvailableEndpointCondition)
      Matched:
         - @ConditionalOnClass found 
required class 
'org.springframework.cache.CacheManager' 
(OnClassCondition)

   CaffeineCacheConfiguration:
      Did not match:
         - @ConditionalOnClass did not 
find required class 'com.github.benmanes.c
affeine.cache.Caffeine' (OnClassCondition)

   CassandraAutoConfiguration:
      Did not match:
         - @ConditionalOnClass did not 
find required class 'com.datastax.oss.driv
er.api.core.CqlSession' (OnClassCondition)

   CassandraDataAutoConfiguration:
      Did not match:
         - @ConditionalOnClass did not 
find required class 'com.datastax.oss.driv
er.api.core.CqlSession' (OnClassCondition)

   CassandraHealthContributorAutoConfigura
tion:
      Did not match:
         - @ConditionalOnClass did not 
find required class 'com.datastax.oss.driv
er.api.core.CqlSession' (OnClassCondition)

   CassandraReactiveDataAutoConfiguration:
      Did not match:
         - @ConditionalOnClass did not 
find required class 'com.datastax.oss.driv
er.api.core.CqlSession' (OnClassCondition)

   CassandraReactiveHealthContributorAutoC
onfiguration:
      Did not match:
         - @ConditionalOnClass did not 
find required class 'com.datastax.oss.driv
er.api.core.CqlSession' (OnClassCondition)

   CassandraReactiveRepositoriesAutoConfig
uration:
      Did not match:
         - @ConditionalOnClass did not 
find required class 'org.springframework.d
ata.cassandra.ReactiveSession' 
(OnClassCondition)

   CassandraRepositoriesAutoConfiguration:
      Did not match:
         - @ConditionalOnClass did not 
find required class 'com.datastax.oss.driv
er.api.core.CqlSession' (OnClassCondition)

   ChatClientAutoConfiguration.TracerNotPr
esentObservationConfiguration#chatClientCo
mpletionObservationHandler:
      Did not match:
         - @ConditionalOnProperty (spring.
ai.chat.client.observations.log-completion
=true) did not find property 
'log-completion' (OnPropertyCondition)

   ChatClientAutoConfiguration.TracerNotPr
esentObservationConfiguration#chatClientPr
omptContentObservationHandler:
      Did not match:
         - @ConditionalOnProperty (spring.
ai.chat.client.observations.log-prompt=tru
e) did not find property 'log-prompt' 
(OnPropertyCondition)

   ChatClientAutoConfiguration.TracerPrese
ntObservationConfiguration:
      Did not match:
         - @ConditionalOnClass did not 
find required class 
'io.micrometer.tracing.Tracer' 
(OnClassCondition)

   ChatObservationAutoConfiguration.Tracer
NotPresentObservationConfiguration#chatMod
elCompletionObservationHandler:
      Did not match:
         - @ConditionalOnProperty (spring.
ai.chat.observations.log-completion=true) 
did not find property 'log-completion' 
(OnPropertyCondition)

   ChatObservationAutoConfiguration.Tracer
NotPresentObservationConfiguration#chatMod
elPromptContentObservationHandler:
      Did not match:
         - @ConditionalOnProperty (spring.
ai.chat.observations.log-prompt=true) did 
not find property 'log-prompt' 
(OnPropertyCondition)

   ChatObservationAutoConfiguration.Tracer
PresentObservationConfiguration:
      Did not match:
         - @ConditionalOnClass did not 
find required class 
'io.micrometer.tracing.Tracer' 
(OnClassCondition)

   CloudFoundryActuatorAutoConfiguration:
      Did not match:
         - not a servlet web application 
(OnWebApplicationCondition)
      Matched:
         - @ConditionalOnClass found 
required class 'org.springframework.web.se
rvlet.DispatcherServlet' 
(OnClassCondition)

   ColossusColorPalette:
      Did not match:
         - @ConditionalOnProperty (embabel
.agent.logging.personality=colossus) did 
not find property 
'embabel.agent.logging.personality' 
(OnPropertyCondition)

   ColossusLoggingAgenticEventListener:
      Did not match:
         - @ConditionalOnProperty (embabel
.agent.logging.personality=colossus) did 
not find property 
'embabel.agent.logging.personality' 
(OnPropertyCondition)

   CompositeMeterRegistryConfiguration:
      Did not match:
         - NoneNestedConditions 1 matched 
1 did not; NestedCondition on CompositeMet
erRegistryConfiguration.MultipleNonPrimary
MeterRegistriesCondition.SingleInjectableM
eterRegistry 
@ConditionalOnSingleCandidate (types: io.m
icrometer.core.instrument.MeterRegistry; 
SearchStrategy: all) found a single bean 
'simpleMeterRegistry'; NestedCondition on 
CompositeMeterRegistryConfiguration.Multip
leNonPrimaryMeterRegistriesCondition.NoMet
erRegistryCondition 
@ConditionalOnMissingBean (types: io.micro
meter.core.instrument.MeterRegistry; 
SearchStrategy: all) found beans of type '
io.micrometer.core.instrument.MeterRegistr
y' simpleMeterRegistry (CompositeMeterRegi
stryConfiguration.MultipleNonPrimaryMeterR
egistriesCondition)

   
ConditionsReportEndpointAutoConfiguration:
      Did not match:
         - 
@ConditionalOnAvailableEndpoint not 
exposed (OnAvailableEndpointCondition)

   ConfigurationPropertiesReportEndpointAu
toConfiguration:
      Did not match:
         - 
@ConditionalOnAvailableEndpoint not 
exposed (OnAvailableEndpointCondition)

   ConnectionFactoryHealthContributorAutoC
onfiguration:
      Did not match:
         - @ConditionalOnClass did not 
find required class 
'io.r2dbc.spi.ConnectionFactory' 
(OnClassCondition)

   ConnectionPoolMetricsAutoConfiguration:
      Did not match:
         - @ConditionalOnClass did not 
find required class 
'io.r2dbc.pool.ConnectionPool' 
(OnClassCondition)

   CouchbaseAutoConfiguration:
      Did not match:
         - @ConditionalOnClass did not 
find required class 
'com.couchbase.client.java.Cluster' 
(OnClassCondition)

   CouchbaseCacheConfiguration:
      Did not match:
         - @ConditionalOnClass did not 
find required class 
'com.couchbase.client.java.Cluster' 
(OnClassCondition)

   CouchbaseDataAutoConfiguration:
      Did not match:
         - @ConditionalOnClass did not 
find required class 
'com.couchbase.client.java.Bucket' 
(OnClassCondition)

   CouchbaseHealthContributorAutoConfigura
tion:
      Did not match:
         - @ConditionalOnClass did not 
find required class 
'com.couchbase.client.java.Cluster' 
(OnClassCondition)

   CouchbaseReactiveDataAutoConfiguration:
      Did not match:
         - @ConditionalOnClass did not 
find required class 
'com.couchbase.client.java.Cluster' 
(OnClassCondition)

   CouchbaseReactiveHealthContributorAutoC
onfiguration:
      Did not match:
         - @ConditionalOnClass did not 
find required class 
'com.couchbase.client.java.Cluster' 
(OnClassCondition)

   CouchbaseReactiveRepositoriesAutoConfig
uration:
      Did not match:
         - @ConditionalOnClass did not 
find required class 
'com.couchbase.client.java.Cluster' 
(OnClassCondition)

   CouchbaseRepositoriesAutoConfiguration:
      Did not match:
         - @ConditionalOnClass did not 
find required class 
'com.couchbase.client.java.Bucket' 
(OnClassCondition)

   DataSourceHealthContributorAutoConfigur
ation:
      Did not match:
         - @ConditionalOnBean (types: 
javax.sql.DataSource; SearchStrategy: 
all) did not find any beans of type 
javax.sql.DataSource (OnBeanCondition)
      Matched:
         - @ConditionalOnClass found 
required classes 'org.springframework.jdbc
.core.JdbcTemplate', 'org.springframework.
jdbc.datasource.lookup.AbstractRoutingData
Source' (OnClassCondition)
         - 
@ConditionalOnEnabledHealthIndicator 
management.health.defaults.enabled is 
considered true 
(OnEnabledHealthIndicatorCondition)

   DataSourceInitializationConfiguration:
      Did not match:
         - @ConditionalOnSingleCandidate 
(types: javax.sql.DataSource; 
SearchStrategy: all) did not find any 
beans (OnBeanCondition)
      Matched:
         - @ConditionalOnClass found 
required class 'org.springframework.jdbc.d
atasource.init.DatabasePopulator' 
(OnClassCondition)

   DataSourcePoolMetricsAutoConfiguration:
      Did not match:
         - @ConditionalOnBean (types: java
x.sql.DataSource,io.micrometer.core.instru
ment.MeterRegistry; SearchStrategy: all) 
did not find any beans of type 
javax.sql.DataSource (OnBeanCondition)
      Matched:
         - @ConditionalOnClass found 
required classes 'javax.sql.DataSource', '
io.micrometer.core.instrument.MeterRegistr
y' (OnClassCondition)

   DataSourcePoolMetricsAutoConfiguration.
HikariDataSourceMetricsConfiguration:
      Did not match:
         - Ancestor org.springframework.bo
ot.actuate.autoconfigure.metrics.jdbc.Data
SourcePoolMetricsAutoConfiguration did 
not match (ConditionEvaluationReport.Ances
torsMatchedCondition)
      Matched:
         - @ConditionalOnClass found 
required class 
'com.zaxxer.hikari.HikariDataSource' 
(OnClassCondition)

   DataSourceTransactionManagerAutoConfigu
ration.JdbcTransactionManagerConfiguration
:
      Did not match:
         - @ConditionalOnSingleCandidate 
(types: javax.sql.DataSource; 
SearchStrategy: all) did not find any 
beans (OnBeanCondition)

   DatadogMetricsExportAutoConfiguration:
      Did not match:
         - @ConditionalOnClass did not 
find required class 'io.micrometer.datadog
.DatadogMeterRegistry' (OnClassCondition)

   DispatcherServletAutoConfiguration:
      Did not match:
         - not a servlet web application 
(OnWebApplicationCondition)
      Matched:
         - @ConditionalOnClass found 
required class 'org.springframework.web.se
rvlet.DispatcherServlet' 
(OnClassCondition)

   
DynatraceMetricsExportAutoConfiguration:
      Did not match:
         - @ConditionalOnClass did not 
find required class 'io.micrometer.dynatra
ce.DynatraceMeterRegistry' 
(OnClassCondition)

   ElasticMetricsExportAutoConfiguration:
      Did not match:
         - @ConditionalOnClass did not 
find required class 'io.micrometer.elastic
.ElasticMeterRegistry' (OnClassCondition)

   ElasticsearchClientAutoConfiguration:
      Did not match:
         - @ConditionalOnClass did not 
find required class 'co.elastic.clients.el
asticsearch.ElasticsearchClient' 
(OnClassCondition)

   ElasticsearchDataAutoConfiguration:
      Did not match:
         - @ConditionalOnClass did not 
find required class 'org.springframework.d
ata.elasticsearch.client.elc.Elasticsearch
Template' (OnClassCondition)

   ElasticsearchReactiveHealthContributorA
utoConfiguration:
      Did not match:
         - @ConditionalOnClass did not 
find required class 'org.springframework.d
ata.elasticsearch.client.elc.ReactiveElast
icsearchClient' (OnClassCondition)

   ElasticsearchRepositoriesAutoConfigurat
ion:
      Did not match:
         - @ConditionalOnClass did not 
find required class 'org.springframework.d
ata.elasticsearch.repository.Elasticsearch
Repository' (OnClassCondition)

   
ElasticsearchRestClientAutoConfiguration:
      Did not match:
         - @ConditionalOnClass did not 
find required class 'org.elasticsearch.cli
ent.RestClientBuilder' (OnClassCondition)

   ElasticsearchRestHealthContributorAutoC
onfiguration:
      Did not match:
         - @ConditionalOnClass did not 
find required class 
'org.elasticsearch.client.RestClient' 
(OnClassCondition)

   EmbeddedLdapAutoConfiguration:
      Did not match:
         - @ConditionalOnClass did not 
find required class 'com.unboundid.ldap.li
stener.InMemoryDirectoryServer' 
(OnClassCondition)

   EmbeddedWebServerFactoryCustomizerAutoC
onfiguration:
      Did not match:
         - @ConditionalOnWebApplication 
(required) not a servlet web application 
and not a reactive web application 
(OnWebApplicationCondition)

   EnvironmentEndpointAutoConfiguration:
      Did not match:
         - 
@ConditionalOnAvailableEndpoint not 
exposed (OnAvailableEndpointCondition)

   ErrorMvcAutoConfiguration:
      Did not match:
         - not a servlet web application 
(OnWebApplicationCondition)
      Matched:
         - @ConditionalOnClass found 
required classes 
'jakarta.servlet.Servlet', 'org.springfram
ework.web.servlet.DispatcherServlet' 
(OnClassCondition)

   ErrorWebFluxAutoConfiguration:
      Did not match:
         - not a reactive web application 
(OnWebApplicationCondition)
      Matched:
         - @ConditionalOnClass found 
required class 'org.springframework.web.re
active.config.WebFluxConfigurer' 
(OnClassCondition)

   FlywayAutoConfiguration:
      Did not match:
         - @ConditionalOnClass did not 
find required class 
'org.flywaydb.core.Flyway' 
(OnClassCondition)

   FlywayEndpointAutoConfiguration:
      Did not match:
         - @ConditionalOnClass did not 
find required class 
'org.flywaydb.core.Flyway' 
(OnClassCondition)

   FreeMarkerAutoConfiguration:
      Did not match:
         - @ConditionalOnClass did not 
find required class 
'freemarker.template.Configuration' 
(OnClassCondition)

   GangliaMetricsExportAutoConfiguration:
      Did not match:
         - @ConditionalOnClass did not 
find required class 'io.micrometer.ganglia
.GangliaMeterRegistry' (OnClassCondition)

   GraphQlAutoConfiguration:
      Did not match:
         - @ConditionalOnClass did not 
find required class 'graphql.GraphQL' 
(OnClassCondition)

   GraphQlObservationAutoConfiguration:
      Did not match:
         - @ConditionalOnClass did not 
find required class 'graphql.GraphQL' 
(OnClassCondition)

   GraphQlQueryByExampleAutoConfiguration:
      Did not match:
         - @ConditionalOnClass did not 
find required class 'graphql.GraphQL' 
(OnClassCondition)

   GraphQlQuerydslAutoConfiguration:
      Did not match:
         - @ConditionalOnClass did not 
find required class 
'com.querydsl.core.Query' 
(OnClassCondition)

   GraphQlRSocketAutoConfiguration:
      Did not match:
         - @ConditionalOnClass did not 
find required class 'graphql.GraphQL' 
(OnClassCondition)

   GraphQlReactiveQueryByExampleAutoConfig
uration:
      Did not match:
         - @ConditionalOnClass did not 
find required class 'graphql.GraphQL' 
(OnClassCondition)

   
GraphQlReactiveQuerydslAutoConfiguration:
      Did not match:
         - @ConditionalOnClass did not 
find required class 
'com.querydsl.core.Query' 
(OnClassCondition)

   GraphQlWebFluxAutoConfiguration:
      Did not match:
         - @ConditionalOnClass did not 
find required class 'graphql.GraphQL' 
(OnClassCondition)

   
GraphQlWebFluxSecurityAutoConfiguration:
      Did not match:
         - @ConditionalOnClass did not 
find required class 'graphql.GraphQL' 
(OnClassCondition)

   GraphQlWebMvcAutoConfiguration:
      Did not match:
         - @ConditionalOnClass did not 
find required class 'graphql.GraphQL' 
(OnClassCondition)

   GraphQlWebMvcSecurityAutoConfiguration:
      Did not match:
         - @ConditionalOnClass did not 
find required class 'graphql.GraphQL' 
(OnClassCondition)

   GraphiteMetricsExportAutoConfiguration:
      Did not match:
         - @ConditionalOnClass did not 
find required class 'io.micrometer.graphit
e.GraphiteMeterRegistry' 
(OnClassCondition)

   GroovyTemplateAutoConfiguration:
      Did not match:
         - @ConditionalOnClass did not 
find required class 
'groovy.text.markup.MarkupTemplateEngine' 
(OnClassCondition)

   GsonHttpMessageConvertersConfiguration.
GsonHttpMessageConverterConfiguration:
      Did not match:
         - AnyNestedCondition 0 matched 2 
did not; NestedCondition on GsonHttpMessag
eConvertersConfiguration.PreferGsonOrJacks
onAndJsonbUnavailableCondition.JacksonJson
bUnavailable NoneNestedConditions 1 
matched 1 did not; NestedCondition on Gson
HttpMessageConvertersConfiguration.Jackson
AndJsonbUnavailableCondition.JsonbPreferre
d @ConditionalOnPreferredJsonMapper JSONB 
no property was configured and Jackson is 
the default; NestedCondition on GsonHttpMe
ssageConvertersConfiguration.JacksonAndJso
nbUnavailableCondition.JacksonAvailable 
@ConditionalOnBean (types: org.springframe
work.http.converter.json.MappingJackson2Ht
tpMessageConverter; SearchStrategy: all) 
found bean 
'mappingJackson2HttpMessageConverter'; 
NestedCondition on GsonHttpMessageConverte
rsConfiguration.PreferGsonOrJacksonAndJson
bUnavailableCondition.GsonPreferred 
@ConditionalOnPreferredJsonMapper GSON no 
property was configured and Jackson is 
the default (GsonHttpMessageConvertersConf
iguration.PreferGsonOrJacksonAndJsonbUnava
ilableCondition)

   H2ConsoleAutoConfiguration:
      Did not match:
         - @ConditionalOnClass did not 
find required class 
'org.h2.server.web.JakartaWebServlet' 
(OnClassCondition)

   HazelcastAutoConfiguration:
      Did not match:
         - @ConditionalOnClass did not 
find required class 
'com.hazelcast.core.HazelcastInstance' 
(OnClassCondition)

   HazelcastCacheConfiguration:
      Did not match:
         - @ConditionalOnClass did not 
find required class 
'com.hazelcast.core.HazelcastInstance' 
(OnClassCondition)

   HazelcastHealthContributorAutoConfigura
tion:
      Did not match:
         - @ConditionalOnClass did not 
find required class 
'com.hazelcast.core.HazelcastInstance' 
(OnClassCondition)

   
HazelcastJpaDependencyAutoConfiguration:
      Did not match:
         - @ConditionalOnClass did not 
find required class 
'com.hazelcast.core.HazelcastInstance' 
(OnClassCondition)

   HealthEndpointReactiveWebExtensionConfi
guration:
      Did not match:
         - not a reactive web application 
(OnWebApplicationCondition)

   
HealthEndpointWebExtensionConfiguration:
      Did not match:
         - not a servlet web application 
(OnWebApplicationCondition)

   HeapDumpWebEndpointAutoConfiguration:
      Did not match:
         - 
@ConditionalOnAvailableEndpoint the 
configured access for endpoint 'heapdump' 
is NONE (OnAvailableEndpointCondition)

   HibernateMetricsAutoConfiguration:
      Did not match:
         - @ConditionalOnClass did not 
find required class 
'org.hibernate.stat.HibernateMetrics' 
(OnClassCondition)

   HitchhikerColorPalette:
      Did not match:
         - @ConditionalOnProperty (embabel
.agent.logging.personality=hitchhiker) 
did not find property 
'embabel.agent.logging.personality' 
(OnPropertyCondition)

   HitchhikerLoggingAgenticEventListener:
      Did not match:
         - @ConditionalOnProperty (embabel
.agent.logging.personality=hitchhiker) 
did not find property 
'embabel.agent.logging.personality' 
(OnPropertyCondition)

   HttpEncodingAutoConfiguration:
      Did not match:
         - not a servlet web application 
(OnWebApplicationCondition)
      Matched:
         - @ConditionalOnClass found 
required class 'org.springframework.web.fi
lter.CharacterEncodingFilter' 
(OnClassCondition)

   HttpExchangesAutoConfiguration:
      Did not match:
         - @ConditionalOnWebApplication 
(required) not a servlet web application 
and not a reactive web application 
(OnWebApplicationCondition)

   HttpExchangesEndpointAutoConfiguration:
      Did not match:
         - 
@ConditionalOnAvailableEndpoint not 
exposed (OnAvailableEndpointCondition)

   HttpHandlerAutoConfiguration:
      Did not match:
         - not a reactive web application 
(OnWebApplicationCondition)
      Matched:
         - @ConditionalOnClass found 
required classes 'org.springframework.web.
reactive.DispatcherHandler', 'org.springfr
amework.http.server.reactive.HttpHandler' 
(OnClassCondition)

   HumioMetricsExportAutoConfiguration:
      Did not match:
         - @ConditionalOnClass did not 
find required class 
'io.micrometer.humio.HumioMeterRegistry' 
(OnClassCondition)

   HypermediaAutoConfiguration:
      Did not match:
         - @ConditionalOnClass did not 
find required class 
'org.springframework.hateoas.EntityModel' 
(OnClassCondition)

   InfinispanCacheConfiguration:
      Did not match:
         - @ConditionalOnClass did not 
find required class 'org.infinispan.spring
.embedded.provider.SpringEmbeddedCacheMana
ger' (OnClassCondition)

   InfluxMetricsExportAutoConfiguration:
      Did not match:
         - @ConditionalOnClass did not 
find required class 'io.micrometer.influx.
InfluxMeterRegistry' (OnClassCondition)

   InfoContributorAutoConfiguration#buildI
nfoContributor:
      Did not match:
         - @ConditionalOnSingleCandidate 
(types: org.springframework.boot.info.Buil
dProperties; SearchStrategy: all) did not 
find any beans (OnBeanCondition)
      Matched:
         - 
@ConditionalOnEnabledInfoContributor 
management.info.defaults.enabled is 
considered true 
(OnEnabledInfoContributorCondition)

   InfoContributorAutoConfiguration#envInf
oContributor:
      Did not match:
         - 
@ConditionalOnEnabledInfoContributor 
management.info.env.enabled is not true 
(OnEnabledInfoContributorCondition)

   InfoContributorAutoConfiguration#javaIn
foContributor:
      Did not match:
         - 
@ConditionalOnEnabledInfoContributor 
management.info.java.enabled is not true 
(OnEnabledInfoContributorCondition)

   InfoContributorAutoConfiguration#osInfo
Contributor:
      Did not match:
         - 
@ConditionalOnEnabledInfoContributor 
management.info.os.enabled is not true 
(OnEnabledInfoContributorCondition)

   InfoContributorAutoConfiguration#proces
sInfoContributor:
      Did not match:
         - 
@ConditionalOnEnabledInfoContributor 
management.info.process.enabled is not 
true (OnEnabledInfoContributorCondition)

   
InfoContributorAutoConfiguration#sslInfo:
      Did not match:
         - 
@ConditionalOnEnabledInfoContributor 
management.info.ssl.enabled is not true 
(OnEnabledInfoContributorCondition)
      Matched:
         - @ConditionalOnMissingBean 
(types: 
org.springframework.boot.info.SslInfo; 
SearchStrategy: all) did not find any 
beans (OnBeanCondition)

   InfoContributorAutoConfiguration#sslInf
oContributor:
      Did not match:
         - 
@ConditionalOnEnabledInfoContributor 
management.info.ssl.enabled is not true 
(OnEnabledInfoContributorCondition)

   InfoEndpointAutoConfiguration:
      Did not match:
         - 
@ConditionalOnAvailableEndpoint not 
exposed (OnAvailableEndpointCondition)

   IntegrationAutoConfiguration:
      Did not match:
         - @ConditionalOnClass did not 
find required class 'org.springframework.i
ntegration.config.EnableIntegration' 
(OnClassCondition)

   
IntegrationGraphEndpointAutoConfiguration:
      Did not match:
         - @ConditionalOnClass did not 
find required class 'org.springframework.i
ntegration.graph.IntegrationGraphServer' 
(OnClassCondition)

   JCacheCacheConfiguration:
      Did not match:
         - @ConditionalOnClass did not 
find required class 'javax.cache.Caching' 
(OnClassCondition)

   JacksonHttpMessageConvertersConfigurati
on.MappingJackson2XmlHttpMessageConverterC
onfiguration:
      Did not match:
         - @ConditionalOnClass did not 
find required class 'com.fasterxml.jackson
.dataformat.xml.XmlMapper' 
(OnClassCondition)

   JdbcClientAutoConfiguration:
      Did not match:
         - @ConditionalOnSingleCandidate 
(types: org.springframework.jdbc.core.name
dparam.NamedParameterJdbcTemplate; 
SearchStrategy: all) did not find any 
beans (OnBeanCondition)

   JdbcRepositoriesAutoConfiguration:
      Did not match:
         - @ConditionalOnClass did not 
find required class 'org.springframework.d
ata.jdbc.repository.config.AbstractJdbcCon
figuration' (OnClassCondition)

   JdbcTemplateAutoConfiguration:
      Did not match:
         - @ConditionalOnSingleCandidate 
(types: javax.sql.DataSource; 
SearchStrategy: all) did not find any 
beans (OnBeanCondition)
      Matched:
         - @ConditionalOnClass found 
required classes 'javax.sql.DataSource', '
org.springframework.jdbc.core.JdbcTemplate
' (OnClassCondition)

   JerseyAutoConfiguration:
      Did not match:
         - @ConditionalOnClass did not 
find required class 'org.glassfish.jersey.
server.spring.SpringComponentProvider' 
(OnClassCondition)

   JerseyServerMetricsAutoConfiguration:
      Did not match:
         - @ConditionalOnClass did not 
find required class 'org.glassfish.jersey.
micrometer.server.ObservationApplicationEv
entListener' (OnClassCondition)

   JettyMetricsAutoConfiguration:
      Did not match:
         - @ConditionalOnClass did not 
find required class 
'org.eclipse.jetty.server.Server' 
(OnClassCondition)

   JmsAutoConfiguration:
      Did not match:
         - @ConditionalOnClass did not 
find required class 'jakarta.jms.Message' 
(OnClassCondition)

   JmsHealthContributorAutoConfiguration:
      Did not match:
         - @ConditionalOnClass did not 
find required class 
'jakarta.jms.ConnectionFactory' 
(OnClassCondition)

   JmxAutoConfiguration:
      Did not match:
         - @ConditionalOnBooleanProperty 
(spring.jmx.enabled=true) found different 
value in property 'spring.jmx.enabled' 
(OnPropertyCondition)
      Matched:
         - @ConditionalOnClass found 
required class 'org.springframework.jmx.ex
port.MBeanExporter' (OnClassCondition)

   JmxEndpointAutoConfiguration:
      Did not match:
         - @ConditionalOnBooleanProperty 
(spring.jmx.enabled=true) found different 
value in property 'spring.jmx.enabled' 
(OnPropertyCondition)

   JmxMetricsExportAutoConfiguration:
      Did not match:
         - @ConditionalOnClass did not 
find required class 
'io.micrometer.jmx.JmxMeterRegistry' 
(OnClassCondition)

   JndiConnectionFactoryAutoConfiguration:
      Did not match:
         - @ConditionalOnClass did not 
find required class 'org.springframework.j
ms.core.JmsTemplate' (OnClassCondition)

   JndiDataSourceAutoConfiguration:
      Did not match:
         - @ConditionalOnProperty 
(spring.datasource.jndi-name) did not 
find property 
'spring.datasource.jndi-name' 
(OnPropertyCondition)
      Matched:
         - @ConditionalOnClass found 
required classes 'javax.sql.DataSource', '
org.springframework.jdbc.datasource.embedd
ed.EmbeddedDatabaseType' 
(OnClassCondition)

   JndiJtaConfiguration:
      Did not match:
         - @ConditionalOnJndi JNDI 
environment is not available 
(OnJndiCondition)
      Matched:
         - @ConditionalOnClass found 
required class 'org.springframework.transa
ction.jta.JtaTransactionManager' 
(OnClassCondition)

   JooqAutoConfiguration:
      Did not match:
         - @ConditionalOnClass did not 
find required class 'org.jooq.DSLContext' 
(OnClassCondition)

   JpaRepositoriesAutoConfiguration:
      Did not match:
         - @ConditionalOnBean (types: 
javax.sql.DataSource; SearchStrategy: 
all) did not find any beans of type 
javax.sql.DataSource (OnBeanCondition)
      Matched:
         - @ConditionalOnClass found 
required class 'org.springframework.data.j
pa.repository.JpaRepository' 
(OnClassCondition)
         - @ConditionalOnBooleanProperty (
spring.data.jpa.repositories.enabled=true)
 matched (OnPropertyCondition)

   JsonbAutoConfiguration:
      Did not match:
         - @ConditionalOnClass did not 
find required class 
'jakarta.json.bind.Jsonb' 
(OnClassCondition)

   
JsonbHttpMessageConvertersConfiguration:
      Did not match:
         - @ConditionalOnClass did not 
find required class 
'jakarta.json.bind.Jsonb' 
(OnClassCondition)

   JvmMetricsAutoConfiguration.VirtualThre
adMetricsConfiguration:
      Did not match:
         - @ConditionalOnClass did not 
find required class 'io.micrometer.java21.
instrument.binder.jdk.VirtualThreadMetrics
' (OnClassCondition)

   KafkaAutoConfiguration:
      Did not match:
         - @ConditionalOnClass did not 
find required class 'org.springframework.k
afka.core.KafkaTemplate' 
(OnClassCondition)

   KafkaMetricsAutoConfiguration:
      Did not match:
         - @ConditionalOnClass did not 
find required class 'org.springframework.k
afka.core.ProducerFactory' 
(OnClassCondition)

   KairosMetricsExportAutoConfiguration:
      Did not match:
         - @ConditionalOnClass did not 
find required class 'io.micrometer.kairos.
KairosMeterRegistry' (OnClassCondition)

   LdapAutoConfiguration:
      Did not match:
         - @ConditionalOnClass did not 
find required class 'org.springframework.l
dap.core.ContextSource' (OnClassCondition)

   LdapHealthContributorAutoConfiguration:
      Did not match:
         - @ConditionalOnClass did not 
find required class 'org.springframework.l
dap.core.LdapOperations' 
(OnClassCondition)

   LdapRepositoriesAutoConfiguration:
      Did not match:
         - @ConditionalOnClass did not 
find required class 'org.springframework.d
ata.ldap.repository.LdapRepository' 
(OnClassCondition)

   LiquibaseAutoConfiguration:
      Did not match:
         - @ConditionalOnClass did not 
find required class 
'liquibase.change.DatabaseChange' 
(OnClassCondition)

   LiquibaseEndpointAutoConfiguration:
      Did not match:
         - @ConditionalOnClass did not 
find required class 'liquibase.integration
.spring.SpringLiquibase' 
(OnClassCondition)

   Log4J2MetricsAutoConfiguration:
      Did not match:
         - @ConditionalOnClass did not 
find required class 'org.apache.logging.lo
g4j.core.LoggerContext' (OnClassCondition)

   LogFileWebEndpointAutoConfiguration:
      Did not match:
         - 
@ConditionalOnAvailableEndpoint not 
exposed (OnAvailableEndpointCondition)

   LoggersEndpointAutoConfiguration:
      Did not match:
         - 
@ConditionalOnAvailableEndpoint not 
exposed (OnAvailableEndpointCondition)

   LumonColorPalette:
      Did not match:
         - @ConditionalOnProperty (embabel
.agent.logging.personality=severance) did 
not find property 
'embabel.agent.logging.personality' 
(OnPropertyCondition)

   MailHealthContributorAutoConfiguration:
      Did not match:
         - @ConditionalOnBean (types: org.
springframework.mail.javamail.JavaMailSend
erImpl; SearchStrategy: all) did not find 
any beans of type org.springframework.mail
.javamail.JavaMailSenderImpl 
(OnBeanCondition)
      Matched:
         - @ConditionalOnClass found 
required class 'org.springframework.mail.j
avamail.JavaMailSenderImpl' 
(OnClassCondition)
         - 
@ConditionalOnEnabledHealthIndicator 
management.health.defaults.enabled is 
considered true 
(OnEnabledHealthIndicatorCondition)

   MailSenderAutoConfiguration:
      Did not match:
         - @ConditionalOnClass did not 
find required class 
'jakarta.mail.internet.MimeMessage' 
(OnClassCondition)

   MailSenderValidatorAutoConfiguration:
      Did not match:
         - @ConditionalOnBooleanProperty 
(spring.mail.test-connection=true) did 
not find property 
'spring.mail.test-connection' 
(OnPropertyCondition)

   ManagementContextAutoConfiguration.Diff
erentManagementContextConfiguration:
      Did not match:
         - Management Port non web 
application context 
(OnManagementPortCondition)

   ManagementContextAutoConfiguration.Same
ManagementContextConfiguration:
      Did not match:
         - Management Port non web 
application context 
(OnManagementPortCondition)

   ManagementWebSecurityAutoConfiguration:
      Did not match:
         - not a servlet web application 
(OnWebApplicationCondition)

   MappingsEndpointAutoConfiguration:
      Did not match:
         - 
@ConditionalOnAvailableEndpoint not 
exposed (OnAvailableEndpointCondition)

   McpClientAnnotationScannerAutoConfigura
tion#clientMcpAsyncHandlersRegistry:
      Did not match:
         - @ConditionalOnProperty 
(spring.ai.mcp.client.type=ASYNC) found 
different value in property 'type' 
(OnPropertyCondition)

   McpClientAutoConfiguration#makeAsyncCli
entsClosable:
      Did not match:
         - @ConditionalOnProperty 
(spring.ai.mcp.client.type=ASYNC) found 
different value in property 'type' 
(OnPropertyCondition)

   McpClientAutoConfiguration#mcpAsyncClie
ntConfigurer:
      Did not match:
         - @ConditionalOnProperty 
(spring.ai.mcp.client.type=ASYNC) found 
different value in property 'type' 
(OnPropertyCondition)

   McpClientAutoConfiguration#mcpAsyncTool
ChangeEventEmmiter:
      Did not match:
         - @ConditionalOnProperty 
(spring.ai.mcp.client.type=ASYNC) found 
different value in property 'type' 
(OnPropertyCondition)

   McpToolCallbackAutoConfiguration#mcpAsy
ncToolCallbacks:
      Did not match:
         - @ConditionalOnProperty 
(spring.ai.mcp.client.type=ASYNC) found 
different value in property 'type' 
(OnPropertyCondition)

   MessageSourceAutoConfiguration:
      Did not match:
         - ResourceBundle did not find 
bundle with basename messages (MessageSour
ceAutoConfiguration.ResourceBundleConditio
n)

   MetricsAspectsAutoConfiguration:
      Did not match:
         - @ConditionalOnBooleanProperty (
management.observations.annotations.enable
d=true) did not find property 'management.
observations.annotations.enabled' 
(OnPropertyCondition)
      Matched:
         - @ConditionalOnClass found 
required classes 'io.micrometer.core.instr
ument.MeterRegistry', 
'org.aspectj.weaver.Advice' 
(OnClassCondition)

   MetricsEndpointAutoConfiguration:
      Did not match:
         - 
@ConditionalOnAvailableEndpoint not 
exposed (OnAvailableEndpointCondition)
      Matched:
         - @ConditionalOnClass found 
required class 
'io.micrometer.core.annotation.Timed' 
(OnClassCondition)

   MicrometerTracingAutoConfiguration:
      Did not match:
         - @ConditionalOnClass did not 
find required class 
'io.micrometer.tracing.Tracer' 
(OnClassCondition)

   MongoAutoConfiguration:
      Did not match:
         - @ConditionalOnClass did not 
find required class 
'com.mongodb.client.MongoClient' 
(OnClassCondition)

   MongoDataAutoConfiguration:
      Did not match:
         - @ConditionalOnClass did not 
find required class 
'com.mongodb.client.MongoClient' 
(OnClassCondition)

   
MongoHealthContributorAutoConfiguration:
      Did not match:
         - @ConditionalOnClass did not 
find required class 'org.springframework.d
ata.mongodb.core.MongoTemplate' 
(OnClassCondition)

   MongoMetricsAutoConfiguration:
      Did not match:
         - @ConditionalOnClass did not 
find required class 
'com.mongodb.MongoClientSettings' 
(OnClassCondition)

   MongoReactiveAutoConfiguration:
      Did not match:
         - @ConditionalOnClass did not 
find required class 'com.mongodb.reactives
treams.client.MongoClient' 
(OnClassCondition)

   MongoReactiveDataAutoConfiguration:
      Did not match:
         - @ConditionalOnClass did not 
find required class 'com.mongodb.reactives
treams.client.MongoClient' 
(OnClassCondition)

   MongoReactiveHealthContributorAutoConfi
guration:
      Did not match:
         - @ConditionalOnClass did not 
find required class 'org.springframework.d
ata.mongodb.core.ReactiveMongoTemplate' 
(OnClassCondition)

   MongoReactiveRepositoriesAutoConfigurat
ion:
      Did not match:
         - @ConditionalOnClass did not 
find required class 'com.mongodb.reactives
treams.client.MongoClient' 
(OnClassCondition)

   MongoRepositoriesAutoConfiguration:
      Did not match:
         - @ConditionalOnClass did not 
find required class 
'com.mongodb.client.MongoClient' 
(OnClassCondition)

   MontyPythonColorPalette:
      Did not match:
         - @ConditionalOnProperty (embabel
.agent.logging.personality=montypython) 
did not find property 
'embabel.agent.logging.personality' 
(OnPropertyCondition)

   MontyPythonLoggingAgenticEventListener:
      Did not match:
         - @ConditionalOnProperty (embabel
.agent.logging.personality=montypython) 
did not find property 
'embabel.agent.logging.personality' 
(OnPropertyCondition)

   MultipartAutoConfiguration:
      Did not match:
         - not a servlet web application 
(OnWebApplicationCondition)
      Matched:
         - @ConditionalOnClass found 
required classes 
'jakarta.servlet.Servlet', 'org.springfram
ework.web.multipart.support.StandardServle
tMultipartResolver', 
'jakarta.servlet.MultipartConfigElement' 
(OnClassCondition)

   MustacheAutoConfiguration:
      Did not match:
         - @ConditionalOnClass did not 
find required class 
'com.samskivert.mustache.Mustache' 
(OnClassCondition)

   Neo4jDataAutoConfiguration:
      Did not match:
         - @ConditionalOnBean (types: 
org.neo4j.driver.Driver; SearchStrategy: 
all) did not find any beans of type 
org.neo4j.driver.Driver (OnBeanCondition)
      Matched:
         - @ConditionalOnClass found 
required classes 
'org.neo4j.driver.Driver', 'org.springfram
ework.data.neo4j.core.transaction.Neo4jTra
nsactionManager', 'org.springframework.tra
nsaction.PlatformTransactionManager' 
(OnClassCondition)

   
Neo4jHealthContributorAutoConfiguration:
      Did not match:
         - 
@ConditionalOnEnabledHealthIndicator 
management.health.neo4j.enabled is false 
(OnEnabledHealthIndicatorCondition)
      Matched:
         - @ConditionalOnClass found 
required class 'org.neo4j.driver.Driver' 
(OnClassCondition)

   Neo4jReactiveDataAutoConfiguration:
      Did not match:
         - @ConditionalOnBean (types: 
org.neo4j.driver.Driver; SearchStrategy: 
all) did not find any beans of type 
org.neo4j.driver.Driver (OnBeanCondition)
      Matched:
         - @ConditionalOnClass found 
required classes 
'org.neo4j.driver.Driver', 'org.springfram
ework.data.neo4j.core.ReactiveNeo4jTemplat
e', 'org.springframework.transaction.React
iveTransactionManager', 
'reactor.core.publisher.Flux' 
(OnClassCondition)

   NewRelicMetricsExportAutoConfiguration:
      Did not match:
         - @ConditionalOnClass did not 
find required class 'io.micrometer.newreli
c.NewRelicMeterRegistry' 
(OnClassCondition)

   NoOpMeterRegistryConfiguration:
      Did not match:
         - @ConditionalOnMissingBean 
(types: io.micrometer.core.instrument.Mete
rRegistry; SearchStrategy: all) found 
beans of type 'io.micrometer.core.instrume
nt.MeterRegistry' simpleMeterRegistry 
(OnBeanCondition)

   NoopTracerAutoConfiguration:
      Did not match:
         - @ConditionalOnClass did not 
find required class 
'io.micrometer.tracing.Tracer' 
(OnClassCondition)

   OAuth2AuthorizationServerAutoConfigurat
ion:
      Did not match:
         - @ConditionalOnClass did not 
find required class 'org.springframework.s
ecurity.oauth2.server.authorization.OAuth2
Authorization' (OnClassCondition)

   OAuth2AuthorizationServerJwtAutoConfigu
ration:
      Did not match:
         - @ConditionalOnClass did not 
find required class 
'com.nimbusds.jose.jwk.source.JWKSource' 
(OnClassCondition)

   OAuth2ClientAutoConfiguration:
      Did not match:
         - @ConditionalOnClass did not 
find required class 'org.springframework.s
ecurity.oauth2.client.registration.ClientR
egistration' (OnClassCondition)

   
OAuth2ClientWebSecurityAutoConfiguration:
      Did not match:
         - @ConditionalOnClass did not 
find required class 'org.springframework.s
ecurity.oauth2.client.web.OAuth2Authorized
ClientRepository' (OnClassCondition)

   OAuth2ResourceServerAutoConfiguration:
      Did not match:
         - @ConditionalOnClass did not 
find required class 'org.springframework.s
ecurity.oauth2.server.resource.authenticat
ion.BearerTokenAuthenticationToken' 
(OnClassCondition)

   ObservationAutoConfiguration.MeterObser
vationHandlerConfiguration.TracingAndMetri
csObservationHandlerConfiguration:
      Did not match:
         - @ConditionalOnBean did not 
find required type 
'io.micrometer.tracing.Tracer' 
(OnBeanCondition)
         - @ConditionalOnBean (types: 
io.micrometer.tracing.Tracer; 
SearchStrategy: all) did not find any 
beans of type 
io.micrometer.tracing.Tracer 
(OnBeanCondition)

   ObservationAutoConfiguration.MetricsWit
hTracingConfiguration:
      Did not match:
         - @ConditionalOnClass did not 
find required class 
'io.micrometer.tracing.Tracer' 
(OnClassCondition)

   ObservationAutoConfiguration.ObservedAs
pectConfiguration:
      Did not match:
         - @ConditionalOnBooleanProperty (
management.observations.annotations.enable
d=true) did not find property 'management.
observations.annotations.enabled' 
(OnPropertyCondition)
      Matched:
         - @ConditionalOnClass found 
required class 
'org.aspectj.weaver.Advice' 
(OnClassCondition)

   ObservationAutoConfiguration.OnlyTracin
gConfiguration:
      Did not match:
         - @ConditionalOnClass did not 
find required class 
'io.micrometer.tracing.Tracer' 
(OnClassCondition)

   OpenTelemetryAutoConfiguration:
      Did not match:
         - @ConditionalOnClass did not 
find required class 
'io.opentelemetry.sdk.OpenTelemetrySdk' 
(OnClassCondition)

   OpenTelemetryLoggingAutoConfiguration:
      Did not match:
         - @ConditionalOnClass did not 
find required class 
'io.opentelemetry.api.OpenTelemetry' 
(OnClassCondition)

   OpenTelemetryTracingAutoConfiguration:
      Did not match:
         - @ConditionalOnClass did not 
find required class 'io.micrometer.tracing
.otel.bridge.OtelTracer' 
(OnClassCondition)

   OtlpLoggingAutoConfiguration:
      Did not match:
         - @ConditionalOnClass did not 
find required class 
'io.opentelemetry.api.OpenTelemetry' 
(OnClassCondition)

   OtlpMetricsExportAutoConfiguration:
      Did not match:
         - @ConditionalOnClass did not 
find required class 'io.micrometer.registr
y.otlp.OtlpMeterRegistry' 
(OnClassCondition)

   OtlpTracingAutoConfiguration:
      Did not match:
         - @ConditionalOnClass did not 
find required class 'io.micrometer.tracing
.otel.bridge.OtelTracer' 
(OnClassCondition)

   ProjectInfoAutoConfiguration#buildPrope
rties:
      Did not match:
         - @ConditionalOnResource did not 
find resource '${spring.info.build.locatio
n:classpath:META-INF/build-info.properties
}' (OnResourceCondition)

   PrometheusExemplarsAutoConfiguration:
      Did not match:
         - @ConditionalOnClass did not 
find required class 
'io.micrometer.tracing.Tracer' 
(OnClassCondition)

   
PrometheusMetricsExportAutoConfiguration:
      Did not match:
         - @ConditionalOnClass did not 
find required class 'io.micrometer.prometh
eusmetrics.PrometheusMeterRegistry' 
(OnClassCondition)

   PulsarAutoConfiguration:
      Did not match:
         - @ConditionalOnClass did not 
find required class 'org.apache.pulsar.cli
ent.api.PulsarClient' (OnClassCondition)

   PulsarReactiveAutoConfiguration:
      Did not match:
         - @ConditionalOnClass did not 
find required class 'org.apache.pulsar.cli
ent.api.PulsarClient' (OnClassCondition)

   QuartzAutoConfiguration:
      Did not match:
         - @ConditionalOnClass did not 
find required class 
'org.quartz.Scheduler' (OnClassCondition)

   QuartzEndpointAutoConfiguration:
      Did not match:
         - @ConditionalOnClass did not 
find required class 
'org.quartz.Scheduler' (OnClassCondition)

   QuiteMcpClientAutoConfiguration#mcpAsyn
cClients:
      Did not match:
         - @ConditionalOnProperty 
(spring.ai.mcp.client.type=ASYNC) found 
different value in property 'type' 
(OnPropertyCondition)

   R2dbcAutoConfiguration:
      Did not match:
         - @ConditionalOnClass did not 
find required class 
'io.r2dbc.spi.ConnectionFactory' 
(OnClassCondition)

   R2dbcDataAutoConfiguration:
      Did not match:
         - @ConditionalOnClass did not 
find required class 'org.springframework.d
ata.r2dbc.core.R2dbcEntityTemplate' 
(OnClassCondition)

   R2dbcInitializationConfiguration:
      Did not match:
         - @ConditionalOnClass did not 
find required classes 
'io.r2dbc.spi.ConnectionFactory', 'org.spr
ingframework.r2dbc.connection.init.Databas
ePopulator' (OnClassCondition)

   R2dbcObservationAutoConfiguration:
      Did not match:
         - @ConditionalOnClass did not 
find required class 
'io.r2dbc.proxy.ProxyConnectionFactory' 
(OnClassCondition)

   R2dbcProxyAutoConfiguration:
      Did not match:
         - @ConditionalOnClass did not 
find required class 
'io.r2dbc.proxy.ProxyConnectionFactory' 
(OnClassCondition)

   R2dbcRepositoriesAutoConfiguration:
      Did not match:
         - @ConditionalOnClass did not 
find required class 
'io.r2dbc.spi.ConnectionFactory' 
(OnClassCondition)

   
R2dbcTransactionManagerAutoConfiguration:
      Did not match:
         - @ConditionalOnClass did not 
find required class 'org.springframework.r
2dbc.connection.R2dbcTransactionManager' 
(OnClassCondition)

   RSocketGraphQlClientAutoConfiguration:
      Did not match:
         - @ConditionalOnClass did not 
find required class 'graphql.GraphQL' 
(OnClassCondition)

   RSocketMessagingAutoConfiguration:
      Did not match:
         - @ConditionalOnClass did not 
find required class 'io.rsocket.RSocket' 
(OnClassCondition)

   RSocketRequesterAutoConfiguration:
      Did not match:
         - @ConditionalOnClass did not 
find required class 'io.rsocket.RSocket' 
(OnClassCondition)

   RSocketSecurityAutoConfiguration:
      Did not match:
         - @ConditionalOnClass did not 
find required class 'org.springframework.s
ecurity.rsocket.core.SecuritySocketAccepto
rInterceptor' (OnClassCondition)

   RSocketServerAutoConfiguration:
      Did not match:
         - @ConditionalOnClass did not 
find required class 
'io.rsocket.core.RSocketServer' 
(OnClassCondition)

   RSocketStrategiesAutoConfiguration:
      Did not match:
         - @ConditionalOnClass did not 
find required class 'io.rsocket.RSocket' 
(OnClassCondition)

   RabbitAutoConfiguration:
      Did not match:
         - @ConditionalOnClass did not 
find required class 
'com.rabbitmq.client.Channel' 
(OnClassCondition)

   
RabbitHealthContributorAutoConfiguration:
      Did not match:
         - @ConditionalOnClass did not 
find required class 'org.springframework.a
mqp.rabbit.core.RabbitTemplate' 
(OnClassCondition)

   RabbitMetricsAutoConfiguration:
      Did not match:
         - @ConditionalOnClass did not 
find required class 
'com.rabbitmq.client.ConnectionFactory' 
(OnClassCondition)

   ReactiveCloudFoundryActuatorAutoConfigu
ration:
      Did not match:
         - not a reactive web application 
(OnWebApplicationCondition)

   ReactiveElasticsearchClientAutoConfigur
ation:
      Did not match:
         - @ConditionalOnClass did not 
find required class 'co.elastic.clients.tr
ansport.ElasticsearchTransport' 
(OnClassCondition)

   ReactiveElasticsearchRepositoriesAutoCo
nfiguration:
      Did not match:
         - @ConditionalOnClass did not 
find required class 'org.springframework.d
ata.elasticsearch.client.elc.ReactiveElast
icsearchClient' (OnClassCondition)

   ReactiveManagementContextAutoConfigurat
ion:
      Did not match:
         - not a reactive web application 
(OnWebApplicationCondition)
      Matched:
         - @ConditionalOnClass found 
required class 
'reactor.core.publisher.Flux' 
(OnClassCondition)

   ReactiveManagementWebSecurityAutoConfig
uration:
      Did not match:
         - not a reactive web application 
(OnWebApplicationCondition)
      Matched:
         - @ConditionalOnClass found 
required classes 'org.springframework.secu
rity.config.annotation.web.reactive.Enable
WebFluxSecurity', 'org.springframework.sec
urity.web.server.WebFilterChainProxy' 
(OnClassCondition)

   ReactiveMultipartAutoConfiguration:
      Did not match:
         - not a reactive web application 
(OnWebApplicationCondition)
      Matched:
         - @ConditionalOnClass found 
required classes 'org.springframework.http
.codec.multipart.DefaultPartHttpMessageRea
der', 'org.springframework.web.reactive.co
nfig.WebFluxConfigurer' (OnClassCondition)

   ReactiveOAuth2ClientAutoConfiguration:
      Did not match:
         - @ConditionalOnClass did not 
find required class 'org.springframework.s
ecurity.oauth2.client.registration.ClientR
egistration' (OnClassCondition)

   ReactiveOAuth2ClientWebSecurityAutoConf
iguration:
      Did not match:
         - @ConditionalOnClass did not 
find required class 'org.springframework.s
ecurity.oauth2.client.web.server.ServerOAu
th2AuthorizedClientRepository' 
(OnClassCondition)

   ReactiveOAuth2ResourceServerAutoConfigu
ration:
      Did not match:
         - not a reactive web application 
(OnWebApplicationCondition)
      Matched:
         - @ConditionalOnClass found 
required class 'org.springframework.securi
ty.config.annotation.web.reactive.EnableWe
bFluxSecurity' (OnClassCondition)

   ReactiveSecurityAutoConfiguration.Sprin
gBootWebFluxSecurityConfiguration:
      Did not match:
         - not a reactive web application 
(OnWebApplicationCondition)

   ReactiveUserDetailsServiceAutoConfigura
tion:
      Did not match:
         - AnyNestedCondition 0 matched 2 
did not; NestedCondition on ReactiveUserDe
tailsServiceAutoConfiguration.RSocketEnabl
edOrReactiveWebApplication.ReactiveWebAppl
icationCondition not a reactive web 
application; NestedCondition on ReactiveUs
erDetailsServiceAutoConfiguration.RSocketE
nabledOrReactiveWebApplication.RSocketSecu
rityEnabledCondition @ConditionalOnBean 
(types: org.springframework.messaging.rsoc
ket.annotation.support.RSocketMessageHandl
er; SearchStrategy: all) did not find any 
beans of type org.springframework.messagin
g.rsocket.annotation.support.RSocketMessag
eHandler (ReactiveUserDetailsServiceAutoCo
nfiguration.RSocketEnabledOrReactiveWebApp
lication)
      Matched:
         - @ConditionalOnClass found 
required class 'org.springframework.securi
ty.authentication.ReactiveAuthenticationMa
nager' (OnClassCondition)
         - AnyNestedCondition 1 matched 2 
did not; NestedCondition on ReactiveUserDe
tailsServiceAutoConfiguration.MissingAlter
nativeOrUserPropertiesConfigured.PasswordC
onfigured @ConditionalOnProperty 
(spring.security.user.password) did not 
find property 
'spring.security.user.password'; 
NestedCondition on ReactiveUserDetailsServ
iceAutoConfiguration.MissingAlternativeOrU
serPropertiesConfigured.NameConfigured 
@ConditionalOnProperty 
(spring.security.user.name) did not find 
property 'spring.security.user.name'; 
NestedCondition on ReactiveUserDetailsServ
iceAutoConfiguration.MissingAlternativeOrU
serPropertiesConfigured.MissingAlternative
 @ConditionalOnMissingClass did not find 
unwanted classes 'org.springframework.secu
rity.oauth2.client.registration.ClientRegi
strationRepository', 'org.springframework.
security.oauth2.server.resource.introspect
ion.ReactiveOpaqueTokenIntrospector' (Reac
tiveUserDetailsServiceAutoConfiguration.Mi
ssingAlternativeOrUserPropertiesConfigured
)

   
ReactiveWebServerFactoryAutoConfiguration:
      Did not match:
         - not a reactive web application 
(OnWebApplicationCondition)
      Matched:
         - @ConditionalOnClass found 
required class 'org.springframework.http.R
eactiveHttpInputMessage' 
(OnClassCondition)

   
RedisHealthContributorAutoConfiguration:
      Did not match:
         - @ConditionalOnBean (types: org.
springframework.data.redis.connection.Redi
sConnectionFactory; SearchStrategy: all) 
did not find any beans of type org.springf
ramework.data.redis.connection.RedisConnec
tionFactory (OnBeanCondition)
      Matched:
         - @ConditionalOnClass found 
required class 'org.springframework.data.r
edis.connection.RedisConnectionFactory' 
(OnClassCondition)
         - 
@ConditionalOnEnabledHealthIndicator 
management.health.defaults.enabled is 
considered true 
(OnEnabledHealthIndicatorCondition)

   RedisReactiveAutoConfiguration#reactive
RedisTemplate:
      Did not match:
         - @ConditionalOnBean (types: org.
springframework.data.redis.connection.Reac
tiveRedisConnectionFactory; 
SearchStrategy: all) did not find any 
beans of type org.springframework.data.red
is.connection.ReactiveRedisConnectionFacto
ry (OnBeanCondition)

   RedisReactiveAutoConfiguration#reactive
StringRedisTemplate:
      Did not match:
         - @ConditionalOnBean (types: org.
springframework.data.redis.connection.Reac
tiveRedisConnectionFactory; 
SearchStrategy: all) did not find any 
beans of type org.springframework.data.red
is.connection.ReactiveRedisConnectionFacto
ry (OnBeanCondition)

   RedisReactiveHealthContributorAutoConfi
guration:
      Did not match:
         - @ConditionalOnBean (types: org.
springframework.data.redis.connection.Reac
tiveRedisConnectionFactory; 
SearchStrategy: all) did not find any 
beans of type org.springframework.data.red
is.connection.ReactiveRedisConnectionFacto
ry (OnBeanCondition)
      Matched:
         - @ConditionalOnClass found 
required classes 'org.springframework.data
.redis.connection.ReactiveRedisConnectionF
actory', 'reactor.core.publisher.Flux' 
(OnClassCondition)
         - 
@ConditionalOnEnabledHealthIndicator 
management.health.defaults.enabled is 
considered true 
(OnEnabledHealthIndicatorCondition)

   RedisRepositoriesAutoConfiguration:
      Did not match:
         - @ConditionalOnBean (types: org.
springframework.data.redis.connection.Redi
sConnectionFactory; SearchStrategy: all) 
did not find any beans of type org.springf
ramework.data.redis.connection.RedisConnec
tionFactory (OnBeanCondition)
      Matched:
         - @ConditionalOnClass found 
required class 'org.springframework.data.r
edis.repository.configuration.EnableRedisR
epositories' (OnClassCondition)
         - @ConditionalOnBooleanProperty (
spring.data.redis.repositories.enabled=tru
e) matched (OnPropertyCondition)

   RepositoryRestMvcAutoConfiguration:
      Did not match:
         - @ConditionalOnClass did not 
find required class 'org.springframework.d
ata.rest.webmvc.config.RepositoryRestMvcCo
nfiguration' (OnClassCondition)

   Saml2RelyingPartyAutoConfiguration:
      Did not match:
         - @ConditionalOnClass did not 
find required class 'org.springframework.s
ecurity.saml2.provider.service.registratio
n.RelyingPartyRegistrationRepository' 
(OnClassCondition)

   SbomEndpointAutoConfiguration:
      Did not match:
         - 
@ConditionalOnAvailableEndpoint not 
exposed (OnAvailableEndpointCondition)

   
ScheduledTasksEndpointAutoConfiguration:
      Did not match:
         - 
@ConditionalOnAvailableEndpoint not 
exposed (OnAvailableEndpointCondition)

   SecurityDataConfiguration:
      Did not match:
         - @ConditionalOnClass did not 
find required class 'org.springframework.s
ecurity.data.repository.query.SecurityEval
uationContextExtension' (OnClassCondition)

   SecurityFilterAutoConfiguration:
      Did not match:
         - not a servlet web application 
(OnWebApplicationCondition)
      Matched:
         - @ConditionalOnClass found 
required classes 'org.springframework.secu
rity.web.context.AbstractSecurityWebApplic
ationInitializer', 'org.springframework.se
curity.config.http.SessionCreationPolicy' 
(OnClassCondition)

   SendGridAutoConfiguration:
      Did not match:
         - @ConditionalOnClass did not 
find required class 
'com.sendgrid.SendGrid' (OnClassCondition)

   
ServletManagementContextAutoConfiguration:
      Did not match:
         - not a servlet web application 
(OnWebApplicationCondition)
      Matched:
         - @ConditionalOnClass found 
required class 'jakarta.servlet.Servlet' 
(OnClassCondition)

   
ServletWebServerFactoryAutoConfiguration:
      Did not match:
         - not a servlet web application 
(OnWebApplicationCondition)
      Matched:
         - @ConditionalOnClass found 
required class 
'jakarta.servlet.ServletRequest' 
(OnClassCondition)

   SessionAutoConfiguration:
      Did not match:
         - @ConditionalOnClass did not 
find required class 
'org.springframework.session.Session' 
(OnClassCondition)

   SessionsEndpointAutoConfiguration:
      Did not match:
         - @ConditionalOnClass did not 
find required class 
'org.springframework.session.Session' 
(OnClassCondition)

   SeveranceLoggingAgenticEventListener:
      Did not match:
         - @ConditionalOnProperty (embabel
.agent.logging.personality=severance) did 
not find property 
'embabel.agent.logging.personality' 
(OnPropertyCondition)

   ShutdownEndpointAutoConfiguration:
      Did not match:
         - 
@ConditionalOnAvailableEndpoint the 
configured access for endpoint 'shutdown' 
is NONE (OnAvailableEndpointCondition)

   SignalFxMetricsExportAutoConfiguration:
      Did not match:
         - @ConditionalOnClass did not 
find required class 'io.micrometer.signalf
x.SignalFxMeterRegistry' 
(OnClassCondition)

   SpringApplicationAdminJmxAutoConfigurat
ion:
      Did not match:
         - @ConditionalOnBooleanProperty 
(spring.application.admin.enabled=true) 
did not find property 
'spring.application.admin.enabled' 
(OnPropertyCondition)

   SpringBootWebSecurityConfiguration:
      Did not match:
         - not a servlet web application 
(OnWebApplicationCondition)

   SpringDataWebAutoConfiguration:
      Did not match:
         - not a servlet web application 
(OnWebApplicationCondition)
      Matched:
         - @ConditionalOnClass found 
required classes 'org.springframework.data
.web.PageableHandlerMethodArgumentResolver
', 'org.springframework.web.servlet.config
.annotation.WebMvcConfigurer' 
(OnClassCondition)

   SslObservabilityAutoConfiguration#sslIn
foProvider:
      Did not match:
         - @ConditionalOnMissingBean 
(types: 
org.springframework.boot.info.SslInfo; 
SearchStrategy: all) found beans of type 
'org.springframework.boot.info.SslInfo' 
sslInfo (OnBeanCondition)

   
StackdriverMetricsExportAutoConfiguration:
      Did not match:
         - @ConditionalOnClass did not 
find required class 'io.micrometer.stackdr
iver.StackdriverMeterRegistry' 
(OnClassCondition)

   StarWarsColorPalette:
      Did not match:
         - @ConditionalOnProperty (embabel
.agent.logging.personality=starwars) did 
not find property 
'embabel.agent.logging.personality' 
(OnPropertyCondition)

   StarWarsLoggingAgenticEventListener:
      Did not match:
         - @ConditionalOnProperty (embabel
.agent.logging.personality=starwars) did 
not find property 
'embabel.agent.logging.personality' 
(OnPropertyCondition)

   StartupEndpointAutoConfiguration:
      Did not match:
         - ApplicationStartup configured 
applicationStartup is of type class org.sp
ringframework.core.metrics.DefaultApplicat
ionStartup, expected 
BufferingApplicationStartup. (StartupEndpo
intAutoConfiguration.ApplicationStartupCon
dition)

   StatsdMetricsExportAutoConfiguration:
      Did not match:
         - @ConditionalOnClass did not 
find required class 'io.micrometer.statsd.
StatsdMeterRegistry' (OnClassCondition)

   TaskExecutorConfigurations.SimpleAsyncT
askExecutorBuilderConfiguration#simpleAsyn
cTaskExecutorBuilder:
      Did not match:
         - @ConditionalOnThreading did 
not find PLATFORM (OnThreadingCondition)
      Matched:
         - @ConditionalOnMissingBean 
(types: org.springframework.boot.task.Simp
leAsyncTaskExecutorBuilder; 
SearchStrategy: all) did not find any 
beans (OnBeanCondition)

   TaskExecutorConfigurations.TaskExecutor
Configuration#applicationTaskExecutor:
      Did not match:
         - @ConditionalOnThreading did 
not find PLATFORM (OnThreadingCondition)

   TaskSchedulingAutoConfiguration#schedul
edBeanLazyInitializationExcludeFilter:
      Did not match:
         - @ConditionalOnBean (names: org.
springframework.context.annotation.interna
lScheduledAnnotationProcessor; 
SearchStrategy: all) did not find any 
beans named org.springframework.context.an
notation.internalScheduledAnnotationProces
sor (OnBeanCondition)

   TaskSchedulingConfigurations.SimpleAsyn
cTaskSchedulerBuilderConfiguration#simpleA
syncTaskSchedulerBuilder:
      Did not match:
         - @ConditionalOnThreading did 
not find PLATFORM (OnThreadingCondition)
      Matched:
         - @ConditionalOnMissingBean 
(types: org.springframework.boot.task.Simp
leAsyncTaskSchedulerBuilder; 
SearchStrategy: all) did not find any 
beans (OnBeanCondition)

   TaskSchedulingConfigurations.TaskSchedu
lerConfiguration:
      Did not match:
         - @ConditionalOnBean (names: org.
springframework.context.annotation.interna
lScheduledAnnotationProcessor; 
SearchStrategy: all) did not find any 
beans named org.springframework.context.an
notation.internalScheduledAnnotationProces
sor (OnBeanCondition)

   ThreadDumpEndpointAutoConfiguration:
      Did not match:
         - 
@ConditionalOnAvailableEndpoint not 
exposed (OnAvailableEndpointCondition)

   ThymeleafAutoConfiguration:
      Did not match:
         - @ConditionalOnClass did not 
find required class 'org.thymeleaf.spring6
.SpringTemplateEngine' (OnClassCondition)

   TomcatMetricsAutoConfiguration:
      Did not match:
         - @ConditionalOnWebApplication 
(required) not a servlet web application 
and not a reactive web application 
(OnWebApplicationCondition)
      Matched:
         - @ConditionalOnClass found 
required classes 'io.micrometer.core.instr
ument.binder.tomcat.TomcatMetrics', 
'org.apache.catalina.Manager' 
(OnClassCondition)

   TransactionAutoConfiguration#transactio
nalOperator:
      Did not match:
         - @ConditionalOnSingleCandidate 
(types: org.springframework.transaction.Re
activeTransactionManager; SearchStrategy: 
all) did not find any beans 
(OnBeanCondition)

   TransactionAutoConfiguration.AspectJTra
nsactionManagementConfiguration:
      Did not match:
         - @ConditionalOnBean (types: org.
springframework.transaction.aspectj.Abstra
ctTransactionAspect; SearchStrategy: all) 
did not find any beans of type org.springf
ramework.transaction.aspectj.AbstractTrans
actionAspect (OnBeanCondition)

   TransactionAutoConfiguration.EnableTran
sactionManagementConfiguration.JdkDynamicA
utoProxyConfiguration:
      Did not match:
         - @ConditionalOnBooleanProperty 
(spring.aop.proxy-target-class=false) did 
not find property 
'spring.aop.proxy-target-class' 
(OnPropertyCondition)

   UserDetailsServiceAutoConfiguration:
      Did not match:
         - not a servlet web application 
(OnWebApplicationCondition)
      Matched:
         - @ConditionalOnClass found 
required class 'org.springframework.securi
ty.authentication.AuthenticationManager' 
(OnClassCondition)
18:24:46.507 [main] INFO  ConditionEvaluationReportLogger - 

Error starting ApplicationContext. To display the condition evaluation report re-run your application with 'debug' enabled.
18:24:46.546 [main] ERROR SpringApplication - Application run failed
org.springframework.beans.factory.UnsatisfiedDependencyException: Error creating bean with name 'authController' defined in file [G:\ws-spring-ai\urbot\target\classes\org\legendstack\basebot\api\AuthController.class]: Unsatisfied dependency expressed through constructor parameter 0: Error creating bean with name 'userService' defined in class path resource [org/legendstack/basebot/TestSecurityConfiguration.class]: Unsatisfied dependency expressed through method 'userService' parameter 0: Error creating bean with name 'namedEntityDataRepository' defined in class path resource [org/legendstack/basebot/proposition/PropositionConfiguration.class]: Unsatisfied dependency expressed through method 'namedEntityDataRepository' parameter 3: Error creating bean with name 'compositeSchema' defined in class path resource [org/legendstack/basebot/proposition/PropositionConfiguration.class]: Unsatisfied dependency expressed through method 'compositeSchema' parameter 0: Error creating bean with name 'dataDictionary' defined in class path resource [org/legendstack/basebot/proposition/PropositionConfiguration.class]: Failed to instantiate [com.embabel.agent.core.DataDictionary]: Factory method 'dataDictionary' threw exception with message: Cannot invoke "org.legendstack.basebot.proposition.PropositionExtractionProperties.entityPackages()" because the return value of "org.legendstack.basebot.BotForgeProperties.memory()" is null
	at org.springframework.beans.factory.support.ConstructorResolver.createArgumentArray(ConstructorResolver.java:804)
	at org.springframework.beans.factory.support.ConstructorResolver.autowireConstructor(ConstructorResolver.java:240)
	at org.springframework.beans.factory.support.AbstractAutowireCapableBeanFactory.autowireConstructor(AbstractAutowireCapableBeanFactory.java:1395)
	at org.springframework.beans.factory.support.AbstractAutowireCapableBeanFactory.createBeanInstance(AbstractAutowireCapableBeanFactory.java:1232)
	at org.springframework.beans.factory.support.AbstractAutowireCapableBeanFactory.doCreateBean(AbstractAutowireCapableBeanFactory.java:569)
	at org.springframework.beans.factory.support.AbstractAutowireCapableBeanFactory.createBean(AbstractAutowireCapableBeanFactory.java:529)
	at org.springframework.beans.factory.support.AbstractBeanFactory.lambda$doGetBean$0(AbstractBeanFactory.java:339)
	at org.springframework.beans.factory.support.DefaultSingletonBeanRegistry.getSingleton(DefaultSingletonBeanRegistry.java:373)
	at org.springframework.beans.factory.support.AbstractBeanFactory.doGetBean(AbstractBeanFactory.java:337)
	at org.springframework.beans.factory.support.AbstractBeanFactory.getBean(AbstractBeanFactory.java:202)
	at org.springframework.beans.factory.support.DefaultListableBeanFactory.instantiateSingleton(DefaultListableBeanFactory.java:1228)
	at org.springframework.beans.factory.support.DefaultListableBeanFactory.preInstantiateSingleton(DefaultListableBeanFactory.java:1194)
	at org.springframework.beans.factory.support.DefaultListableBeanFactory.preInstantiateSingletons(DefaultListableBeanFactory.java:1130)
	at org.springframework.context.support.AbstractApplicationContext.finishBeanFactoryInitialization(AbstractApplicationContext.java:990)
	at org.springframework.context.support.AbstractApplicationContext.refresh(AbstractApplicationContext.java:627)
	at org.springframework.boot.SpringApplication.refresh(SpringApplication.java:752)
	at org.springframework.boot.SpringApplication.refreshContext(SpringApplication.java:439)
	at org.springframework.boot.SpringApplication.run(SpringApplication.java:318)
	at org.springframework.boot.test.context.SpringBootContextLoader.lambda$loadContext$3(SpringBootContextLoader.java:152)
	at org.springframework.util.function.ThrowingSupplier.get(ThrowingSupplier.java:58)
	at org.springframework.util.function.ThrowingSupplier.get(ThrowingSupplier.java:46)
	at org.springframework.boot.SpringApplication.withHook(SpringApplication.java:1461)
	at org.springframework.boot.test.context.SpringBootContextLoader$ContextLoaderHook.run(SpringBootContextLoader.java:595)
	at org.springframework.boot.test.context.SpringBootContextLoader.loadContext(SpringBootContextLoader.java:152)
	at org.springframework.boot.test.context.SpringBootContextLoader.loadContext(SpringBootContextLoader.java:111)
	at org.springframework.test.context.cache.DefaultCacheAwareContextLoaderDelegate.loadContextInternal(DefaultCacheAwareContextLoaderDelegate.java:225)
	at org.springframework.test.context.cache.DefaultCacheAwareContextLoaderDelegate.loadContext(DefaultCacheAwareContextLoaderDelegate.java:152)
	at org.springframework.test.context.support.DefaultTestContext.getApplicationContext(DefaultTestContext.java:130)
	at org.springframework.test.context.web.ServletTestExecutionListener.setUpRequestContextIfNecessary(ServletTestExecutionListener.java:200)
	at org.springframework.test.context.web.ServletTestExecutionListener.prepareTestInstance(ServletTestExecutionListener.java:139)
	at org.springframework.test.context.TestContextManager.prepareTestInstance(TestContextManager.java:260)
	at org.springframework.test.context.junit.jupiter.SpringExtension.postProcessTestInstance(SpringExtension.java:159)
	at org.junit.jupiter.engine.descriptor.ClassBasedTestDescriptor.lambda$invokeTestInstancePostProcessors$10(ClassBasedTestDescriptor.java:383)
	at org.junit.jupiter.engine.descriptor.ClassBasedTestDescriptor.executeAndMaskThrowable(ClassBasedTestDescriptor.java:388)
	at org.junit.jupiter.engine.descriptor.ClassBasedTestDescriptor.lambda$invokeTestInstancePostProcessors$11(ClassBasedTestDescriptor.java:382)
	at java.base/java.util.stream.ForEachOps$ForEachOp$OfRef.accept(ForEachOps.java:186)
	at java.base/java.util.stream.ReferencePipeline$3$1.accept(ReferencePipeline.java:214)
	at java.base/java.util.stream.ReferencePipeline$2$1.accept(ReferencePipeline.java:197)
	at java.base/java.util.stream.ReferencePipeline$3$1.accept(ReferencePipeline.java:214)
	at java.base/java.util.ArrayList$ArrayListSpliterator.forEachRemaining(ArrayList.java:1716)
	at java.base/java.util.stream.AbstractPipeline.copyInto(AbstractPipeline.java:570)
	at java.base/java.util.stream.AbstractPipeline.wrapAndCopyInto(AbstractPipeline.java:560)
	at java.base/java.util.stream.ForEachOps$ForEachOp.evaluateSequential(ForEachOps.java:153)
	at java.base/java.util.stream.ForEachOps$ForEachOp$OfRef.evaluateSequential(ForEachOps.java:176)
	at java.base/java.util.stream.AbstractPipeline.evaluate(AbstractPipeline.java:265)
	at java.base/java.util.stream.ReferencePipeline.forEach(ReferencePipeline.java:632)
	at org.junit.jupiter.engine.descriptor.ClassBasedTestDescriptor.invokeTestInstancePostProcessors(ClassBasedTestDescriptor.java:382)
	at org.junit.jupiter.engine.descriptor.ClassBasedTestDescriptor.lambda$instantiateAndPostProcessTestInstance$6(ClassBasedTestDescriptor.java:293)
	at org.junit.platform.engine.support.hierarchical.ThrowableCollector.execute(ThrowableCollector.java:73)
	at org.junit.jupiter.engine.descriptor.ClassBasedTestDescriptor.instantiateAndPostProcessTestInstance(ClassBasedTestDescriptor.java:292)
	at org.junit.jupiter.engine.descriptor.ClassBasedTestDescriptor.lambda$testInstancesProvider$4(ClassBasedTestDescriptor.java:281)
	at java.base/java.util.Optional.orElseGet(Optional.java:364)
	at org.junit.jupiter.engine.descriptor.ClassBasedTestDescriptor.lambda$testInstancesProvider$5(ClassBasedTestDescriptor.java:280)
	at org.junit.jupiter.engine.execution.TestInstancesProvider.getTestInstances(TestInstancesProvider.java:27)
	at org.junit.jupiter.engine.descriptor.TestMethodTestDescriptor.lambda$prepare$0(TestMethodTestDescriptor.java:112)
	at org.junit.platform.engine.support.hierarchical.ThrowableCollector.execute(ThrowableCollector.java:73)
	at org.junit.jupiter.engine.descriptor.TestMethodTestDescriptor.prepare(TestMethodTestDescriptor.java:111)
	at org.junit.jupiter.engine.descriptor.TestMethodTestDescriptor.prepare(TestMethodTestDescriptor.java:69)
	at org.junit.platform.engine.support.hierarchical.NodeTestTask.lambda$prepare$2(NodeTestTask.java:128)
	at org.junit.platform.engine.support.hierarchical.ThrowableCollector.execute(ThrowableCollector.java:73)
	at org.junit.platform.engine.support.hierarchical.NodeTestTask.prepare(NodeTestTask.java:128)
	at org.junit.platform.engine.support.hierarchical.NodeTestTask.execute(NodeTestTask.java:95)
	at java.base/java.util.ArrayList.forEach(ArrayList.java:1604)
	at org.junit.platform.engine.support.hierarchical.SameThreadHierarchicalTestExecutorService.invokeAll(SameThreadHierarchicalTestExecutorService.java:41)
	at org.junit.platform.engine.support.hierarchical.NodeTestTask.lambda$executeRecursively$6(NodeTestTask.java:160)
	at org.junit.platform.engine.support.hierarchical.ThrowableCollector.execute(ThrowableCollector.java:73)
	at org.junit.platform.engine.support.hierarchical.NodeTestTask.lambda$executeRecursively$8(NodeTestTask.java:146)
	at org.junit.platform.engine.support.hierarchical.Node.around(Node.java:137)
	at org.junit.platform.engine.support.hierarchical.NodeTestTask.lambda$executeRecursively$9(NodeTestTask.java:144)
	at org.junit.platform.engine.support.hierarchical.ThrowableCollector.execute(ThrowableCollector.java:73)
	at org.junit.platform.engine.support.hierarchical.NodeTestTask.executeRecursively(NodeTestTask.java:143)
	at org.junit.platform.engine.support.hierarchical.NodeTestTask.execute(NodeTestTask.java:100)

   WavefrontAutoConfiguration:
      Did not match:
         - @ConditionalOnClass did not 
find required class 'com.wavefront.sdk.com
mon.application.ApplicationTags' 
(OnClassCondition)

   
WavefrontMetricsExportAutoConfiguration:
      Did not match:
         - @ConditionalOnClass did not 
find required class 'com.wavefront.sdk.com
mon.WavefrontSender' (OnClassCondition)

   WavefrontTracingAutoConfiguration:
      Did not match:
         - @ConditionalOnClass did not 
find required class 'com.wavefront.sdk.com
mon.WavefrontSender' (OnClassCondition)

   WebEndpointAutoConfiguration:
      Did not match:
         - @ConditionalOnWebApplication 
(required) not a servlet web application 
and not a reactive web application 
(OnWebApplicationCondition)

   WebFluxAutoConfiguration:
      Did not match:
         - not a reactive web application 
(OnWebApplicationCondition)
      Matched:
         - @ConditionalOnClass found 
required class 'org.springframework.web.re
active.config.WebFluxConfigurer' 
(OnClassCondition)

   WebFluxObservationAutoConfiguration:
      Did not match:
         - not a reactive web application 
(OnWebApplicationCondition)
      Matched:
         - @ConditionalOnClass found 
required classes 
'io.micrometer.observation.Observation', '
io.micrometer.core.instrument.MeterRegistr
y' (OnClassCondition)

   WebMvcAutoConfiguration:
      Did not match:
         - not a servlet web application 
(OnWebApplicationCondition)
      Matched:
         - @ConditionalOnClass found 
required classes 
'jakarta.servlet.Servlet', 'org.springfram
ework.web.servlet.DispatcherServlet', 'org
.springframework.web.servlet.config.annota
tion.WebMvcConfigurer' (OnClassCondition)

   WebMvcObservationAutoConfiguration:
      Did not match:
         - not a servlet web application 
(OnWebApplicationCondition)
      Matched:
         - @ConditionalOnClass found 
required classes 'org.springframework.web.
servlet.DispatcherServlet', 
'io.micrometer.observation.Observation' 
(OnClassCondition)

   WebServiceTemplateAutoConfiguration:
      Did not match:
         - @ConditionalOnClass did not 
find required class 'org.springframework.w
s.client.core.WebServiceTemplate' 
(OnClassCondition)

   WebServicesAutoConfiguration:
      Did not match:
         - @ConditionalOnClass did not 
find required class 'org.springframework.w
s.transport.http.MessageDispatcherServlet'
 (OnClassCondition)

   WebSessionIdResolverAutoConfiguration:
      Did not match:
         - not a reactive web application 
(OnWebApplicationCondition)
      Matched:
         - @ConditionalOnClass found 
required classes 'org.springframework.web.
server.session.WebSessionManager', 
'reactor.core.publisher.Mono' 
(OnClassCondition)

   WebSocketMessagingAutoConfiguration:
      Did not match:
         - @ConditionalOnClass did not 
find required class 'org.springframework.w
eb.socket.config.annotation.WebSocketMessa
geBrokerConfigurer' (OnClassCondition)

   WebSocketReactiveAutoConfiguration:
      Did not match:
         - not a reactive web application 
(OnWebApplicationCondition)
      Matched:
         - @ConditionalOnClass found 
required classes 
'jakarta.servlet.Servlet', 'jakarta.websoc
ket.server.ServerContainer' 
(OnClassCondition)

   WebSocketServletAutoConfiguration:
      Did not match:
         - not a servlet web application 
(OnWebApplicationCondition)
      Matched:
         - @ConditionalOnClass found 
required classes 
'jakarta.servlet.Servlet', 'jakarta.websoc
ket.server.ServerContainer' 
(OnClassCondition)

   XADataSourceAutoConfiguration:
      Did not match:
         - @ConditionalOnBean (types: org.
springframework.boot.jdbc.XADataSourceWrap
per; SearchStrategy: all) did not find 
any beans of type org.springframework.boot
.jdbc.XADataSourceWrapper 
(OnBeanCondition)
      Matched:
         - @ConditionalOnClass found 
required classes 'javax.sql.DataSource', 
'jakarta.transaction.TransactionManager', 
'org.springframework.jdbc.datasource.embed
ded.EmbeddedDatabaseType' 
(OnClassCondition)

   ZipkinAutoConfiguration:
      Did not match:
         - @ConditionalOnClass did not 
find required class 
'zipkin2.reporter.Encoding' 
(OnClassCondition)


Exclusions:
-----------

    org.springframework.boot.autoconfigure
.jdbc.DataSourceAutoConfiguration

    org.springframework.boot.autoconfigure
.orm.jpa.HibernateJpaAutoConfiguration

    org.springframework.boot.autoconfigure
.data.redis.RedisAutoConfiguration

    org.springframework.boot.autoconfigure
.neo4j.Neo4jAutoConfiguration


Unconditional classes:
----------------------

    org.springframework.boot.autoconfigure
.context.ConfigurationPropertiesAutoConfig
uration

    org.springframework.boot.actuate.autoc
onfigure.availability.AvailabilityHealthCo
ntributorAutoConfiguration

    org.springframework.boot.autoconfigure
.ssl.SslAutoConfiguration

    org.springframework.boot.actuate.autoc
onfigure.info.InfoContributorAutoConfigura
tion

    org.springframework.boot.autoconfigure
.context.PropertyPlaceholderAutoConfigurat
ion

    org.springframework.boot.autoconfigure
.context.LifecycleAutoConfiguration

    org.springframework.boot.actuate.autoc
onfigure.metrics.integration.IntegrationMe
tricsAutoConfiguration

    org.springframework.boot.actuate.autoc
onfigure.endpoint.EndpointAutoConfiguratio
n

    org.springframework.boot.actuate.autoc
onfigure.web.server.ManagementContextAutoC
onfiguration

    com.embabel.agent.autoconfigure.models
.openai.AgentOpenAiAutoConfiguration

    org.springframework.boot.actuate.autoc
onfigure.health.HealthContributorAutoConfi
guration

    com.embabel.agent.autoconfigure.platfo
rm.AgentPlatformAutoConfiguration

    org.springframework.boot.autoconfigure
.availability.ApplicationAvailabilityAutoC
onfiguration

    com.embabel.agent.autoconfigure.netty.
NettyClientAutoConfiguration

    org.springframework.boot.autoconfigure
.info.ProjectInfoAutoConfiguration

    com.embabel.agent.autoconfigure.models
.ollama.AgentOllamaAutoConfiguration



	at java.base/java.util.ArrayList.forEach(ArrayList.java:1604)
	at org.junit.platform.engine.support.hierarchical.SameThreadHierarchicalTestExecutorService.invokeAll(SameThreadHierarchicalTestExecutorService.java:41)
	at org.junit.platform.engine.support.hierarchical.NodeTestTask.lambda$executeRecursively$6(NodeTestTask.java:160)
	at org.junit.platform.engine.support.hierarchical.ThrowableCollector.execute(ThrowableCollector.java:73)
	at org.junit.platform.engine.support.hierarchical.NodeTestTask.lambda$executeRecursively$8(NodeTestTask.java:146)
	at org.junit.platform.engine.support.hierarchical.Node.around(Node.java:137)
	at org.junit.platform.engine.support.hierarchical.NodeTestTask.lambda$executeRecursively$9(NodeTestTask.java:144)
	at org.junit.platform.engine.support.hierarchical.ThrowableCollector.execute(ThrowableCollector.java:73)
	at org.junit.platform.engine.support.hierarchical.NodeTestTask.executeRecursively(NodeTestTask.java:143)
	at org.junit.platform.engine.support.hierarchical.NodeTestTask.execute(NodeTestTask.java:100)
	at org.junit.platform.engine.support.hierarchical.SameThreadHierarchicalTestExecutorService.submit(SameThreadHierarchicalTestExecutorService.java:35)
	at org.junit.platform.engine.support.hierarchical.HierarchicalTestExecutor.execute(HierarchicalTestExecutor.java:57)
	at org.junit.platform.engine.support.hierarchical.HierarchicalTestEngine.execute(HierarchicalTestEngine.java:54)
	at org.junit.platform.launcher.core.EngineExecutionOrchestrator.execute(EngineExecutionOrchestrator.java:201)
	at org.junit.platform.launcher.core.EngineExecutionOrchestrator.execute(EngineExecutionOrchestrator.java:170)
	at org.junit.platform.launcher.core.EngineExecutionOrchestrator.execute(EngineExecutionOrchestrator.java:94)
	at org.junit.platform.launcher.core.EngineExecutionOrchestrator.lambda$execute$0(EngineExecutionOrchestrator.java:59)
	at org.junit.platform.launcher.core.EngineExecutionOrchestrator.withInterceptedStreams(EngineExecutionOrchestrator.java:142)
	at org.junit.platform.launcher.core.EngineExecutionOrchestrator.execute(EngineExecutionOrchestrator.java:58)
	at org.junit.platform.launcher.core.DefaultLauncher.execute(DefaultLauncher.java:103)
	at org.junit.platform.launcher.core.DefaultLauncher.execute(DefaultLauncher.java:85)
	at org.junit.platform.launcher.core.DelegatingLauncher.execute(DelegatingLauncher.java:47)
	at org.junit.platform.launcher.core.InterceptingLauncher.lambda$execute$1(InterceptingLauncher.java:39)
	at org.junit.platform.launcher.core.ClasspathAlignmentCheckingLauncherInterceptor.intercept(ClasspathAlignmentCheckingLauncherInterceptor.java:25)
	at org.junit.platform.launcher.core.InterceptingLauncher.execute(InterceptingLauncher.java:38)
	at org.junit.platform.launcher.core.DelegatingLauncher.execute(DelegatingLauncher.java:47)
	at org.apache.maven.surefire.junitplatform.LauncherAdapter.executeWithoutCancellationToken(LauncherAdapter.java:60)
	at org.apache.maven.surefire.junitplatform.LauncherAdapter.execute(LauncherAdapter.java:52)
	at org.apache.maven.surefire.junitplatform.JUnitPlatformProvider.execute(JUnitPlatformProvider.java:203)
	at org.apache.maven.surefire.junitplatform.JUnitPlatformProvider.invokeAllTests(JUnitPlatformProvider.java:168)
	at org.apache.maven.surefire.junitplatform.JUnitPlatformProvider.invoke(JUnitPlatformProvider.java:136)
	at org.apache.maven.surefire.booter.ForkedBooter.runSuitesInProcess(ForkedBooter.java:385)
	at org.apache.maven.surefire.booter.ForkedBooter.execute(ForkedBooter.java:162)
	at org.apache.maven.surefire.booter.ForkedBooter.run(ForkedBooter.java:507)
	at org.apache.maven.surefire.booter.ForkedBooter.main(ForkedBooter.java:495)
Caused by: org.springframework.beans.factory.UnsatisfiedDependencyException: Error creating bean with name 'userService' defined in class path resource [org/legendstack/basebot/TestSecurityConfiguration.class]: Unsatisfied dependency expressed through method 'userService' parameter 0: Error creating bean with name 'namedEntityDataRepository' defined in class path resource [org/legendstack/basebot/proposition/PropositionConfiguration.class]: Unsatisfied dependency expressed through method 'namedEntityDataRepository' parameter 3: Error creating bean with name 'compositeSchema' defined in class path resource [org/legendstack/basebot/proposition/PropositionConfiguration.class]: Unsatisfied dependency expressed through method 'compositeSchema' parameter 0: Error creating bean with name 'dataDictionary' defined in class path resource [org/legendstack/basebot/proposition/PropositionConfiguration.class]: Failed to instantiate [com.embabel.agent.core.DataDictionary]: Factory method 'dataDictionary' threw exception with message: Cannot invoke "org.legendstack.basebot.proposition.PropositionExtractionProperties.entityPackages()" because the return value of "org.legendstack.basebot.BotForgeProperties.memory()" is null
	at org.springframework.beans.factory.support.ConstructorResolver.createArgumentArray(ConstructorResolver.java:804)
	at org.springframework.beans.factory.support.ConstructorResolver.instantiateUsingFactoryMethod(ConstructorResolver.java:546)
	at org.springframework.beans.factory.support.AbstractAutowireCapableBeanFactory.instantiateUsingFactoryMethod(AbstractAutowireCapableBeanFactory.java:1375)
	at org.springframework.beans.factory.support.AbstractAutowireCapableBeanFactory.createBeanInstance(AbstractAutowireCapableBeanFactory.java:1205)
	at org.springframework.beans.factory.support.AbstractAutowireCapableBeanFactory.doCreateBean(AbstractAutowireCapableBeanFactory.java:569)
	at org.springframework.beans.factory.support.AbstractAutowireCapableBeanFactory.createBean(AbstractAutowireCapableBeanFactory.java:529)
	at org.springframework.beans.factory.support.AbstractBeanFactory.lambda$doGetBean$0(AbstractBeanFactory.java:339)
	at org.springframework.beans.factory.support.DefaultSingletonBeanRegistry.getSingleton(DefaultSingletonBeanRegistry.java:373)
	at org.springframework.beans.factory.support.AbstractBeanFactory.doGetBean(AbstractBeanFactory.java:337)
	at org.springframework.beans.factory.support.AbstractBeanFactory.getBean(AbstractBeanFactory.java:202)
	at org.springframework.beans.factory.support.DefaultListableBeanFactory.doResolveDependency(DefaultListableBeanFactory.java:1708)
	at org.springframework.beans.factory.support.DefaultListableBeanFactory.resolveDependency(DefaultListableBeanFactory.java:1653)
	at org.springframework.beans.factory.support.ConstructorResolver.resolveAutowiredArgument(ConstructorResolver.java:913)
	at org.springframework.beans.factory.support.ConstructorResolver.createArgumentArray(ConstructorResolver.java:791)
	... 106 common frames omitted
Caused by: org.springframework.beans.factory.UnsatisfiedDependencyException: Error creating bean with name 'namedEntityDataRepository' defined in class path resource [org/legendstack/basebot/proposition/PropositionConfiguration.class]: Unsatisfied dependency expressed through method 'namedEntityDataRepository' parameter 3: Error creating bean with name 'compositeSchema' defined in class path resource [org/legendstack/basebot/proposition/PropositionConfiguration.class]: Unsatisfied dependency expressed through method 'compositeSchema' parameter 0: Error creating bean with name 'dataDictionary' defined in class path resource [org/legendstack/basebot/proposition/PropositionConfiguration.class]: Failed to instantiate [com.embabel.agent.core.DataDictionary]: Factory method 'dataDictionary' threw exception with message: Cannot invoke "org.legendstack.basebot.proposition.PropositionExtractionProperties.entityPackages()" because the return value of "org.legendstack.basebot.BotForgeProperties.memory()" is null
	at org.springframework.beans.factory.support.ConstructorResolver.createArgumentArray(ConstructorResolver.java:804)
	at org.springframework.beans.factory.support.ConstructorResolver.instantiateUsingFactoryMethod(ConstructorResolver.java:546)
	at org.springframework.beans.factory.support.AbstractAutowireCapableBeanFactory.instantiateUsingFactoryMethod(AbstractAutowireCapableBeanFactory.java:1375)
	at org.springframework.beans.factory.support.AbstractAutowireCapableBeanFactory.createBeanInstance(AbstractAutowireCapableBeanFactory.java:1205)
	at org.springframework.beans.factory.support.AbstractAutowireCapableBeanFactory.doCreateBean(AbstractAutowireCapableBeanFactory.java:569)
	at org.springframework.beans.factory.support.AbstractAutowireCapableBeanFactory.createBean(AbstractAutowireCapableBeanFactory.java:529)
	at org.springframework.beans.factory.support.AbstractBeanFactory.lambda$doGetBean$0(AbstractBeanFactory.java:339)
	at org.springframework.beans.factory.support.DefaultSingletonBeanRegistry.getSingleton(DefaultSingletonBeanRegistry.java:373)
	at org.springframework.beans.factory.support.AbstractBeanFactory.doGetBean(AbstractBeanFactory.java:337)
	at org.springframework.beans.factory.support.AbstractBeanFactory.getBean(AbstractBeanFactory.java:202)
	at org.springframework.beans.factory.config.DependencyDescriptor.resolveCandidate(DependencyDescriptor.java:254)
	at org.springframework.beans.factory.support.DefaultListableBeanFactory.doResolveDependency(DefaultListableBeanFactory.java:1770)
	at org.springframework.beans.factory.support.DefaultListableBeanFactory.resolveDependency(DefaultListableBeanFactory.java:1653)
	at org.springframework.beans.factory.support.ConstructorResolver.resolveAutowiredArgument(ConstructorResolver.java:913)
	at org.springframework.beans.factory.support.ConstructorResolver.createArgumentArray(ConstructorResolver.java:791)
	... 119 common frames omitted
Caused by: org.springframework.beans.factory.UnsatisfiedDependencyException: Error creating bean with name 'compositeSchema' defined in class path resource [org/legendstack/basebot/proposition/PropositionConfiguration.class]: Unsatisfied dependency expressed through method 'compositeSchema' parameter 0: Error creating bean with name 'dataDictionary' defined in class path resource [org/legendstack/basebot/proposition/PropositionConfiguration.class]: Failed to instantiate [com.embabel.agent.core.DataDictionary]: Factory method 'dataDictionary' threw exception with message: Cannot invoke "org.legendstack.basebot.proposition.PropositionExtractionProperties.entityPackages()" because the return value of "org.legendstack.basebot.BotForgeProperties.memory()" is null
	at org.springframework.beans.factory.support.ConstructorResolver.createArgumentArray(ConstructorResolver.java:804)
	at org.springframework.beans.factory.support.ConstructorResolver.instantiateUsingFactoryMethod(ConstructorResolver.java:546)
	at org.springframework.beans.factory.support.AbstractAutowireCapableBeanFactory.instantiateUsingFactoryMethod(AbstractAutowireCapableBeanFactory.java:1375)
	at org.springframework.beans.factory.support.AbstractAutowireCapableBeanFactory.createBeanInstance(AbstractAutowireCapableBeanFactory.java:1205)
	at org.springframework.beans.factory.support.AbstractAutowireCapableBeanFactory.doCreateBean(AbstractAutowireCapableBeanFactory.java:569)
	at org.springframework.beans.factory.support.AbstractAutowireCapableBeanFactory.createBean(AbstractAutowireCapableBeanFactory.java:529)
	at org.springframework.beans.factory.support.AbstractBeanFactory.lambda$doGetBean$0(AbstractBeanFactory.java:339)
	at org.springframework.beans.factory.support.DefaultSingletonBeanRegistry.getSingleton(DefaultSingletonBeanRegistry.java:373)
	at org.springframework.beans.factory.support.AbstractBeanFactory.doGetBean(AbstractBeanFactory.java:337)
	at org.springframework.beans.factory.support.AbstractBeanFactory.getBean(AbstractBeanFactory.java:202)
	at org.springframework.beans.factory.config.DependencyDescriptor.resolveCandidate(DependencyDescriptor.java:254)
	at org.springframework.beans.factory.support.DefaultListableBeanFactory.doResolveDependency(DefaultListableBeanFactory.java:1770)
	at org.springframework.beans.factory.support.DefaultListableBeanFactory.resolveDependency(DefaultListableBeanFactory.java:1653)
	at org.springframework.beans.factory.support.ConstructorResolver.resolveAutowiredArgument(ConstructorResolver.java:913)
	at org.springframework.beans.factory.support.ConstructorResolver.createArgumentArray(ConstructorResolver.java:791)
	... 133 common frames omitted
Caused by: org.springframework.beans.factory.BeanCreationException: Error creating bean with name 'dataDictionary' defined in class path resource [org/legendstack/basebot/proposition/PropositionConfiguration.class]: Failed to instantiate [com.embabel.agent.core.DataDictionary]: Factory method 'dataDictionary' threw exception with message: Cannot invoke "org.legendstack.basebot.proposition.PropositionExtractionProperties.entityPackages()" because the return value of "org.legendstack.basebot.BotForgeProperties.memory()" is null
	at org.springframework.beans.factory.support.ConstructorResolver.instantiate(ConstructorResolver.java:657)
	at org.springframework.beans.factory.support.ConstructorResolver.instantiateUsingFactoryMethod(ConstructorResolver.java:645)
	at org.springframework.beans.factory.support.AbstractAutowireCapableBeanFactory.instantiateUsingFactoryMethod(AbstractAutowireCapableBeanFactory.java:1375)
	at org.springframework.beans.factory.support.AbstractAutowireCapableBeanFactory.createBeanInstance(AbstractAutowireCapableBeanFactory.java:1205)
	at org.springframework.beans.factory.support.AbstractAutowireCapableBeanFactory.doCreateBean(AbstractAutowireCapableBeanFactory.java:569)
	at org.springframework.beans.factory.support.AbstractAutowireCapableBeanFactory.createBean(AbstractAutowireCapableBeanFactory.java:529)
	at org.springframework.beans.factory.support.AbstractBeanFactory.lambda$doGetBean$0(AbstractBeanFactory.java:339)
	at org.springframework.beans.factory.support.DefaultSingletonBeanRegistry.getSingleton(DefaultSingletonBeanRegistry.java:373)
	at org.springframework.beans.factory.support.AbstractBeanFactory.doGetBean(AbstractBeanFactory.java:337)
	at org.springframework.beans.factory.support.AbstractBeanFactory.getBean(AbstractBeanFactory.java:202)
	at org.springframework.beans.factory.config.DependencyDescriptor.resolveCandidate(DependencyDescriptor.java:254)
	at org.springframework.beans.factory.support.DefaultListableBeanFactory.addCandidateEntry(DefaultListableBeanFactory.java:2022)
	at org.springframework.beans.factory.support.DefaultListableBeanFactory.findAutowireCandidates(DefaultListableBeanFactory.java:1985)
	at org.springframework.beans.factory.support.DefaultListableBeanFactory.resolveMultipleBeanCollection(DefaultListableBeanFactory.java:1875)
	at org.springframework.beans.factory.support.DefaultListableBeanFactory.resolveMultipleBeans(DefaultListableBeanFactory.java:1843)
	at org.springframework.beans.factory.support.DefaultListableBeanFactory.doResolveDependency(DefaultListableBeanFactory.java:1719)
	at org.springframework.beans.factory.support.DefaultListableBeanFactory.resolveDependency(DefaultListableBeanFactory.java:1653)
	at org.springframework.beans.factory.support.ConstructorResolver.resolveAutowiredArgument(ConstructorResolver.java:913)
	at org.springframework.beans.factory.support.ConstructorResolver.createArgumentArray(ConstructorResolver.java:791)
	... 147 common frames omitted
Caused by: org.springframework.beans.BeanInstantiationException: Failed to instantiate [com.embabel.agent.core.DataDictionary]: Factory method 'dataDictionary' threw exception with message: Cannot invoke "org.legendstack.basebot.proposition.PropositionExtractionProperties.entityPackages()" because the return value of "org.legendstack.basebot.BotForgeProperties.memory()" is null
	at org.springframework.beans.factory.support.SimpleInstantiationStrategy.lambda$instantiate$0(SimpleInstantiationStrategy.java:200)
	at org.springframework.beans.factory.support.SimpleInstantiationStrategy.instantiateWithFactoryMethod(SimpleInstantiationStrategy.java:89)
	at org.springframework.beans.factory.support.SimpleInstantiationStrategy.instantiate(SimpleInstantiationStrategy.java:169)
	at org.springframework.beans.factory.support.ConstructorResolver.instantiate(ConstructorResolver.java:653)
	... 165 common frames omitted
Caused by: java.lang.NullPointerException: Cannot invoke "org.legendstack.basebot.proposition.PropositionExtractionProperties.entityPackages()" because the return value of "org.legendstack.basebot.BotForgeProperties.memory()" is null
	at org.legendstack.basebot.proposition.PropositionConfiguration.dataDictionary(PropositionConfiguration.java:62)
	at org.legendstack.basebot.proposition.PropositionConfiguration$$SpringCGLIB$$0.CGLIB$dataDictionary$1(<generated>)
	at org.legendstack.basebot.proposition.PropositionConfiguration$$SpringCGLIB$$FastClass$$1.invoke(<generated>)
	at org.springframework.cglib.proxy.MethodProxy.invokeSuper(MethodProxy.java:258)
	at org.springframework.context.annotation.ConfigurationClassEnhancer$BeanMethodInterceptor.intercept(ConfigurationClassEnhancer.java:400)
	at org.legendstack.basebot.proposition.PropositionConfiguration$$SpringCGLIB$$0.dataDictionary(<generated>)
	at java.base/jdk.internal.reflect.DirectMethodHandleAccessor.invoke(DirectMethodHandleAccessor.java:104)
	at java.base/java.lang.reflect.Method.invoke(Method.java:565)
	at org.springframework.beans.factory.support.SimpleInstantiationStrategy.lambda$instantiate$0(SimpleInstantiationStrategy.java:172)
	... 168 common frames omitted
18:24:46.563 [main] WARN  TestContextManager - Caught exception while allowing TestExecutionListener [org.springframework.test.context.web.ServletTestExecutionListener] to prepare test instance [org.legendstack.basebot.ChatActionsIntegrationTest@bd8f424]
java.lang.IllegalStateException: Failed to load ApplicationContext for [WebMergedContextConfiguration@3a7be6e6 testClass = org.legendstack.basebot.ChatActionsIntegrationTest, locations = [], classes = [org.legendstack.basebot.TestBotForgeApplication], contextInitializerClasses = [], activeProfiles = [], propertySourceDescriptors = [], propertySourceProperties = ["org.springframework.boot.test.context.SpringBootTestContextBootstrapper=true"], contextCustomizers = [org.springframework.boot.test.context.filter.ExcludeFilterContextCustomizer@6ee4d9ab, org.springframework.boot.test.json.DuplicateJsonObjectContextCustomizerFactory$DuplicateJsonObjectContextCustomizer@13d4992d, org.springframework.boot.test.mock.mockito.MockitoContextCustomizer@15209afd, org.springframework.boot.test.web.client.TestRestTemplateContextCustomizer@1bd39d3c, org.springframework.boot.test.web.reactive.server.WebTestClientContextCustomizer@455b6df1, org.springframework.boot.test.web.reactor.netty.DisableReactorResourceFactoryGlobalResourcesContextCustomizerFactory$DisableReactorResourceFactoryGlobalResourcesContextCustomizerCustomizer@20ca951f, org.springframework.boot.test.autoconfigure.OnFailureConditionReportContextCustomizerFactory$OnFailureConditionReportContextCustomizer@1838ccb8, org.springframework.boot.test.autoconfigure.actuate.observability.ObservabilityContextCustomizerFactory$DisableObservabilityContextCustomizer@1f, org.springframework.boot.test.autoconfigure.properties.PropertyMappingContextCustomizer@0, org.springframework.boot.test.autoconfigure.web.servlet.WebDriverContextCustomizer@1583741e, org.springframework.test.context.support.DynamicPropertiesContextCustomizer@0, org.springframework.boot.test.context.SpringBootTestAnnotation@9bd2f4d4], resourceBasePath = "src/main/webapp", contextLoader = org.springframework.boot.test.context.SpringBootContextLoader, parent = null]
	at org.springframework.test.context.cache.DefaultCacheAwareContextLoaderDelegate.loadContext(DefaultCacheAwareContextLoaderDelegate.java:180)
	at org.springframework.test.context.support.DefaultTestContext.getApplicationContext(DefaultTestContext.java:130)
	at org.springframework.test.context.web.ServletTestExecutionListener.setUpRequestContextIfNecessary(ServletTestExecutionListener.java:200)
	at org.springframework.test.context.web.ServletTestExecutionListener.prepareTestInstance(ServletTestExecutionListener.java:139)
	at org.springframework.test.context.TestContextManager.prepareTestInstance(TestContextManager.java:260)
	at org.springframework.test.context.junit.jupiter.SpringExtension.postProcessTestInstance(SpringExtension.java:159)
	at org.junit.jupiter.engine.descriptor.ClassBasedTestDescriptor.lambda$invokeTestInstancePostProcessors$10(ClassBasedTestDescriptor.java:383)
	at org.junit.jupiter.engine.descriptor.ClassBasedTestDescriptor.executeAndMaskThrowable(ClassBasedTestDescriptor.java:388)
	at org.junit.jupiter.engine.descriptor.ClassBasedTestDescriptor.lambda$invokeTestInstancePostProcessors$11(ClassBasedTestDescriptor.java:382)
	at java.base/java.util.stream.ForEachOps$ForEachOp$OfRef.accept(ForEachOps.java:186)
	at java.base/java.util.stream.ReferencePipeline$3$1.accept(ReferencePipeline.java:214)
	at java.base/java.util.stream.ReferencePipeline$2$1.accept(ReferencePipeline.java:197)
	at java.base/java.util.stream.ReferencePipeline$3$1.accept(ReferencePipeline.java:214)
	at java.base/java.util.ArrayList$ArrayListSpliterator.forEachRemaining(ArrayList.java:1716)
	at java.base/java.util.stream.AbstractPipeline.copyInto(AbstractPipeline.java:570)
	at java.base/java.util.stream.AbstractPipeline.wrapAndCopyInto(AbstractPipeline.java:560)
	at java.base/java.util.stream.ForEachOps$ForEachOp.evaluateSequential(ForEachOps.java:153)
	at java.base/java.util.stream.ForEachOps$ForEachOp$OfRef.evaluateSequential(ForEachOps.java:176)
	at java.base/java.util.stream.AbstractPipeline.evaluate(AbstractPipeline.java:265)
	at java.base/java.util.stream.ReferencePipeline.forEach(ReferencePipeline.java:632)
	at org.junit.jupiter.engine.descriptor.ClassBasedTestDescriptor.invokeTestInstancePostProcessors(ClassBasedTestDescriptor.java:382)
	at org.junit.jupiter.engine.descriptor.ClassBasedTestDescriptor.lambda$instantiateAndPostProcessTestInstance$6(ClassBasedTestDescriptor.java:293)
	at org.junit.platform.engine.support.hierarchical.ThrowableCollector.execute(ThrowableCollector.java:73)
	at org.junit.jupiter.engine.descriptor.ClassBasedTestDescriptor.instantiateAndPostProcessTestInstance(ClassBasedTestDescriptor.java:292)
	at org.junit.jupiter.engine.descriptor.ClassBasedTestDescriptor.lambda$testInstancesProvider$4(ClassBasedTestDescriptor.java:281)
	at java.base/java.util.Optional.orElseGet(Optional.java:364)
	at org.junit.jupiter.engine.descriptor.ClassBasedTestDescriptor.lambda$testInstancesProvider$5(ClassBasedTestDescriptor.java:280)
	at org.junit.jupiter.engine.execution.TestInstancesProvider.getTestInstances(TestInstancesProvider.java:27)
	at org.junit.jupiter.engine.descriptor.TestMethodTestDescriptor.lambda$prepare$0(TestMethodTestDescriptor.java:112)
	at org.junit.platform.engine.support.hierarchical.ThrowableCollector.execute(ThrowableCollector.java:73)
	at org.junit.jupiter.engine.descriptor.TestMethodTestDescriptor.prepare(TestMethodTestDescriptor.java:111)
	at org.junit.jupiter.engine.descriptor.TestMethodTestDescriptor.prepare(TestMethodTestDescriptor.java:69)
	at org.junit.platform.engine.support.hierarchical.NodeTestTask.lambda$prepare$2(NodeTestTask.java:128)
	at org.junit.platform.engine.support.hierarchical.ThrowableCollector.execute(ThrowableCollector.java:73)
	at org.junit.platform.engine.support.hierarchical.NodeTestTask.prepare(NodeTestTask.java:128)
	at org.junit.platform.engine.support.hierarchical.NodeTestTask.execute(NodeTestTask.java:95)
	at java.base/java.util.ArrayList.forEach(ArrayList.java:1604)
	at org.junit.platform.engine.support.hierarchical.SameThreadHierarchicalTestExecutorService.invokeAll(SameThreadHierarchicalTestExecutorService.java:41)
	at org.junit.platform.engine.support.hierarchical.NodeTestTask.lambda$executeRecursively$6(NodeTestTask.java:160)
	at org.junit.platform.engine.support.hierarchical.ThrowableCollector.execute(ThrowableCollector.java:73)
	at org.junit.platform.engine.support.hierarchical.NodeTestTask.lambda$executeRecursively$8(NodeTestTask.java:146)
	at org.junit.platform.engine.support.hierarchical.Node.around(Node.java:137)
	at org.junit.platform.engine.support.hierarchical.NodeTestTask.lambda$executeRecursively$9(NodeTestTask.java:144)
	at org.junit.platform.engine.support.hierarchical.ThrowableCollector.execute(ThrowableCollector.java:73)
	at org.junit.platform.engine.support.hierarchical.NodeTestTask.executeRecursively(NodeTestTask.java:143)
	at org.junit.platform.engine.support.hierarchical.NodeTestTask.execute(NodeTestTask.java:100)
	at java.base/java.util.ArrayList.forEach(ArrayList.java:1604)
	at org.junit.platform.engine.support.hierarchical.SameThreadHierarchicalTestExecutorService.invokeAll(SameThreadHierarchicalTestExecutorService.java:41)
	at org.junit.platform.engine.support.hierarchical.NodeTestTask.lambda$executeRecursively$6(NodeTestTask.java:160)
	at org.junit.platform.engine.support.hierarchical.ThrowableCollector.execute(ThrowableCollector.java:73)
	at org.junit.platform.engine.support.hierarchical.NodeTestTask.lambda$executeRecursively$8(NodeTestTask.java:146)
	at org.junit.platform.engine.support.hierarchical.Node.around(Node.java:137)
	at org.junit.platform.engine.support.hierarchical.NodeTestTask.lambda$executeRecursively$9(NodeTestTask.java:144)
	at org.junit.platform.engine.support.hierarchical.ThrowableCollector.execute(ThrowableCollector.java:73)
	at org.junit.platform.engine.support.hierarchical.NodeTestTask.executeRecursively(NodeTestTask.java:143)
	at org.junit.platform.engine.support.hierarchical.NodeTestTask.execute(NodeTestTask.java:100)
	at org.junit.platform.engine.support.hierarchical.SameThreadHierarchicalTestExecutorService.submit(SameThreadHierarchicalTestExecutorService.java:35)
	at org.junit.platform.engine.support.hierarchical.HierarchicalTestExecutor.execute(HierarchicalTestExecutor.java:57)
	at org.junit.platform.engine.support.hierarchical.HierarchicalTestEngine.execute(HierarchicalTestEngine.java:54)
	at org.junit.platform.launcher.core.EngineExecutionOrchestrator.execute(EngineExecutionOrchestrator.java:201)
	at org.junit.platform.launcher.core.EngineExecutionOrchestrator.execute(EngineExecutionOrchestrator.java:170)
	at org.junit.platform.launcher.core.EngineExecutionOrchestrator.execute(EngineExecutionOrchestrator.java:94)
	at org.junit.platform.launcher.core.EngineExecutionOrchestrator.lambda$execute$0(EngineExecutionOrchestrator.java:59)
	at org.junit.platform.launcher.core.EngineExecutionOrchestrator.withInterceptedStreams(EngineExecutionOrchestrator.java:142)
	at org.junit.platform.launcher.core.EngineExecutionOrchestrator.execute(EngineExecutionOrchestrator.java:58)
	at org.junit.platform.launcher.core.DefaultLauncher.execute(DefaultLauncher.java:103)
	at org.junit.platform.launcher.core.DefaultLauncher.execute(DefaultLauncher.java:85)
	at org.junit.platform.launcher.core.DelegatingLauncher.execute(DelegatingLauncher.java:47)
	at org.junit.platform.launcher.core.InterceptingLauncher.lambda$execute$1(InterceptingLauncher.java:39)
	at org.junit.platform.launcher.core.ClasspathAlignmentCheckingLauncherInterceptor.intercept(ClasspathAlignmentCheckingLauncherInterceptor.java:25)
	at org.junit.platform.launcher.core.InterceptingLauncher.execute(InterceptingLauncher.java:38)
	at org.junit.platform.launcher.core.DelegatingLauncher.execute(DelegatingLauncher.java:47)
	at org.apache.maven.surefire.junitplatform.LauncherAdapter.executeWithoutCancellationToken(LauncherAdapter.java:60)
	at org.apache.maven.surefire.junitplatform.LauncherAdapter.execute(LauncherAdapter.java:52)
	at org.apache.maven.surefire.junitplatform.JUnitPlatformProvider.execute(JUnitPlatformProvider.java:203)
	at org.apache.maven.surefire.junitplatform.JUnitPlatformProvider.invokeAllTests(JUnitPlatformProvider.java:168)
	at org.apache.maven.surefire.junitplatform.JUnitPlatformProvider.invoke(JUnitPlatformProvider.java:136)
	at org.apache.maven.surefire.booter.ForkedBooter.runSuitesInProcess(ForkedBooter.java:385)
	at org.apache.maven.surefire.booter.ForkedBooter.execute(ForkedBooter.java:162)
	at org.apache.maven.surefire.booter.ForkedBooter.run(ForkedBooter.java:507)
	at org.apache.maven.surefire.booter.ForkedBooter.main(ForkedBooter.java:495)
Caused by: org.springframework.beans.factory.UnsatisfiedDependencyException: Error creating bean with name 'authController' defined in file [G:\ws-spring-ai\urbot\target\classes\org\legendstack\basebot\api\AuthController.class]: Unsatisfied dependency expressed through constructor parameter 0: Error creating bean with name 'userService' defined in class path resource [org/legendstack/basebot/TestSecurityConfiguration.class]: Unsatisfied dependency expressed through method 'userService' parameter 0: Error creating bean with name 'namedEntityDataRepository' defined in class path resource [org/legendstack/basebot/proposition/PropositionConfiguration.class]: Unsatisfied dependency expressed through method 'namedEntityDataRepository' parameter 3: Error creating bean with name 'compositeSchema' defined in class path resource [org/legendstack/basebot/proposition/PropositionConfiguration.class]: Unsatisfied dependency expressed through method 'compositeSchema' parameter 0: Error creating bean with name 'dataDictionary' defined in class path resource [org/legendstack/basebot/proposition/PropositionConfiguration.class]: Failed to instantiate [com.embabel.agent.core.DataDictionary]: Factory method 'dataDictionary' threw exception with message: Cannot invoke "org.legendstack.basebot.proposition.PropositionExtractionProperties.entityPackages()" because the return value of "org.legendstack.basebot.BotForgeProperties.memory()" is null
	at org.springframework.beans.factory.support.ConstructorResolver.createArgumentArray(ConstructorResolver.java:804)
	at org.springframework.beans.factory.support.ConstructorResolver.autowireConstructor(ConstructorResolver.java:240)
	at org.springframework.beans.factory.support.AbstractAutowireCapableBeanFactory.autowireConstructor(AbstractAutowireCapableBeanFactory.java:1395)
	at org.springframework.beans.factory.support.AbstractAutowireCapableBeanFactory.createBeanInstance(AbstractAutowireCapableBeanFactory.java:1232)
	at org.springframework.beans.factory.support.AbstractAutowireCapableBeanFactory.doCreateBean(AbstractAutowireCapableBeanFactory.java:569)
	at org.springframework.beans.factory.support.AbstractAutowireCapableBeanFactory.createBean(AbstractAutowireCapableBeanFactory.java:529)
	at org.springframework.beans.factory.support.AbstractBeanFactory.lambda$doGetBean$0(AbstractBeanFactory.java:339)
	at org.springframework.beans.factory.support.DefaultSingletonBeanRegistry.getSingleton(DefaultSingletonBeanRegistry.java:373)
	at org.springframework.beans.factory.support.AbstractBeanFactory.doGetBean(AbstractBeanFactory.java:337)
	at org.springframework.beans.factory.support.AbstractBeanFactory.getBean(AbstractBeanFactory.java:202)
	at org.springframework.beans.factory.support.DefaultListableBeanFactory.instantiateSingleton(DefaultListableBeanFactory.java:1228)
	at org.springframework.beans.factory.support.DefaultListableBeanFactory.preInstantiateSingleton(DefaultListableBeanFactory.java:1194)
	at org.springframework.beans.factory.support.DefaultListableBeanFactory.preInstantiateSingletons(DefaultListableBeanFactory.java:1130)
	at org.springframework.context.support.AbstractApplicationContext.finishBeanFactoryInitialization(AbstractApplicationContext.java:990)
	at org.springframework.context.support.AbstractApplicationContext.refresh(AbstractApplicationContext.java:627)
	at org.springframework.boot.SpringApplication.refresh(SpringApplication.java:752)
	at org.springframework.boot.SpringApplication.refreshContext(SpringApplication.java:439)
	at org.springframework.boot.SpringApplication.run(SpringApplication.java:318)
	at org.springframework.boot.test.context.SpringBootContextLoader.lambda$loadContext$3(SpringBootContextLoader.java:152)
	at org.springframework.util.function.ThrowingSupplier.get(ThrowingSupplier.java:58)
	at org.springframework.util.function.ThrowingSupplier.get(ThrowingSupplier.java:46)
	at org.springframework.boot.SpringApplication.withHook(SpringApplication.java:1461)
	at org.springframework.boot.test.context.SpringBootContextLoader$ContextLoaderHook.run(SpringBootContextLoader.java:595)
	at org.springframework.boot.test.context.SpringBootContextLoader.loadContext(SpringBootContextLoader.java:152)
	at org.springframework.boot.test.context.SpringBootContextLoader.loadContext(SpringBootContextLoader.java:111)
	at org.springframework.test.context.cache.DefaultCacheAwareContextLoaderDelegate.loadContextInternal(DefaultCacheAwareContextLoaderDelegate.java:225)
	at org.springframework.test.context.cache.DefaultCacheAwareContextLoaderDelegate.loadContext(DefaultCacheAwareContextLoaderDelegate.java:152)
	... 80 common frames omitted
Caused by: org.springframework.beans.factory.UnsatisfiedDependencyException: Error creating bean with name 'userService' defined in class path resource [org/legendstack/basebot/TestSecurityConfiguration.class]: Unsatisfied dependency expressed through method 'userService' parameter 0: Error creating bean with name 'namedEntityDataRepository' defined in class path resource [org/legendstack/basebot/proposition/PropositionConfiguration.class]: Unsatisfied dependency expressed through method 'namedEntityDataRepository' parameter 3: Error creating bean with name 'compositeSchema' defined in class path resource [org/legendstack/basebot/proposition/PropositionConfiguration.class]: Unsatisfied dependency expressed through method 'compositeSchema' parameter 0: Error creating bean with name 'dataDictionary' defined in class path resource [org/legendstack/basebot/proposition/PropositionConfiguration.class]: Failed to instantiate [com.embabel.agent.core.DataDictionary]: Factory method 'dataDictionary' threw exception with message: Cannot invoke "org.legendstack.basebot.proposition.PropositionExtractionProperties.entityPackages()" because the return value of "org.legendstack.basebot.BotForgeProperties.memory()" is null
	at org.springframework.beans.factory.support.ConstructorResolver.createArgumentArray(ConstructorResolver.java:804)
	at org.springframework.beans.factory.support.ConstructorResolver.instantiateUsingFactoryMethod(ConstructorResolver.java:546)
	at org.springframework.beans.factory.support.AbstractAutowireCapableBeanFactory.instantiateUsingFactoryMethod(AbstractAutowireCapableBeanFactory.java:1375)
	at org.springframework.beans.factory.support.AbstractAutowireCapableBeanFactory.createBeanInstance(AbstractAutowireCapableBeanFactory.java:1205)
	at org.springframework.beans.factory.support.AbstractAutowireCapableBeanFactory.doCreateBean(AbstractAutowireCapableBeanFactory.java:569)
	at org.springframework.beans.factory.support.AbstractAutowireCapableBeanFactory.createBean(AbstractAutowireCapableBeanFactory.java:529)
	at org.springframework.beans.factory.support.AbstractBeanFactory.lambda$doGetBean$0(AbstractBeanFactory.java:339)
	at org.springframework.beans.factory.support.DefaultSingletonBeanRegistry.getSingleton(DefaultSingletonBeanRegistry.java:373)
	at org.springframework.beans.factory.support.AbstractBeanFactory.doGetBean(AbstractBeanFactory.java:337)
	at org.springframework.beans.factory.support.AbstractBeanFactory.getBean(AbstractBeanFactory.java:202)
	at org.springframework.beans.factory.support.DefaultListableBeanFactory.doResolveDependency(DefaultListableBeanFactory.java:1708)
	at org.springframework.beans.factory.support.DefaultListableBeanFactory.resolveDependency(DefaultListableBeanFactory.java:1653)
	at org.springframework.beans.factory.support.ConstructorResolver.resolveAutowiredArgument(ConstructorResolver.java:913)
	at org.springframework.beans.factory.support.ConstructorResolver.createArgumentArray(ConstructorResolver.java:791)
	... 106 common frames omitted
Caused by: org.springframework.beans.factory.UnsatisfiedDependencyException: Error creating bean with name 'namedEntityDataRepository' defined in class path resource [org/legendstack/basebot/proposition/PropositionConfiguration.class]: Unsatisfied dependency expressed through method 'namedEntityDataRepository' parameter 3: Error creating bean with name 'compositeSchema' defined in class path resource [org/legendstack/basebot/proposition/PropositionConfiguration.class]: Unsatisfied dependency expressed through method 'compositeSchema' parameter 0: Error creating bean with name 'dataDictionary' defined in class path resource [org/legendstack/basebot/proposition/PropositionConfiguration.class]: Failed to instantiate [com.embabel.agent.core.DataDictionary]: Factory method 'dataDictionary' threw exception with message: Cannot invoke "org.legendstack.basebot.proposition.PropositionExtractionProperties.entityPackages()" because the return value of "org.legendstack.basebot.BotForgeProperties.memory()" is null
	at org.springframework.beans.factory.support.ConstructorResolver.createArgumentArray(ConstructorResolver.java:804)
	at org.springframework.beans.factory.support.ConstructorResolver.instantiateUsingFactoryMethod(ConstructorResolver.java:546)
	at org.springframework.beans.factory.support.AbstractAutowireCapableBeanFactory.instantiateUsingFactoryMethod(AbstractAutowireCapableBeanFactory.java:1375)
	at org.springframework.beans.factory.support.AbstractAutowireCapableBeanFactory.createBeanInstance(AbstractAutowireCapableBeanFactory.java:1205)
	at org.springframework.beans.factory.support.AbstractAutowireCapableBeanFactory.doCreateBean(AbstractAutowireCapableBeanFactory.java:569)
	at org.springframework.beans.factory.support.AbstractAutowireCapableBeanFactory.createBean(AbstractAutowireCapableBeanFactory.java:529)
	at org.springframework.beans.factory.support.AbstractBeanFactory.lambda$doGetBean$0(AbstractBeanFactory.java:339)
	at org.springframework.beans.factory.support.DefaultSingletonBeanRegistry.getSingleton(DefaultSingletonBeanRegistry.java:373)
	at org.springframework.beans.factory.support.AbstractBeanFactory.doGetBean(AbstractBeanFactory.java:337)
	at org.springframework.beans.factory.support.AbstractBeanFactory.getBean(AbstractBeanFactory.java:202)
	at org.springframework.beans.factory.config.DependencyDescriptor.resolveCandidate(DependencyDescriptor.java:254)
	at org.springframework.beans.factory.support.DefaultListableBeanFactory.doResolveDependency(DefaultListableBeanFactory.java:1770)
	at org.springframework.beans.factory.support.DefaultListableBeanFactory.resolveDependency(DefaultListableBeanFactory.java:1653)
	at org.springframework.beans.factory.support.ConstructorResolver.resolveAutowiredArgument(ConstructorResolver.java:913)
	at org.springframework.beans.factory.support.ConstructorResolver.createArgumentArray(ConstructorResolver.java:791)
	... 119 common frames omitted
Caused by: org.springframework.beans.factory.UnsatisfiedDependencyException: Error creating bean with name 'compositeSchema' defined in class path resource [org/legendstack/basebot/proposition/PropositionConfiguration.class]: Unsatisfied dependency expressed through method 'compositeSchema' parameter 0: Error creating bean with name 'dataDictionary' defined in class path resource [org/legendstack/basebot/proposition/PropositionConfiguration.class]: Failed to instantiate [com.embabel.agent.core.DataDictionary]: Factory method 'dataDictionary' threw exception with message: Cannot invoke "org.legendstack.basebot.proposition.PropositionExtractionProperties.entityPackages()" because the return value of "org.legendstack.basebot.BotForgeProperties.memory()" is null
	at org.springframework.beans.factory.support.ConstructorResolver.createArgumentArray(ConstructorResolver.java:804)
	at org.springframework.beans.factory.support.ConstructorResolver.instantiateUsingFactoryMethod(ConstructorResolver.java:546)
	at org.springframework.beans.factory.support.AbstractAutowireCapableBeanFactory.instantiateUsingFactoryMethod(AbstractAutowireCapableBeanFactory.java:1375)
	at org.springframework.beans.factory.support.AbstractAutowireCapableBeanFactory.createBeanInstance(AbstractAutowireCapableBeanFactory.java:1205)
	at org.springframework.beans.factory.support.AbstractAutowireCapableBeanFactory.doCreateBean(AbstractAutowireCapableBeanFactory.java:569)
	at org.springframework.beans.factory.support.AbstractAutowireCapableBeanFactory.createBean(AbstractAutowireCapableBeanFactory.java:529)
	at org.springframework.beans.factory.support.AbstractBeanFactory.lambda$doGetBean$0(AbstractBeanFactory.java:339)
	at org.springframework.beans.factory.support.DefaultSingletonBeanRegistry.getSingleton(DefaultSingletonBeanRegistry.java:373)
	at org.springframework.beans.factory.support.AbstractBeanFactory.doGetBean(AbstractBeanFactory.java:337)
	at org.springframework.beans.factory.support.AbstractBeanFactory.getBean(AbstractBeanFactory.java:202)
	at org.springframework.beans.factory.config.DependencyDescriptor.resolveCandidate(DependencyDescriptor.java:254)
	at org.springframework.beans.factory.support.DefaultListableBeanFactory.doResolveDependency(DefaultListableBeanFactory.java:1770)
	at org.springframework.beans.factory.support.DefaultListableBeanFactory.resolveDependency(DefaultListableBeanFactory.java:1653)
	at org.springframework.beans.factory.support.ConstructorResolver.resolveAutowiredArgument(ConstructorResolver.java:913)
	at org.springframework.beans.factory.support.ConstructorResolver.createArgumentArray(ConstructorResolver.java:791)
	... 133 common frames omitted
Caused by: org.springframework.beans.factory.BeanCreationException: Error creating bean with name 'dataDictionary' defined in class path resource [org/legendstack/basebot/proposition/PropositionConfiguration.class]: Failed to instantiate [com.embabel.agent.core.DataDictionary]: Factory method 'dataDictionary' threw exception with message: Cannot invoke "org.legendstack.basebot.proposition.PropositionExtractionProperties.entityPackages()" because the return value of "org.legendstack.basebot.BotForgeProperties.memory()" is null
	at org.springframework.beans.factory.support.ConstructorResolver.instantiate(ConstructorResolver.java:657)
	at org.springframework.beans.factory.support.ConstructorResolver.instantiateUsingFactoryMethod(ConstructorResolver.java:645)
	at org.springframework.beans.factory.support.AbstractAutowireCapableBeanFactory.instantiateUsingFactoryMethod(AbstractAutowireCapableBeanFactory.java:1375)
	at org.springframework.beans.factory.support.AbstractAutowireCapableBeanFactory.createBeanInstance(AbstractAutowireCapableBeanFactory.java:1205)
	at org.springframework.beans.factory.support.AbstractAutowireCapableBeanFactory.doCreateBean(AbstractAutowireCapableBeanFactory.java:569)
	at org.springframework.beans.factory.support.AbstractAutowireCapableBeanFactory.createBean(AbstractAutowireCapableBeanFactory.java:529)
	at org.springframework.beans.factory.support.AbstractBeanFactory.lambda$doGetBean$0(AbstractBeanFactory.java:339)
	at org.springframework.beans.factory.support.DefaultSingletonBeanRegistry.getSingleton(DefaultSingletonBeanRegistry.java:373)
	at org.springframework.beans.factory.support.AbstractBeanFactory.doGetBean(AbstractBeanFactory.java:337)
	at org.springframework.beans.factory.support.AbstractBeanFactory.getBean(AbstractBeanFactory.java:202)
	at org.springframework.beans.factory.config.DependencyDescriptor.resolveCandidate(DependencyDescriptor.java:254)
	at org.springframework.beans.factory.support.DefaultListableBeanFactory.addCandidateEntry(DefaultListableBeanFactory.java:2022)
	at org.springframework.beans.factory.support.DefaultListableBeanFactory.findAutowireCandidates(DefaultListableBeanFactory.java:1985)
	at org.springframework.beans.factory.support.DefaultListableBeanFactory.resolveMultipleBeanCollection(DefaultListableBeanFactory.java:1875)
	at org.springframework.beans.factory.support.DefaultListableBeanFactory.resolveMultipleBeans(DefaultListableBeanFactory.java:1843)
	at org.springframework.beans.factory.support.DefaultListableBeanFactory.doResolveDependency(DefaultListableBeanFactory.java:1719)
	at org.springframework.beans.factory.support.DefaultListableBeanFactory.resolveDependency(DefaultListableBeanFactory.java:1653)
	at org.springframework.beans.factory.support.ConstructorResolver.resolveAutowiredArgument(ConstructorResolver.java:913)
	at org.springframework.beans.factory.support.ConstructorResolver.createArgumentArray(ConstructorResolver.java:791)
	... 147 common frames omitted
Caused by: org.springframework.beans.BeanInstantiationException: Failed to instantiate [com.embabel.agent.core.DataDictionary]: Factory method 'dataDictionary' threw exception with message: Cannot invoke "org.legendstack.basebot.proposition.PropositionExtractionProperties.entityPackages()" because the return value of "org.legendstack.basebot.BotForgeProperties.memory()" is null
	at org.springframework.beans.factory.support.SimpleInstantiationStrategy.lambda$instantiate$0(SimpleInstantiationStrategy.java:200)
	at org.springframework.beans.factory.support.SimpleInstantiationStrategy.instantiateWithFactoryMethod(SimpleInstantiationStrategy.java:89)
	at org.springframework.beans.factory.support.SimpleInstantiationStrategy.instantiate(SimpleInstantiationStrategy.java:169)
	at org.springframework.beans.factory.support.ConstructorResolver.instantiate(ConstructorResolver.java:653)
	... 165 common frames omitted
Caused by: java.lang.NullPointerException: Cannot invoke "org.legendstack.basebot.proposition.PropositionExtractionProperties.entityPackages()" because the return value of "org.legendstack.basebot.BotForgeProperties.memory()" is null
	at org.legendstack.basebot.proposition.PropositionConfiguration.dataDictionary(PropositionConfiguration.java:62)
	at org.legendstack.basebot.proposition.PropositionConfiguration$$SpringCGLIB$$0.CGLIB$dataDictionary$1(<generated>)
	at org.legendstack.basebot.proposition.PropositionConfiguration$$SpringCGLIB$$FastClass$$1.invoke(<generated>)
	at org.springframework.cglib.proxy.MethodProxy.invokeSuper(MethodProxy.java:258)
	at org.springframework.context.annotation.ConfigurationClassEnhancer$BeanMethodInterceptor.intercept(ConfigurationClassEnhancer.java:400)
	at org.legendstack.basebot.proposition.PropositionConfiguration$$SpringCGLIB$$0.dataDictionary(<generated>)
	at java.base/jdk.internal.reflect.DirectMethodHandleAccessor.invoke(DirectMethodHandleAccessor.java:104)
	at java.base/java.lang.reflect.Method.invoke(Method.java:565)
	at org.springframework.beans.factory.support.SimpleInstantiationStrategy.lambda$instantiate$0(SimpleInstantiationStrategy.java:172)
	... 168 common frames omitted
[ERROR] Tests run: 1, Failures: 0, Errors: 1, Skipped: 0, Time elapsed: 8.650 s <<< FAILURE! -- in org.legendstack.basebot.ChatActionsIntegrationTest
[ERROR] org.legendstack.basebot.ChatActionsIntegrationTest.testSendMessageSuccessfullyResponds -- Time elapsed: 0.021 s <<< ERROR!
java.lang.IllegalStateException: Failed to load ApplicationContext for [WebMergedContextConfiguration@3a7be6e6 testClass = org.legendstack.basebot.ChatActionsIntegrationTest, locations = [], classes = [org.legendstack.basebot.TestBotForgeApplication], contextInitializerClasses = [], activeProfiles = [], propertySourceDescriptors = [], propertySourceProperties = ["org.springframework.boot.test.context.SpringBootTestContextBootstrapper=true"], contextCustomizers = [org.springframework.boot.test.context.filter.ExcludeFilterContextCustomizer@6ee4d9ab, org.springframework.boot.test.json.DuplicateJsonObjectContextCustomizerFactory$DuplicateJsonObjectContextCustomizer@13d4992d, org.springframework.boot.test.mock.mockito.MockitoContextCustomizer@15209afd, org.springframework.boot.test.web.client.TestRestTemplateContextCustomizer@1bd39d3c, org.springframework.boot.test.web.reactive.server.WebTestClientContextCustomizer@455b6df1, org.springframework.boot.test.web.reactor.netty.DisableReactorResourceFactoryGlobalResourcesContextCustomizerFactory$DisableReactorResourceFactoryGlobalResourcesContextCustomizerCustomizer@20ca951f, org.springframework.boot.test.autoconfigure.OnFailureConditionReportContextCustomizerFactory$OnFailureConditionReportContextCustomizer@1838ccb8, org.springframework.boot.test.autoconfigure.actuate.observability.ObservabilityContextCustomizerFactory$DisableObservabilityContextCustomizer@1f, org.springframework.boot.test.autoconfigure.properties.PropertyMappingContextCustomizer@0, org.springframework.boot.test.autoconfigure.web.servlet.WebDriverContextCustomizer@1583741e, org.springframework.test.context.support.DynamicPropertiesContextCustomizer@0, org.springframework.boot.test.context.SpringBootTestAnnotation@9bd2f4d4], resourceBasePath = "src/main/webapp", contextLoader = org.springframework.boot.test.context.SpringBootContextLoader, parent = null]
	at org.springframework.test.context.cache.DefaultCacheAwareContextLoaderDelegate.loadContext(DefaultCacheAwareContextLoaderDelegate.java:180)
	at org.springframework.test.context.support.DefaultTestContext.getApplicationContext(DefaultTestContext.java:130)
	at org.springframework.test.context.web.ServletTestExecutionListener.setUpRequestContextIfNecessary(ServletTestExecutionListener.java:200)
	at org.springframework.test.context.web.ServletTestExecutionListener.prepareTestInstance(ServletTestExecutionListener.java:139)
	at org.springframework.test.context.TestContextManager.prepareTestInstance(TestContextManager.java:260)
	at org.springframework.test.context.junit.jupiter.SpringExtension.postProcessTestInstance(SpringExtension.java:159)
	at java.base/java.util.stream.ForEachOps$ForEachOp$OfRef.accept(ForEachOps.java:186)
	at java.base/java.util.stream.ReferencePipeline$3$1.accept(ReferencePipeline.java:214)
	at java.base/java.util.stream.ReferencePipeline$2$1.accept(ReferencePipeline.java:197)
	at java.base/java.util.stream.ReferencePipeline$3$1.accept(ReferencePipeline.java:214)
	at java.base/java.util.ArrayList$ArrayListSpliterator.forEachRemaining(ArrayList.java:1716)
	at java.base/java.util.stream.AbstractPipeline.copyInto(AbstractPipeline.java:570)
	at java.base/java.util.stream.AbstractPipeline.wrapAndCopyInto(AbstractPipeline.java:560)
	at java.base/java.util.stream.ForEachOps$ForEachOp.evaluateSequential(ForEachOps.java:153)
	at java.base/java.util.stream.ForEachOps$ForEachOp$OfRef.evaluateSequential(ForEachOps.java:176)
	at java.base/java.util.stream.AbstractPipeline.evaluate(AbstractPipeline.java:265)
	at java.base/java.util.stream.ReferencePipeline.forEach(ReferencePipeline.java:632)
	at java.base/java.util.Optional.orElseGet(Optional.java:364)
	at java.base/java.util.ArrayList.forEach(ArrayList.java:1604)
	at java.base/java.util.ArrayList.forEach(ArrayList.java:1604)
Caused by: org.springframework.beans.factory.UnsatisfiedDependencyException: Error creating bean with name 'authController' defined in file [G:\ws-spring-ai\urbot\target\classes\org\legendstack\basebot\api\AuthController.class]: Unsatisfied dependency expressed through constructor parameter 0: Error creating bean with name 'userService' defined in class path resource [org/legendstack/basebot/TestSecurityConfiguration.class]: Unsatisfied dependency expressed through method 'userService' parameter 0: Error creating bean with name 'namedEntityDataRepository' defined in class path resource [org/legendstack/basebot/proposition/PropositionConfiguration.class]: Unsatisfied dependency expressed through method 'namedEntityDataRepository' parameter 3: Error creating bean with name 'compositeSchema' defined in class path resource [org/legendstack/basebot/proposition/PropositionConfiguration.class]: Unsatisfied dependency expressed through method 'compositeSchema' parameter 0: Error creating bean with name 'dataDictionary' defined in class path resource [org/legendstack/basebot/proposition/PropositionConfiguration.class]: Failed to instantiate [com.embabel.agent.core.DataDictionary]: Factory method 'dataDictionary' threw exception with message: Cannot invoke "org.legendstack.basebot.proposition.PropositionExtractionProperties.entityPackages()" because the return value of "org.legendstack.basebot.BotForgeProperties.memory()" is null
	at org.springframework.beans.factory.support.ConstructorResolver.createArgumentArray(ConstructorResolver.java:804)
	at org.springframework.beans.factory.support.ConstructorResolver.autowireConstructor(ConstructorResolver.java:240)
	at org.springframework.beans.factory.support.AbstractAutowireCapableBeanFactory.autowireConstructor(AbstractAutowireCapableBeanFactory.java:1395)
	at org.springframework.beans.factory.support.AbstractAutowireCapableBeanFactory.createBeanInstance(AbstractAutowireCapableBeanFactory.java:1232)
	at org.springframework.beans.factory.support.AbstractAutowireCapableBeanFactory.doCreateBean(AbstractAutowireCapableBeanFactory.java:569)
	at org.springframework.beans.factory.support.AbstractAutowireCapableBeanFactory.createBean(AbstractAutowireCapableBeanFactory.java:529)
	at org.springframework.beans.factory.support.AbstractBeanFactory.lambda$doGetBean$0(AbstractBeanFactory.java:339)
	at org.springframework.beans.factory.support.DefaultSingletonBeanRegistry.getSingleton(DefaultSingletonBeanRegistry.java:373)
	at org.springframework.beans.factory.support.AbstractBeanFactory.doGetBean(AbstractBeanFactory.java:337)
	at org.springframework.beans.factory.support.AbstractBeanFactory.getBean(AbstractBeanFactory.java:202)
	at org.springframework.beans.factory.support.DefaultListableBeanFactory.instantiateSingleton(DefaultListableBeanFactory.java:1228)
	at org.springframework.beans.factory.support.DefaultListableBeanFactory.preInstantiateSingleton(DefaultListableBeanFactory.java:1194)
	at org.springframework.beans.factory.support.DefaultListableBeanFactory.preInstantiateSingletons(DefaultListableBeanFactory.java:1130)
	at org.springframework.context.support.AbstractApplicationContext.finishBeanFactoryInitialization(AbstractApplicationContext.java:990)
	at org.springframework.context.support.AbstractApplicationContext.refresh(AbstractApplicationContext.java:627)
	at org.springframework.boot.SpringApplication.refresh(SpringApplication.java:752)
	at org.springframework.boot.SpringApplication.refreshContext(SpringApplication.java:439)
	at org.springframework.boot.SpringApplication.run(SpringApplication.java:318)
	at org.springframework.boot.test.context.SpringBootContextLoader.lambda$loadContext$3(SpringBootContextLoader.java:152)
	at org.springframework.util.function.ThrowingSupplier.get(ThrowingSupplier.java:58)
	at org.springframework.util.function.ThrowingSupplier.get(ThrowingSupplier.java:46)
	at org.springframework.boot.SpringApplication.withHook(SpringApplication.java:1461)
	at org.springframework.boot.test.context.SpringBootContextLoader$ContextLoaderHook.run(SpringBootContextLoader.java:595)
	at org.springframework.boot.test.context.SpringBootContextLoader.loadContext(SpringBootContextLoader.java:152)
	at org.springframework.boot.test.context.SpringBootContextLoader.loadContext(SpringBootContextLoader.java:111)
	at org.springframework.test.context.cache.DefaultCacheAwareContextLoaderDelegate.loadContextInternal(DefaultCacheAwareContextLoaderDelegate.java:225)
	at org.springframework.test.context.cache.DefaultCacheAwareContextLoaderDelegate.loadContext(DefaultCacheAwareContextLoaderDelegate.java:152)
	... 19 more
Caused by: org.springframework.beans.factory.UnsatisfiedDependencyException: Error creating bean with name 'userService' defined in class path resource [org/legendstack/basebot/TestSecurityConfiguration.class]: Unsatisfied dependency expressed through method 'userService' parameter 0: Error creating bean with name 'namedEntityDataRepository' defined in class path resource [org/legendstack/basebot/proposition/PropositionConfiguration.class]: Unsatisfied dependency expressed through method 'namedEntityDataRepository' parameter 3: Error creating bean with name 'compositeSchema' defined in class path resource [org/legendstack/basebot/proposition/PropositionConfiguration.class]: Unsatisfied dependency expressed through method 'compositeSchema' parameter 0: Error creating bean with name 'dataDictionary' defined in class path resource [org/legendstack/basebot/proposition/PropositionConfiguration.class]: Failed to instantiate [com.embabel.agent.core.DataDictionary]: Factory method 'dataDictionary' threw exception with message: Cannot invoke "org.legendstack.basebot.proposition.PropositionExtractionProperties.entityPackages()" because the return value of "org.legendstack.basebot.BotForgeProperties.memory()" is null
	at org.springframework.beans.factory.support.ConstructorResolver.createArgumentArray(ConstructorResolver.java:804)
	at org.springframework.beans.factory.support.ConstructorResolver.instantiateUsingFactoryMethod(ConstructorResolver.java:546)
	at org.springframework.beans.factory.support.AbstractAutowireCapableBeanFactory.instantiateUsingFactoryMethod(AbstractAutowireCapableBeanFactory.java:1375)
	at org.springframework.beans.factory.support.AbstractAutowireCapableBeanFactory.createBeanInstance(AbstractAutowireCapableBeanFactory.java:1205)
	at org.springframework.beans.factory.support.AbstractAutowireCapableBeanFactory.doCreateBean(AbstractAutowireCapableBeanFactory.java:569)
	at org.springframework.beans.factory.support.AbstractAutowireCapableBeanFactory.createBean(AbstractAutowireCapableBeanFactory.java:529)
	at org.springframework.beans.factory.support.AbstractBeanFactory.lambda$doGetBean$0(AbstractBeanFactory.java:339)
	at org.springframework.beans.factory.support.DefaultSingletonBeanRegistry.getSingleton(DefaultSingletonBeanRegistry.java:373)
	at org.springframework.beans.factory.support.AbstractBeanFactory.doGetBean(AbstractBeanFactory.java:337)
	at org.springframework.beans.factory.support.AbstractBeanFactory.getBean(AbstractBeanFactory.java:202)
	at org.springframework.beans.factory.support.DefaultListableBeanFactory.doResolveDependency(DefaultListableBeanFactory.java:1708)
	at org.springframework.beans.factory.support.DefaultListableBeanFactory.resolveDependency(DefaultListableBeanFactory.java:1653)
	at org.springframework.beans.factory.support.ConstructorResolver.resolveAutowiredArgument(ConstructorResolver.java:913)
	at org.springframework.beans.factory.support.ConstructorResolver.createArgumentArray(ConstructorResolver.java:791)
	... 45 more
Caused by: org.springframework.beans.factory.UnsatisfiedDependencyException: Error creating bean with name 'namedEntityDataRepository' defined in class path resource [org/legendstack/basebot/proposition/PropositionConfiguration.class]: Unsatisfied dependency expressed through method 'namedEntityDataRepository' parameter 3: Error creating bean with name 'compositeSchema' defined in class path resource [org/legendstack/basebot/proposition/PropositionConfiguration.class]: Unsatisfied dependency expressed through method 'compositeSchema' parameter 0: Error creating bean with name 'dataDictionary' defined in class path resource [org/legendstack/basebot/proposition/PropositionConfiguration.class]: Failed to instantiate [com.embabel.agent.core.DataDictionary]: Factory method 'dataDictionary' threw exception with message: Cannot invoke "org.legendstack.basebot.proposition.PropositionExtractionProperties.entityPackages()" because the return value of "org.legendstack.basebot.BotForgeProperties.memory()" is null
	at org.springframework.beans.factory.support.ConstructorResolver.createArgumentArray(ConstructorResolver.java:804)
	at org.springframework.beans.factory.support.ConstructorResolver.instantiateUsingFactoryMethod(ConstructorResolver.java:546)
	at org.springframework.beans.factory.support.AbstractAutowireCapableBeanFactory.instantiateUsingFactoryMethod(AbstractAutowireCapableBeanFactory.java:1375)
	at org.springframework.beans.factory.support.AbstractAutowireCapableBeanFactory.createBeanInstance(AbstractAutowireCapableBeanFactory.java:1205)
	at org.springframework.beans.factory.support.AbstractAutowireCapableBeanFactory.doCreateBean(AbstractAutowireCapableBeanFactory.java:569)
	at org.springframework.beans.factory.support.AbstractAutowireCapableBeanFactory.createBean(AbstractAutowireCapableBeanFactory.java:529)
	at org.springframework.beans.factory.support.AbstractBeanFactory.lambda$doGetBean$0(AbstractBeanFactory.java:339)
	at org.springframework.beans.factory.support.DefaultSingletonBeanRegistry.getSingleton(DefaultSingletonBeanRegistry.java:373)
	at org.springframework.beans.factory.support.AbstractBeanFactory.doGetBean(AbstractBeanFactory.java:337)
	at org.springframework.beans.factory.support.AbstractBeanFactory.getBean(AbstractBeanFactory.java:202)
	at org.springframework.beans.factory.config.DependencyDescriptor.resolveCandidate(DependencyDescriptor.java:254)
	at org.springframework.beans.factory.support.DefaultListableBeanFactory.doResolveDependency(DefaultListableBeanFactory.java:1770)
	at org.springframework.beans.factory.support.DefaultListableBeanFactory.resolveDependency(DefaultListableBeanFactory.java:1653)
	at org.springframework.beans.factory.support.ConstructorResolver.resolveAutowiredArgument(ConstructorResolver.java:913)
	at org.springframework.beans.factory.support.ConstructorResolver.createArgumentArray(ConstructorResolver.java:791)
	... 58 more
Caused by: org.springframework.beans.factory.UnsatisfiedDependencyException: Error creating bean with name 'compositeSchema' defined in class path resource [org/legendstack/basebot/proposition/PropositionConfiguration.class]: Unsatisfied dependency expressed through method 'compositeSchema' parameter 0: Error creating bean with name 'dataDictionary' defined in class path resource [org/legendstack/basebot/proposition/PropositionConfiguration.class]: Failed to instantiate [com.embabel.agent.core.DataDictionary]: Factory method 'dataDictionary' threw exception with message: Cannot invoke "org.legendstack.basebot.proposition.PropositionExtractionProperties.entityPackages()" because the return value of "org.legendstack.basebot.BotForgeProperties.memory()" is null
	at org.springframework.beans.factory.support.ConstructorResolver.createArgumentArray(ConstructorResolver.java:804)
	at org.springframework.beans.factory.support.ConstructorResolver.instantiateUsingFactoryMethod(ConstructorResolver.java:546)
	at org.springframework.beans.factory.support.AbstractAutowireCapableBeanFactory.instantiateUsingFactoryMethod(AbstractAutowireCapableBeanFactory.java:1375)
	at org.springframework.beans.factory.support.AbstractAutowireCapableBeanFactory.createBeanInstance(AbstractAutowireCapableBeanFactory.java:1205)
	at org.springframework.beans.factory.support.AbstractAutowireCapableBeanFactory.doCreateBean(AbstractAutowireCapableBeanFactory.java:569)
	at org.springframework.beans.factory.support.AbstractAutowireCapableBeanFactory.createBean(AbstractAutowireCapableBeanFactory.java:529)
	at org.springframework.beans.factory.support.AbstractBeanFactory.lambda$doGetBean$0(AbstractBeanFactory.java:339)
	at org.springframework.beans.factory.support.DefaultSingletonBeanRegistry.getSingleton(DefaultSingletonBeanRegistry.java:373)
	at org.springframework.beans.factory.support.AbstractBeanFactory.doGetBean(AbstractBeanFactory.java:337)
	at org.springframework.beans.factory.support.AbstractBeanFactory.getBean(AbstractBeanFactory.java:202)
	at org.springframework.beans.factory.config.DependencyDescriptor.resolveCandidate(DependencyDescriptor.java:254)
	at org.springframework.beans.factory.support.DefaultListableBeanFactory.doResolveDependency(DefaultListableBeanFactory.java:1770)
	at org.springframework.beans.factory.support.DefaultListableBeanFactory.resolveDependency(DefaultListableBeanFactory.java:1653)
	at org.springframework.beans.factory.support.ConstructorResolver.resolveAutowiredArgument(ConstructorResolver.java:913)
	at org.springframework.beans.factory.support.ConstructorResolver.createArgumentArray(ConstructorResolver.java:791)
	... 72 more
Caused by: org.springframework.beans.factory.BeanCreationException: Error creating bean with name 'dataDictionary' defined in class path resource [org/legendstack/basebot/proposition/PropositionConfiguration.class]: Failed to instantiate [com.embabel.agent.core.DataDictionary]: Factory method 'dataDictionary' threw exception with message: Cannot invoke "org.legendstack.basebot.proposition.PropositionExtractionProperties.entityPackages()" because the return value of "org.legendstack.basebot.BotForgeProperties.memory()" is null
	at org.springframework.beans.factory.support.ConstructorResolver.instantiate(ConstructorResolver.java:657)
	at org.springframework.beans.factory.support.ConstructorResolver.instantiateUsingFactoryMethod(ConstructorResolver.java:645)
	at org.springframework.beans.factory.support.AbstractAutowireCapableBeanFactory.instantiateUsingFactoryMethod(AbstractAutowireCapableBeanFactory.java:1375)
	at org.springframework.beans.factory.support.AbstractAutowireCapableBeanFactory.createBeanInstance(AbstractAutowireCapableBeanFactory.java:1205)
	at org.springframework.beans.factory.support.AbstractAutowireCapableBeanFactory.doCreateBean(AbstractAutowireCapableBeanFactory.java:569)
	at org.springframework.beans.factory.support.AbstractAutowireCapableBeanFactory.createBean(AbstractAutowireCapableBeanFactory.java:529)
	at org.springframework.beans.factory.support.AbstractBeanFactory.lambda$doGetBean$0(AbstractBeanFactory.java:339)
	at org.springframework.beans.factory.support.DefaultSingletonBeanRegistry.getSingleton(DefaultSingletonBeanRegistry.java:373)
	at org.springframework.beans.factory.support.AbstractBeanFactory.doGetBean(AbstractBeanFactory.java:337)
	at org.springframework.beans.factory.support.AbstractBeanFactory.getBean(AbstractBeanFactory.java:202)
	at org.springframework.beans.factory.config.DependencyDescriptor.resolveCandidate(DependencyDescriptor.java:254)
	at org.springframework.beans.factory.support.DefaultListableBeanFactory.addCandidateEntry(DefaultListableBeanFactory.java:2022)
	at org.springframework.beans.factory.support.DefaultListableBeanFactory.findAutowireCandidates(DefaultListableBeanFactory.java:1985)
	at org.springframework.beans.factory.support.DefaultListableBeanFactory.resolveMultipleBeanCollection(DefaultListableBeanFactory.java:1875)
	at org.springframework.beans.factory.support.DefaultListableBeanFactory.resolveMultipleBeans(DefaultListableBeanFactory.java:1843)
	at org.springframework.beans.factory.support.DefaultListableBeanFactory.doResolveDependency(DefaultListableBeanFactory.java:1719)
	at org.springframework.beans.factory.support.DefaultListableBeanFactory.resolveDependency(DefaultListableBeanFactory.java:1653)
	at org.springframework.beans.factory.support.ConstructorResolver.resolveAutowiredArgument(ConstructorResolver.java:913)
	at org.springframework.beans.factory.support.ConstructorResolver.createArgumentArray(ConstructorResolver.java:791)
	... 86 more
Caused by: org.springframework.beans.BeanInstantiationException: Failed to instantiate [com.embabel.agent.core.DataDictionary]: Factory method 'dataDictionary' threw exception with message: Cannot invoke "org.legendstack.basebot.proposition.PropositionExtractionProperties.entityPackages()" because the return value of "org.legendstack.basebot.BotForgeProperties.memory()" is null
	at org.springframework.beans.factory.support.SimpleInstantiationStrategy.lambda$instantiate$0(SimpleInstantiationStrategy.java:200)
	at org.springframework.beans.factory.support.SimpleInstantiationStrategy.instantiateWithFactoryMethod(SimpleInstantiationStrategy.java:89)
	at org.springframework.beans.factory.support.SimpleInstantiationStrategy.instantiate(SimpleInstantiationStrategy.java:169)
	at org.springframework.beans.factory.support.ConstructorResolver.instantiate(ConstructorResolver.java:653)
	... 104 more
Caused by: java.lang.NullPointerException: Cannot invoke "org.legendstack.basebot.proposition.PropositionExtractionProperties.entityPackages()" because the return value of "org.legendstack.basebot.BotForgeProperties.memory()" is null
	at org.legendstack.basebot.proposition.PropositionConfiguration.dataDictionary(PropositionConfiguration.java:62)
	at org.legendstack.basebot.proposition.PropositionConfiguration$$SpringCGLIB$$0.CGLIB$dataDictionary$1(<generated>)
	at org.legendstack.basebot.proposition.PropositionConfiguration$$SpringCGLIB$$FastClass$$1.invoke(<generated>)
	at org.springframework.cglib.proxy.MethodProxy.invokeSuper(MethodProxy.java:258)
	at org.springframework.context.annotation.ConfigurationClassEnhancer$BeanMethodInterceptor.intercept(ConfigurationClassEnhancer.java:400)
	at org.legendstack.basebot.proposition.PropositionConfiguration$$SpringCGLIB$$0.dataDictionary(<generated>)
	at java.base/java.lang.reflect.Method.invoke(Method.java:565)
	at org.springframework.beans.factory.support.SimpleInstantiationStrategy.lambda$instantiate$0(SimpleInstantiationStrategy.java:172)
	... 107 more

[INFO] 
[INFO] Results:
[INFO] 
[ERROR] Errors: 
[ERROR]   ChatActionsIntegrationTest.testSendMessageSuccessfullyResponds ╗ IllegalState Failed to load ApplicationContext for [WebMergedContextConfiguration@3a7be6e6 testClass = org.legendstack.basebot.ChatActionsIntegrationTest, locations = [], classes = [org.legendstack.basebot.TestBotForgeApplication], contextInitializerClasses = [], activeProfiles = [], propertySourceDescriptors = [], propertySourceProperties = ["org.springframework.boot.test.context.SpringBootTestContextBootstrapper=true"], contextCustomizers = [org.springframework.boot.test.context.filter.ExcludeFilterContextCustomizer@6ee4d9ab, org.springframework.boot.test.json.DuplicateJsonObjectContextCustomizerFactory$DuplicateJsonObjectContextCustomizer@13d4992d, org.springframework.boot.test.mock.mockito.MockitoContextCustomizer@15209afd, org.springframework.boot.test.web.client.TestRestTemplateContextCustomizer@1bd39d3c, org.springframework.boot.test.web.reactive.server.WebTestClientContextCustomizer@455b6df1, org.springframework.boot.test.web.reactor.netty.DisableReactorResourceFactoryGlobalResourcesContextCustomizerFactory$DisableReactorResourceFactoryGlobalResourcesContextCustomizerCustomizer@20ca951f, org.springframework.boot.test.autoconfigure.OnFailureConditionReportContextCustomizerFactory$OnFailureConditionReportContextCustomizer@1838ccb8, org.springframework.boot.test.autoconfigure.actuate.observability.ObservabilityContextCustomizerFactory$DisableObservabilityContextCustomizer@1f, org.springframework.boot.test.autoconfigure.properties.PropertyMappingContextCustomizer@0, org.springframework.boot.test.autoconfigure.web.servlet.WebDriverContextCustomizer@1583741e, org.springframework.test.context.support.DynamicPropertiesContextCustomizer@0, org.springframework.boot.test.context.SpringBootTestAnnotation@9bd2f4d4], resourceBasePath = "src/main/webapp", contextLoader = org.springframework.boot.test.context.SpringBootContextLoader, parent = null]
[INFO] 
[ERROR] Tests run: 1, Failures: 0, Errors: 1, Skipped: 0
[INFO] 
[INFO] ------------------------------------------------------------------------
[INFO] BUILD FAILURE
[INFO] ------------------------------------------------------------------------
[INFO] Total time:  14.113 s
[INFO] Finished at: 2026-02-26T18:24:47-06:00
[INFO] ------------------------------------------------------------------------
[ERROR] Failed to execute goal org.apache.maven.plugins:maven-surefire-plugin:3.5.4:test (default-test) on project botforge: 
[ERROR] 
[ERROR] See G:\ws-spring-ai\urbot\target\surefire-reports for the individual test results.
[ERROR] See dump files (if any exist) [date].dump, [date]-jvmRun[N].dump and [date].dumpstream.
[ERROR] -> [Help 1]
[ERROR] 
[ERROR] To see the full stack trace of the errors, re-run Maven with the -e switch.
[ERROR] Re-run Maven using the -X switch to enable full debug logging.
[ERROR] 
[ERROR] For more information about the errors and possible solutions, please read the following articles:
[ERROR] [Help 1] http://cwiki.apache.org/confluence/display/MAVEN/MojoFailureException
